Archive member included to satisfy reference by file (symbol)

../lib-c/lib_gd32/libc.a(printf.o)
                              build_gd32/firmware/main.o (printf)
../lib-c/lib_gd32/libc.a(puts.o)
                              build_gd32/firmware/main.o (puts)
/Users/arjanvanvught/Library/xPacks/@xpack-dev-tools/arm-none-eabi-gcc/11.3.1-1.1.2/.content/bin/../lib/gcc/arm-none-eabi/11.3.1/thumb/v7e-m+fp/hard/libgcc.a(_arm_truncdfsf2.o)
                              ../lib-c/lib_gd32/libc.a(printf.o) (__aeabi_d2f)
/Users/arjanvanvught/Library/xPacks/@xpack-dev-tools/arm-none-eabi-gcc/11.3.1-1.1.2/.content/bin/../lib/gcc/arm-none-eabi/11.3.1/thumb/v7e-m+fp/hard/libgcc.a(_aeabi_uldivmod.o)
                              ../lib-c/lib_gd32/libc.a(printf.o) (__aeabi_uldivmod)
/Users/arjanvanvught/Library/xPacks/@xpack-dev-tools/arm-none-eabi-gcc/11.3.1-1.1.2/.content/bin/../lib/gcc/arm-none-eabi/11.3.1/thumb/v7e-m+fp/hard/libgcc.a(_udivmoddi4.o)
                              /Users/arjanvanvught/Library/xPacks/@xpack-dev-tools/arm-none-eabi-gcc/11.3.1-1.1.2/.content/bin/../lib/gcc/arm-none-eabi/11.3.1/thumb/v7e-m+fp/hard/libgcc.a(_aeabi_uldivmod.o) (__udivmoddi4)
/Users/arjanvanvught/Library/xPacks/@xpack-dev-tools/arm-none-eabi-gcc/11.3.1-1.1.2/.content/bin/../lib/gcc/arm-none-eabi/11.3.1/thumb/v7e-m+fp/hard/libgcc.a(_dvmd_tls.o)
                              /Users/arjanvanvught/Library/xPacks/@xpack-dev-tools/arm-none-eabi-gcc/11.3.1-1.1.2/.content/bin/../lib/gcc/arm-none-eabi/11.3.1/thumb/v7e-m+fp/hard/libgcc.a(_aeabi_uldivmod.o) (__aeabi_ldiv0)
../lib-remoteconfig/lib_gd32/libremoteconfig.a(remoteconfig.o)
                              build_gd32/firmware/main.o (RemoteConfig::RemoteConfig(remoteconfig::Node, remoteconfig::Output, unsigned int))
../lib-remoteconfig/lib_gd32/libremoteconfig.a(remoteconfigfactory.o)
                              ../lib-remoteconfig/lib_gd32/libremoteconfig.a(remoteconfig.o) (RemoteConfig::HandleFactory())
../lib-remoteconfig/lib_gd32/libremoteconfig.a(remoteconfigparams.o)
                              build_gd32/firmware/main.o (RemoteConfigParams::RemoteConfigParams(RemoteConfigParamsStore*))
../lib-remoteconfig/lib_gd32/libremoteconfig.a(remoteconfigparamsdump.o)
                              build_gd32/firmware/main.o (RemoteConfigParams::Dump())
../lib-remoteconfig/lib_gd32/libremoteconfig.a(remoteconfigreboot.o)
                              ../lib-remoteconfig/lib_gd32/libremoteconfig.a(remoteconfig.o) (RemoteConfig::HandleReboot())
../lib-remoteconfig/lib_gd32/libremoteconfig.a(remoteconfigstatic.o)
                              ../lib-remoteconfig/lib_gd32/libremoteconfig.a(remoteconfig.o) (RemoteConfig::GetIndex(void const*, unsigned int&))
../lib-remoteconfig/lib_gd32/libremoteconfig.a(remoteconfig.o)
                              ../lib-remoteconfig/lib_gd32/libremoteconfig.a(remoteconfig.o) (RemoteConfig::PlatformHandleTftpSet())
../lib-remoteconfig/lib_gd32/libremoteconfig.a(httd.o)
                              build_gd32/firmware/main.o (HttpDaemon::HttpDaemon())
../lib-remoteconfig/lib_gd32/libremoteconfig.a(remoteconfigconst.o)
                              ../lib-remoteconfig/lib_gd32/libremoteconfig.a(remoteconfigparams.o) (RemoteConfigConst::PARAMS_DISPLAY_NAME)
../lib-remoteconfig/lib_gd32/libremoteconfig.a(remoteconfigjson.o)
                              ../lib-remoteconfig/lib_gd32/libremoteconfig.a(httd.o) (remoteconfig::json_get_list(char*, unsigned short))
../lib-remoteconfig/lib_gd32/libremoteconfig.a(get_file_content.o)
                              ../lib-remoteconfig/lib_gd32/libremoteconfig.a(httd.o) (get_file_content(char const*, char*))
../lib-e131/lib_gd32/libe131.a(e131bridge.o)
                              build_gd32/firmware/main.o (E131Bridge::E131Bridge())
../lib-e131/lib_gd32/libe131.a(e131bridgehandlesynchronization.o)
                              ../lib-e131/lib_gd32/libe131.a(e131bridge.o) (E131Bridge::HandleSynchronization())
../lib-e131/lib_gd32/libe131.a(e131bridgeprint.o)
                              build_gd32/firmware/main.o (E131Bridge::Print())
../lib-e131/lib_gd32/libe131.a(e131msgconst.o)
                              build_gd32/firmware/main.o (E131MsgConst::STARTED)
../lib-e131/lib_gd32/libe131.a(e131params.o)
                              build_gd32/firmware/main.o (E131Params::E131Params(E131ParamsStore*))
../lib-e131/lib_gd32/libe131.a(e131paramsconst.o)
                              ../lib-e131/lib_gd32/libe131.a(e131params.o) (E131ParamsConst::FILE_NAME)
../lib-e131/lib_gd32/libe131.a(e131paramsdump.o)
                              build_gd32/firmware/main.o (E131Params::Dump())
../lib-e131/lib_gd32/libe131.a(e117const.o)
                              ../lib-e131/lib_gd32/libe131.a(e131bridge.o) (E117Const::ACN_PACKET_IDENTIFIER)
../lib-e131/lib_gd32/libe131.a(e131bridgeconst.o)
                              ../lib-e131/lib_gd32/libe131.a(e131bridgeprint.o) (E131BridgeConst::VERSION)
[...]
Memory Configuration

Name             Origin             Length             Attributes
FLASH            0x0000000008008000 0x0000000000038000 xr
TCMSRAM          0x0000000010000000 0x0000000000010000 rw
RAM              0x0000000020000000 0x0000000000030000 xrw
RAMADD           0x0000000020030000 0x0000000000040000 xrw
BKPSRAM          0x0000000040024000 0x0000000000001000 rw
*default*        0x0000000000000000 0xffffffffffffffff

Linker script and memory map

LOAD build_gd32/startup_gd32f450.o
LOAD build_gd32/firmware/main.o
LOAD build_gd32/lib/factorydefaults.o
LOAD build_gd32/lib/rdmsoftwareversion.o
                0x0000000000002000                __heap_size = DEFINED (__heap_size)?__heap_size:0x2000
                0x0000000000004000                __stack_size = DEFINED (__stack_size)?__stack_size:0x4000

.vectors        0x0000000008008000      0x1ac
                0x0000000008008000                . = ALIGN (0x4)
 *(.vectors)
 .vectors       0x0000000008008000      0x1ac build_gd32/startup_gd32f450.o
                0x0000000008008000                __gVectors
                0x00000000080081ac                . = ALIGN (0x4)
                0x00000000080081ac                __Vectors_End = .
                0x00000000080081ac                __Vectors_Size = (__Vectors_End - __gVectors)

.text           0x00000000080081ac     0xf394
                0x00000000080081ac                . = ALIGN (0x4)
 *(.text.unlikely*)
 .text.unlikely._Z9igmp_initv
                0x00000000080081ac       0x90 ../lib-network/lib_gd32/libnetwork.a(igmp.o)
                0x00000000080081ac                igmp_init()
 .text.unlikely._Z13igmp_shutdownv
                0x000000000800823c       0x28 ../lib-network/lib_gd32/libnetwork.a(igmp.o)
                0x000000000800823c                igmp_shutdown()
 .text.unlikely._Z8net_initPKhP7ip_infoPKcPbS5_
                0x0000000008008264       0x88 ../lib-network/lib_gd32/libnetwork.a(net.o)
                0x0000000008008264                net_init(unsigned char const*, ip_info*, char const*, bool*, bool*)
 .text.unlikely._Z12net_shutdownv
                0x00000000080082ec       0x1c ../lib-network/lib_gd32/libnetwork.a(net.o)
                0x00000000080082ec                net_shutdown()
 .text.unlikely._Z8tcp_initv
                0x0000000008008308       0x44 ../lib-network/lib_gd32/libnetwork.a(tcp.o)
                0x0000000008008308                tcp_init()
 .text.unlikely._Z8udp_initv
                0x000000000800834c       0x30 ../lib-network/lib_gd32/libnetwork.a(udp.o)
                0x000000000800834c                udp_init()
 .text.unlikely._Z12udp_shutdownv
                0x000000000800837c        0x2 ../lib-network/lib_gd32/libnetwork.a(udp.o)
                0x000000000800837c                udp_shutdown()
 *fill*         0x000000000800837e        0x2 
 .text.unlikely._Z8arp_initv
                0x0000000008008380       0xf8 ../lib-network/lib_gd32/libnetwork.a(arp.o)
                0x0000000008008380                arp_init()
 .text.unlikely._Z14arp_cache_initv
                0x0000000008008478       0x2c ../lib-network/lib_gd32/libnetwork.a(arp_cache.o)
                0x0000000008008478                arp_cache_init()
 .text.unlikely._Z7ip_initv
                0x00000000080084a4        0xe ../lib-network/lib_gd32/libnetwork.a(ip.o)
                0x00000000080084a4                ip_init()
 .text.unlikely._Z11ip_shutdownv
                0x00000000080084b2        0xe ../lib-network/lib_gd32/libnetwork.a(ip.o)
                0x00000000080084b2                ip_shutdown()
 .text.unlikely.console_init
                0x00000000080084c0       0x20 ../lib-hal/lib_gd32/libhal.a(console_uart0.o)
                0x00000000080084c0                console_init
 *(.text.hot*)
 .text.hot._Z11igmp_handleP6t_igmp
                0x00000000080084e0       0x94 ../lib-network/lib_gd32/libnetwork.a(igmp.o)
                0x00000000080084e0                igmp_handle(t_igmp*)
 .text.hot._Z10net_handlev
                0x0000000008008574       0x38 ../lib-network/lib_gd32/libnetwork.a(net.o)
                0x0000000008008574                net_handle()
 .text.hot._Z7tcp_runv
                0x00000000080085ac       0x44 ../lib-network/lib_gd32/libnetwork.a(tcp.o)
                0x00000000080085ac                tcp_run()
 .text.hot._Z10tcp_handleP5t_tcp
                0x00000000080085f0      0x4c4 ../lib-network/lib_gd32/libnetwork.a(tcp.o)
                0x00000000080085f0                tcp_handle(t_tcp*)
 .text.hot._Z10udp_handleP5t_udp
                0x0000000008008ab4       0x84 ../lib-network/lib_gd32/libnetwork.a(udp.o)
                0x0000000008008ab4                udp_handle(t_udp*)
 .text.hot._Z10arp_handleP5t_arp
                0x0000000008008b38       0x18 ../lib-network/lib_gd32/libnetwork.a(arp.o)
                0x0000000008008b38                arp_handle(t_arp*)
 .text.hot._Z9ip_handleP5t_ip4
                0x0000000008008b50       0x42 ../lib-network/lib_gd32/libnetwork.a(ip.o)
                0x0000000008008b50                ip_handle(t_ip4*)
 *fill*         0x0000000008008b92        0x2 
 .text.hot._Z11icmp_handleP6t_icmp
                0x0000000008008b94       0x78 ../lib-network/lib_gd32/libnetwork.a(icmp.o)
                0x0000000008008b94                icmp_handle(t_icmp*)
 *(.text)
 .text          0x0000000008008c0c       0x58 build_gd32/startup_gd32f450.o
                0x0000000008008c20                Reset_Handler
 .text          0x0000000008008c64       0xa0 /Users/arjanvanvught/Library/xPacks/@xpack-dev-tools/arm-none-eabi-gcc/11.3.1-1.1.2/.content/bin/../lib/gcc/arm-none-eabi/11.3.1/thumb/v7e-m+fp/hard/libgcc.a(_arm_truncdfsf2.o)
                0x0000000008008c64                __aeabi_d2f
                0x0000000008008c64                __truncdfsf2
 .text          0x0000000008008d04       0x30 /Users/arjanvanvught/Library/xPacks/@xpack-dev-tools/arm-none-eabi-gcc/11.3.1-1.1.2/.content/bin/../lib/gcc/arm-none-eabi/11.3.1/thumb/v7e-m+fp/hard/libgcc.a(_aeabi_uldivmod.o)
                0x0000000008008d04                __aeabi_uldivmod
 .text          0x0000000008008d34        0x4 /Users/arjanvanvught/Library/xPacks/@xpack-dev-tools/arm-none-eabi-gcc/11.3.1-1.1.2/.content/bin/../lib/gcc/arm-none-eabi/11.3.1/thumb/v7e-m+fp/hard/libgcc.a(_dvmd_tls.o)
                0x0000000008008d34                __aeabi_ldiv0
                0x0000000008008d34                __aeabi_idiv0
 .text          0x0000000008008d38      0x378 /Users/arjanvanvught/Library/xPacks/@xpack-dev-tools/arm-none-eabi-gcc/11.3.1-1.1.2/.content/bin/../lib/gcc/arm-none-eabi/11.3.1/thumb/v7e-m+fp/hard/libgcc.a(_arm_addsubdf3.o)
                0x0000000008008d38                __aeabi_drsub
                0x0000000008008d40                __subdf3
                0x0000000008008d40                __aeabi_dsub
                0x0000000008008d44                __aeabi_dadd
                0x0000000008008d44                __adddf3
                0x0000000008008fbc                __aeabi_ui2d
                0x0000000008008fbc                __floatunsidf
                0x0000000008008fdc                __floatsidf
                0x0000000008008fdc                __aeabi_i2d
                0x0000000008009000                __extendsfdf2
                0x0000000008009000                __aeabi_f2d
                0x0000000008009044                __aeabi_ul2d
                0x0000000008009044                __floatundidf
                0x0000000008009054                __aeabi_l2d
                0x0000000008009054                __floatdidf
 *(.text*)
 .text.Default_Handler
                0x00000000080090b0        0x2 build_gd32/startup_gd32f450.o
                0x00000000080090b0                USBHS_EP1_Out_IRQHandler
                0x00000000080090b0                EXTI2_IRQHandler
                0x00000000080090b0                TIMER2_IRQHandler
                0x00000000080090b0                DebugMon_Handler
                0x00000000080090b0                LVD_IRQHandler
                0x00000000080090b0                SPI4_IRQHandler
                0x00000000080090b0                CAN1_EWMC_IRQHandler
                0x00000000080090b0                HardFault_Handler
                0x00000000080090b0                TIMER7_UP_TIMER12_IRQHandler
                0x00000000080090b0                SDIO_IRQHandler
                0x00000000080090b0                PendSV_Handler
                0x00000000080090b0                NMI_Handler
                0x00000000080090b0                EXTI3_IRQHandler
                0x00000000080090b0                DCI_IRQHandler
                0x00000000080090b0                USBFS_WKUP_IRQHandler
                0x00000000080090b0                USBHS_IRQHandler
                0x00000000080090b0                IPA_IRQHandler
                0x00000000080090b0                TIMER5_DAC_IRQHandler
                0x00000000080090b0                TIMER0_TRG_CMT_TIMER10_IRQHandler
                0x00000000080090b0                USBFS_IRQHandler
                0x00000000080090b0                DMA0_Channel6_IRQHandler
                0x00000000080090b0                I2C0_EV_IRQHandler
                0x00000000080090b0                EXTI0_IRQHandler
                0x00000000080090b0                I2C2_EV_IRQHandler
                0x00000000080090b0                CAN1_RX0_IRQHandler
                0x00000000080090b0                FPU_IRQHandler
                0x00000000080090b0                TIMER7_TRG_CMT_TIMER13_IRQHandler
                0x00000000080090b0                UsageFault_Handler
                0x00000000080090b0                TIMER4_IRQHandler
                0x00000000080090b0                SPI1_IRQHandler
                0x00000000080090b0                DMA0_Channel0_IRQHandler
                0x00000000080090b0                USART5_IRQHandler
                0x00000000080090b0                TIMER0_BRK_TIMER8_IRQHandler
                0x00000000080090b0                DMA1_Channel0_IRQHandler
                0x00000000080090b0                TIMER7_BRK_TIMER11_IRQHandler
                0x00000000080090b0                TIMER6_IRQHandler
                0x00000000080090b0                DMA1_Channel4_IRQHandler
                0x00000000080090b0                DMA0_Channel3_IRQHandler
                0x00000000080090b0                I2C0_ER_IRQHandler
                0x00000000080090b0                TLI_IRQHandler
                0x00000000080090b0                TIMER0_UP_TIMER9_IRQHandler
                0x00000000080090b0                DMA1_Channel7_IRQHandler
                0x00000000080090b0                CAN1_RX1_IRQHandler
                0x00000000080090b0                DMA0_Channel2_IRQHandler
                0x00000000080090b0                USART0_IRQHandler
                0x00000000080090b0                I2C1_EV_IRQHandler
                0x00000000080090b0                DMA1_Channel6_IRQHandler
                0x00000000080090b0                UART4_IRQHandler
                0x00000000080090b0                EXTI10_15_IRQHandler
                0x00000000080090b0                DMA1_Channel1_IRQHandler
                0x00000000080090b0                Default_Handler
                0x00000000080090b0                TIMER7_Channel_IRQHandler
                0x00000000080090b0                DMA0_Channel7_IRQHandler
                0x00000000080090b0                ADC_IRQHandler
                0x00000000080090b0                CAN0_TX_IRQHandler
                0x00000000080090b0                WWDGT_IRQHandler
                0x00000000080090b0                EXMC_IRQHandler
                0x00000000080090b0                SPI5_IRQHandler
                0x00000000080090b0                TAMPER_STAMP_IRQHandler
                0x00000000080090b0                RTC_WKUP_IRQHandler
                0x00000000080090b0                SPI2_IRQHandler
                0x00000000080090b0                MemManage_Handler
                0x00000000080090b0                CAN1_TX_IRQHandler
                0x00000000080090b0                SVC_Handler
                0x00000000080090b0                RCU_CTC_IRQHandler
                0x00000000080090b0                DMA1_Channel5_IRQHandler
                0x00000000080090b0                EXTI4_IRQHandler
                0x00000000080090b0                CAN0_RX1_IRQHandler
                0x00000000080090b0                DMA0_Channel5_IRQHandler
                0x00000000080090b0                DMA1_Channel3_IRQHandler
                0x00000000080090b0                EXTI5_9_IRQHandler
                0x00000000080090b0                DMA0_Channel1_IRQHandler
                0x00000000080090b0                TIMER0_Channel_IRQHandler
                0x00000000080090b0                EXTI1_IRQHandler
                0x00000000080090b0                ENET_WKUP_IRQHandler
                0x00000000080090b0                USBHS_EP1_In_IRQHandler
                0x00000000080090b0                SPI0_IRQHandler
                0x00000000080090b0                UART7_IRQHandler
                0x00000000080090b0                USART2_IRQHandler
                0x00000000080090b0                UART6_IRQHandler
                0x00000000080090b0                CAN0_EWMC_IRQHandler
                0x00000000080090b0                CAN0_RX0_IRQHandler
                0x00000000080090b0                I2C2_ER_IRQHandler
                0x00000000080090b0                DMA1_Channel2_IRQHandler
                0x00000000080090b0                TLI_ER_IRQHandler
                0x00000000080090b0                BusFault_Handler
                0x00000000080090b0                USART1_IRQHandler
                0x00000000080090b0                SPI3_IRQHandler
                0x00000000080090b0                UART3_IRQHandler
                0x00000000080090b0                I2C1_ER_IRQHandler
                0x00000000080090b0                FMC_IRQHandler
                0x00000000080090b0                USBHS_WKUP_IRQHandler
                0x00000000080090b0                DMA0_Channel4_IRQHandler
                0x00000000080090b0                TRNG_IRQHandler
                0x00000000080090b0                ENET_IRQHandler
                0x00000000080090b0                RTC_Alarm_IRQHandler
 .text.memcmp   0x00000000080090b2       0x20 build_gd32/firmware/main.o
 .text.memcpy   0x00000000080090d2       0x16 build_gd32/firmware/main.o
 .text._ZN8LightSet6FullOnEv
                0x00000000080090e8        0x2 build_gd32/firmware/main.o
                0x00000000080090e8                LightSet::FullOn()
 .text._ZN17PixelDmxStartStopD2Ev
                0x00000000080090ea        0x2 build_gd32/firmware/main.o
                0x00000000080090ea                PixelDmxStartStop::~PixelDmxStartStop()
                0x00000000080090ea                PixelDmxStartStop::~PixelDmxStartStop()
 .text._ZN17PixelDmxStartStop5StartEv
                0x00000000080090ec       0x10 build_gd32/firmware/main.o
                0x00000000080090ec                PixelDmxStartStop::Start()
 .text._ZN17PixelDmxStartStop4StopEv
                0x00000000080090fc       0x10 build_gd32/firmware/main.o
                0x00000000080090fc                PixelDmxStartStop::Stop()
 .text._ZN12dmxconfigudpL4atoiEPKcj
                0x000000000800910c       0x24 build_gd32/firmware/main.o
 .text._ZN15LightSet64with4D2Ev
                0x0000000008009130        0x2 build_gd32/firmware/main.o
                0x0000000008009130                LightSet64with4::~LightSet64with4()
                0x0000000008009130                LightSet64with4::~LightSet64with4()
 .text._ZN15LightSet64with45StartEj
                0x0000000008009132       0x22 build_gd32/firmware/main.o
                0x0000000008009132                LightSet64with4::Start(unsigned int)
 .text._ZN15LightSet64with44StopEj
                0x0000000008009154       0x22 build_gd32/firmware/main.o
                0x0000000008009154                LightSet64with4::Stop(unsigned int)
 .text._ZN15LightSet64with47SetDataEjPKhj
                0x0000000008009176       0x34 build_gd32/firmware/main.o
                0x0000000008009176                LightSet64with4::SetData(unsigned int, unsigned char const*, unsigned int)
 .text._ZN15LightSet64with48BlackoutEb
                0x00000000080091aa       0x22 build_gd32/firmware/main.o
                0x00000000080091aa                LightSet64with4::Blackout(bool)
 .text._ZN15LightSet64with45PrintEv
                0x00000000080091cc       0x1e build_gd32/firmware/main.o
                0x00000000080091cc                LightSet64with4::Print()
 .text._ZN15LightSet64with418SetDmxStartAddressEt
                0x00000000080091ea        0x4 build_gd32/firmware/main.o
                0x00000000080091ea                LightSet64with4::SetDmxStartAddress(unsigned short)
 .text._ZN15LightSet64with418GetDmxStartAddressEv
                0x00000000080091ee        0x6 build_gd32/firmware/main.o
                0x00000000080091ee                LightSet64with4::GetDmxStartAddress()
 .text._ZN15LightSet64with415GetDmxFootprintEv
                0x00000000080091f4        0x4 build_gd32/firmware/main.o
                0x00000000080091f4                LightSet64with4::GetDmxFootprint()
 .text._ZN15LightSet64with411GetSlotInfoEtRN8lightset8SlotInfoE
                0x00000000080091f8        0x4 build_gd32/firmware/main.o
                0x00000000080091f8                LightSet64with4::GetSlotInfo(unsigned short, lightset::SlotInfo&)
 .text._ZN10LLRPDevice7CopyUIDEPh
                0x00000000080091fc        0x2 build_gd32/firmware/main.o
                0x00000000080091fc                LLRPDevice::CopyUID(unsigned char*)
 .text._ZN10LLRPDevice7CopyCIDEPh
                0x00000000080091fe        0x2 build_gd32/firmware/main.o
                0x00000000080091fe                LLRPDevice::CopyCID(unsigned char*)
 .text._ZN10LLRPDevice20LLRPHandleRdmCommandEPKh
                0x0000000008009200        0x4 build_gd32/firmware/main.o
                0x0000000008009200                LLRPDevice::LLRPHandleRdmCommand(unsigned char const*)
 .text._ZN12RDMNetDevice7CopyUIDEPh
                0x0000000008009204       0x12 build_gd32/firmware/main.o
                0x0000000008009204                RDMNetDevice::CopyUID(unsigned char*)
                0x0000000008009210                non-virtual thunk to RDMNetDevice::CopyUID(unsigned char*)
 *fill*         0x0000000008009216        0x2 
 .text._ZN12RDMNetDevice7CopyCIDEPh
                0x0000000008009218       0x18 build_gd32/firmware/main.o
                0x0000000008009218                RDMNetDevice::CopyCID(unsigned char*)
                0x0000000008009228                non-virtual thunk to RDMNetDevice::CopyCID(unsigned char*)
 .text._ZN15LightSet64with4D0Ev
                0x0000000008009230        0xc build_gd32/firmware/main.o
                0x0000000008009230                LightSet64with4::~LightSet64with4()
 .text._ZN17PixelDmxStartStopD0Ev
                0x000000000800923c        0xc build_gd32/firmware/main.o
                0x000000000800923c                PixelDmxStartStop::~PixelDmxStartStop()
 .text._ZN12RDMNetDevice20LLRPHandleRdmCommandEPKh
                0x0000000008009248       0x1c build_gd32/firmware/main.o
                0x0000000008009248                RDMNetDevice::LLRPHandleRdmCommand(unsigned char const*)
                0x000000000800925c                non-virtual thunk to RDMNetDevice::LLRPHandleRdmCommand(unsigned char const*)
 .text._ZN10LLRPDeviceD2Ev
                0x0000000008009264       0x24 build_gd32/firmware/main.o
                0x0000000008009264                LLRPDevice::~LLRPDevice()
                0x0000000008009264                LLRPDevice::~LLRPDevice()
 .text._ZN10LLRPDeviceD0Ev
                0x0000000008009288       0x12 build_gd32/firmware/main.o
                0x0000000008009288                LLRPDevice::~LLRPDevice()
 .text._ZN7Display12SetCursorPosEjj.isra.0
                0x000000000800929a        0xa build_gd32/firmware/main.o
 .text._ZN7Display7PutCharEi.isra.0
                0x00000000080092a4        0xa build_gd32/firmware/main.o
 *fill*         0x00000000080092ae        0x2 
 .text._ZN12RDMNetDeviceD2Ev
                0x00000000080092b0       0x3c build_gd32/firmware/main.o
                0x00000000080092b0                RDMNetDevice::~RDMNetDevice()
                0x00000000080092b0                RDMNetDevice::~RDMNetDevice()
                0x00000000080092e4                non-virtual thunk to RDMNetDevice::~RDMNetDevice()
 .text._ZN12RDMNetDeviceD0Ev
                0x00000000080092ec       0x18 build_gd32/firmware/main.o
                0x00000000080092ec                RDMNetDevice::~RDMNetDevice()
                0x00000000080092fe                non-virtual thunk to RDMNetDevice::~RDMNetDevice()
 .text._ZN7Display6PrintfEjPKcz
                0x0000000008009304       0x38 build_gd32/firmware/main.o
                0x0000000008009304                Display::Printf(unsigned int, char const*, ...)
 .text._ZN7Display10TextStatusEPKc
                0x000000000800933c       0x66 build_gd32/firmware/main.o
                0x000000000800933c                Display::TextStatus(char const*)
 .text._ZN7Display10TextStatusEPKc22Display7SegmentMessagej
                0x00000000080093a2       0x50 build_gd32/firmware/main.o
                0x00000000080093a2                Display::TextStatus(char const*, Display7SegmentMessage, unsigned int)
 *fill*         0x00000000080093f2        0x2 
 .text._ZN7Display8SetSleepEb
                0x00000000080093f4       0x20 build_gd32/firmware/main.o
                0x00000000080093f4                Display::SetSleep(bool)
 .text._ZN8hardware8ledblink7displayEj
                0x0000000008009414       0x40 build_gd32/firmware/main.o
                0x0000000008009414                hardware::ledblink::display(unsigned int)
 .text._ZN7display7timeout9gpio_initEv
                0x0000000008009454       0x20 build_gd32/firmware/main.o
                0x0000000008009454                display::timeout::gpio_init()
 .text._ZN7display7timeout10gpio_renewEv
                0x0000000008009474       0x14 build_gd32/firmware/main.o
                0x0000000008009474                display::timeout::gpio_renew()
 .text._ZN17PixelDmxStartStopC2Ev
                0x0000000008009488       0x40 build_gd32/firmware/main.o
                0x0000000008009488                PixelDmxStartStop::PixelDmxStartStop()
                0x0000000008009488                PixelDmxStartStop::PixelDmxStartStop()
 .text._ZN8Hardware13RebootHandlerEv
                0x00000000080094c8       0x20 build_gd32/firmware/main.o
                0x00000000080094c8                Hardware::RebootHandler()
 .text.startup.main
                0x00000000080094e8      0x890 build_gd32/firmware/main.o
                0x00000000080094e8                main
 .text._ZN12StoreNetwork8SaveDhcpEb
                0x0000000008009d78       0x30 build_gd32/lib/factorydefaults.o
                0x0000000008009d78                StoreNetwork::SaveDhcp(bool)
                0x0000000008009da0                non-virtual thunk to StoreNetwork::SaveDhcp(bool)
 .text._ZN3rdm6device9responder15factorydefaultsEv
                0x0000000008009da8       0x30 build_gd32/lib/factorydefaults.o
                0x0000000008009da8                rdm::device::responder::factorydefaults()
 .text._ZN18RDMSoftwareVersion10GetVersionEv
                0x0000000008009dd8        0x8 build_gd32/lib/rdmsoftwareversion.o
                0x0000000008009dd8                RDMSoftwareVersion::GetVersion()
 .text._ZN18RDMSoftwareVersion16GetVersionLengthEv
                0x0000000008009de0        0x4 build_gd32/lib/rdmsoftwareversion.o
                0x0000000008009de0                RDMSoftwareVersion::GetVersionLength()
 .text._ZN18RDMSoftwareVersion12GetVersionIdEv
                0x0000000008009de4        0x8 build_gd32/lib/rdmsoftwareversion.o
                0x0000000008009de4                RDMSoftwareVersion::GetVersionId()
 .text._itostr  0x0000000008009dec       0x74 ../lib-c/lib_gd32/libc.a(printf.o)
 .text._xputch  0x0000000008009e60       0x30 ../lib-c/lib_gd32/libc.a(printf.o)
 .text._format_int
                0x0000000008009e90       0xd4 ../lib-c/lib_gd32/libc.a(printf.o)
 .text._format_hex
                0x0000000008009f64       0xba ../lib-c/lib_gd32/libc.a(printf.o)
 *fill*         0x000000000800a01e        0x2 
 .text._vprintf
                0x000000000800a020      0x3b8 ../lib-c/lib_gd32/libc.a(printf.o)
 .text.printf   0x000000000800a3d8       0x1e ../lib-c/lib_gd32/libc.a(printf.o)
                0x000000000800a3d8                printf
 *fill*         0x000000000800a3f6        0x2 
 .text.sprintf  0x000000000800a3f8       0x30 ../lib-c/lib_gd32/libc.a(printf.o)
                0x000000000800a3f8                sprintf
 .text.snprintf
                0x000000000800a428       0x30 ../lib-c/lib_gd32/libc.a(printf.o)
                0x000000000800a428                snprintf
 .text.vsnprintf
                0x000000000800a458       0x20 ../lib-c/lib_gd32/libc.a(printf.o)
                0x000000000800a458                vsnprintf
 .text.puts     0x000000000800a478       0x10 ../lib-c/lib_gd32/libc.a(puts.o)
                0x000000000800a478                puts
 .text.__udivmoddi4
                0x000000000800a488      0x2c8 /Users/arjanvanvught/Library/xPacks/@xpack-dev-tools/arm-none-eabi-gcc/11.3.1-1.1.2/.content/bin/../lib/gcc/arm-none-eabi/11.3.1/thumb/v7e-m+fp/hard/libgcc.a(_udivmoddi4.o)
                0x000000000800a488                __udivmoddi4
 .text._ZN12RemoteConfig10HandleListEv
                0x000000000800a750       0xd0 ../lib-remoteconfig/lib_gd32/libremoteconfig.a(remoteconfig.o)
                0x000000000800a750                RemoteConfig::HandleList()
 .text._ZN12RemoteConfig16HandleDisplayGetEv
                0x000000000800a820       0x54 ../lib-remoteconfig/lib_gd32/libremoteconfig.a(remoteconfig.o)
                0x000000000800a820                RemoteConfig::HandleDisplayGet()
 .text._ZN12RemoteConfig13HandleTftpGetEv
                0x000000000800a874       0x50 ../lib-remoteconfig/lib_gd32/libremoteconfig.a(remoteconfig.o)
                0x000000000800a874                RemoteConfig::HandleTftpGet()
 .text._ZN12RemoteConfig13HandleVersionEv
                0x000000000800a8c4       0x40 ../lib-remoteconfig/lib_gd32/libremoteconfig.a(remoteconfig.o)
                0x000000000800a8c4                RemoteConfig::HandleVersion()
 .text._ZN12RemoteConfig12HandleUptimeEv
                0x000000000800a904       0x4c ../lib-remoteconfig/lib_gd32/libremoteconfig.a(remoteconfig.o)
                0x000000000800a904                RemoteConfig::HandleUptime()
 .text._ZN7Display6StatusE22Display7SegmentMessage
                0x000000000800a950       0x36 ../lib-remoteconfig/lib_gd32/libremoteconfig.a(remoteconfig.o)
                0x000000000800a950                Display::Status(Display7SegmentMessage)
 *fill*         0x000000000800a986        0x2 
 .text._ZN12RemoteConfig16HandleDisplaySetEv
                0x000000000800a988       0x28 ../lib-remoteconfig/lib_gd32/libremoteconfig.a(remoteconfig.o)
                0x000000000800a988                RemoteConfig::HandleDisplaySet()
 .text._ZN12RemoteConfig13HandleTftpSetEv
                0x000000000800a9b0       0x68 ../lib-remoteconfig/lib_gd32/libremoteconfig.a(remoteconfig.o)
                0x000000000800a9b0                RemoteConfig::HandleTftpSet()
 .text._ZN12RemoteConfigC2EN12remoteconfig4NodeENS0_6OutputEj
                0x000000000800aa18       0x60 ../lib-remoteconfig/lib_gd32/libremoteconfig.a(remoteconfig.o)
                0x000000000800aa18                RemoteConfig::RemoteConfig(remoteconfig::Node, remoteconfig::Output, unsigned int)
                0x000000000800aa18                RemoteConfig::RemoteConfig(remoteconfig::Node, remoteconfig::Output, unsigned int)
 .text._ZNK12RemoteConfig13GetStringNodeEv
                0x000000000800aa78       0x18 ../lib-remoteconfig/lib_gd32/libremoteconfig.a(remoteconfig.o)
                0x000000000800aa78                RemoteConfig::GetStringNode() const
 .text._ZNK12RemoteConfig15GetStringOutputEv
                0x000000000800aa90       0x18 ../lib-remoteconfig/lib_gd32/libremoteconfig.a(remoteconfig.o)
                0x000000000800aa90                RemoteConfig::GetStringOutput() const
 .text._ZN12RemoteConfig10SetDisableEb
                0x000000000800aaa8       0x32 ../lib-remoteconfig/lib_gd32/libremoteconfig.a(remoteconfig.o)
                0x000000000800aaa8                RemoteConfig::SetDisable(bool)
 *fill*         0x000000000800aada        0x2 
 .text._ZN12RemoteConfig14SetDisplayNameEPKc
                0x000000000800aadc       0x30 ../lib-remoteconfig/lib_gd32/libremoteconfig.a(remoteconfig.o)
                0x000000000800aadc                RemoteConfig::SetDisplayName(char const*)
 .text._ZN12RemoteConfig9HandleGetEPvj
                0x000000000800ab0c       0xb8 ../lib-remoteconfig/lib_gd32/libremoteconfig.a(remoteconfig.o)
                0x000000000800ab0c                RemoteConfig::HandleGet(void*, unsigned int)
 .text._ZN12RemoteConfig17HandleGetNoParamsEv
                0x000000000800abc4        0x8 ../lib-remoteconfig/lib_gd32/libremoteconfig.a(remoteconfig.o)
                0x000000000800abc4                RemoteConfig::HandleGetNoParams()
 .text._ZN12RemoteConfig19HandleGetRconfigTxtERj
                0x000000000800abcc       0x30 ../lib-remoteconfig/lib_gd32/libremoteconfig.a(remoteconfig.o)
                0x000000000800abcc                RemoteConfig::HandleGetRconfigTxt(unsigned int&)
 .text._ZN12RemoteConfig19HandleGetNetworkTxtERj
                0x000000000800abfc       0x30 ../lib-remoteconfig/lib_gd32/libremoteconfig.a(remoteconfig.o)
                0x000000000800abfc                RemoteConfig::HandleGetNetworkTxt(unsigned int&)
 .text._ZN12RemoteConfig16HandleGetE131TxtERj
                0x000000000800ac2c       0x30 ../lib-remoteconfig/lib_gd32/libremoteconfig.a(remoteconfig.o)
                0x000000000800ac2c                RemoteConfig::HandleGetE131Txt(unsigned int&)
 .text._ZN12RemoteConfig18HandleGetParamsTxtERj
                0x000000000800ac5c       0x2c ../lib-remoteconfig/lib_gd32/libremoteconfig.a(remoteconfig.o)
                0x000000000800ac5c                RemoteConfig::HandleGetParamsTxt(unsigned int&)
 .text._ZN12RemoteConfig19HandleGetDevicesTxtERj
                0x000000000800ac88       0x30 ../lib-remoteconfig/lib_gd32/libremoteconfig.a(remoteconfig.o)
                0x000000000800ac88                RemoteConfig::HandleGetDevicesTxt(unsigned int&)
 .text._ZN12RemoteConfig19HandleGetDisplayTxtERj
                0x000000000800acb8       0x30 ../lib-remoteconfig/lib_gd32/libremoteconfig.a(remoteconfig.o)
                0x000000000800acb8                RemoteConfig::HandleGetDisplayTxt(unsigned int&)
 .text._ZN12RemoteConfig9HandleSetEPvj
                0x000000000800ace8       0x84 ../lib-remoteconfig/lib_gd32/libremoteconfig.a(remoteconfig.o)
                0x000000000800ace8                RemoteConfig::HandleSet(void*, unsigned int)
 .text._ZN12RemoteConfig3RunEv
                0x000000000800ad6c      0x13c ../lib-remoteconfig/lib_gd32/libremoteconfig.a(remoteconfig.o)
                0x000000000800ad6c                RemoteConfig::Run()
 .text._ZN12RemoteConfig16HandleSetRconfigEv
                0x000000000800aea8       0x30 ../lib-remoteconfig/lib_gd32/libremoteconfig.a(remoteconfig.o)
                0x000000000800aea8                RemoteConfig::HandleSetRconfig()
 .text._ZN12RemoteConfig19HandleSetNetworkTxtEv
                0x000000000800aed8       0x28 ../lib-remoteconfig/lib_gd32/libremoteconfig.a(remoteconfig.o)
                0x000000000800aed8                RemoteConfig::HandleSetNetworkTxt()
 .text._ZN12RemoteConfig16HandleSetE131TxtEv
                0x000000000800af00       0x28 ../lib-remoteconfig/lib_gd32/libremoteconfig.a(remoteconfig.o)
                0x000000000800af00                RemoteConfig::HandleSetE131Txt()
 .text._ZN12RemoteConfig18HandleSetParamsTxtEv
                0x000000000800af28       0x28 ../lib-remoteconfig/lib_gd32/libremoteconfig.a(remoteconfig.o)
                0x000000000800af28                RemoteConfig::HandleSetParamsTxt()
 .text._ZN12RemoteConfig19HandleSetDevicesTxtEv
                0x000000000800af50       0x28 ../lib-remoteconfig/lib_gd32/libremoteconfig.a(remoteconfig.o)
                0x000000000800af50                RemoteConfig::HandleSetDevicesTxt()
 .text._ZN12RemoteConfig19HandleSetDisplayTxtEv
                0x000000000800af78       0x28 ../lib-remoteconfig/lib_gd32/libremoteconfig.a(remoteconfig.o)
                0x000000000800af78                RemoteConfig::HandleSetDisplayTxt()
 .text._ZN12RemoteConfig13HandleFactoryEv
                0x000000000800afa0       0x1c ../lib-remoteconfig/lib_gd32/libremoteconfig.a(remoteconfigfactory.o)
                0x000000000800afa0                RemoteConfig::HandleFactory()
 .text._ZN17PropertiesBuilder3AddEPKcb.isra.0
                0x000000000800afbc       0x50 ../lib-remoteconfig/lib_gd32/libremoteconfig.a(remoteconfigparams.o)
 .text._ZN18RemoteConfigParamsC2EP23RemoteConfigParamsStore
                0x000000000800b00c       0x14 ../lib-remoteconfig/lib_gd32/libremoteconfig.a(remoteconfigparams.o)
                0x000000000800b00c                RemoteConfigParams::RemoteConfigParams(RemoteConfigParamsStore*)
                0x000000000800b00c                RemoteConfigParams::RemoteConfigParams(RemoteConfigParamsStore*)
 .text._ZN18RemoteConfigParams4LoadEv
                0x000000000800b020       0x18 ../lib-remoteconfig/lib_gd32/libremoteconfig.a(remoteconfigparams.o)
                0x000000000800b020                RemoteConfigParams::Load()
 .text._ZN18RemoteConfigParams4LoadEPKcj
                0x000000000800b038       0x3c ../lib-remoteconfig/lib_gd32/libremoteconfig.a(remoteconfigparams.o)
                0x000000000800b038                RemoteConfigParams::Load(char const*, unsigned int)
 .text._ZN18RemoteConfigParams7SetBoolEhj
                0x000000000800b074       0x10 ../lib-remoteconfig/lib_gd32/libremoteconfig.a(remoteconfigparams.o)
                0x000000000800b074                RemoteConfigParams::SetBool(unsigned char, unsigned int)
 .text._ZN18RemoteConfigParams16callbackFunctionEPKc
                0x000000000800b084       0xac ../lib-remoteconfig/lib_gd32/libremoteconfig.a(remoteconfigparams.o)
                0x000000000800b084                RemoteConfigParams::callbackFunction(char const*)
 .text._ZN18RemoteConfigParams22staticCallbackFunctionEPvPKc
                0x000000000800b130        0x4 ../lib-remoteconfig/lib_gd32/libremoteconfig.a(remoteconfigparams.o)
                0x000000000800b130                RemoteConfigParams::staticCallbackFunction(void*, char const*)
 .text._ZN18RemoteConfigParams7BuilderEPK19TRemoteConfigParamsPcjRj
                0x000000000800b134      0x120 ../lib-remoteconfig/lib_gd32/libremoteconfig.a(remoteconfigparams.o)
                0x000000000800b134                RemoteConfigParams::Builder(TRemoteConfigParams const*, char*, unsigned int, unsigned int&)
 .text._ZN18RemoteConfigParams4SaveEPcjRj
                0x000000000800b254       0x1a ../lib-remoteconfig/lib_gd32/libremoteconfig.a(remoteconfigparams.o)
                0x000000000800b254                RemoteConfigParams::Save(char*, unsigned int, unsigned int&)
 .text._ZN18RemoteConfigParams3SetEP12RemoteConfig
                0x000000000800b26e       0x40 ../lib-remoteconfig/lib_gd32/libremoteconfig.a(remoteconfigparams.o)
                0x000000000800b26e                RemoteConfigParams::Set(RemoteConfig*)
 .text._ZN18RemoteConfigParams4DumpEv
                0x000000000800b2ae        0x2 ../lib-remoteconfig/lib_gd32/libremoteconfig.a(remoteconfigparamsdump.o)
                0x000000000800b2ae                RemoteConfigParams::Dump()
 .text._ZN12RemoteConfig12HandleRebootEv
                0x000000000800b2b0       0x94 ../lib-remoteconfig/lib_gd32/libremoteconfig.a(remoteconfigreboot.o)
                0x000000000800b2b0                RemoteConfig::HandleReboot()
 .text._ZN12RemoteConfig8GetIndexEPKvRj
                0x000000000800b344       0x54 ../lib-remoteconfig/lib_gd32/libremoteconfig.a(remoteconfigstatic.o)
                0x000000000800b344                RemoteConfig::GetIndex(void const*, unsigned int&)
 .text._ZN12RemoteConfig21PlatformHandleTftpSetEv
                0x000000000800b398       0x50 ../lib-remoteconfig/lib_gd32/libremoteconfig.a(remoteconfig.o)
                0x000000000800b398                RemoteConfig::PlatformHandleTftpSet()
 .text._ZN12RemoteConfig21PlatformHandleTftpGetEv
                0x000000000800b3e8       0x1a ../lib-remoteconfig/lib_gd32/libremoteconfig.a(remoteconfig.o)
                0x000000000800b3e8                RemoteConfig::PlatformHandleTftpGet()
 .text.strcmp   0x000000000800b402       0x1a ../lib-remoteconfig/lib_gd32/libremoteconfig.a(httd.o)
 .text.strcasecmp
                0x000000000800b41c       0x34 ../lib-remoteconfig/lib_gd32/libremoteconfig.a(httd.o)
 .text._ZN16PropertiesConfig10EnableJSONEb
                0x000000000800b450       0x18 ../lib-remoteconfig/lib_gd32/libremoteconfig.a(httd.o)
                0x000000000800b450                PropertiesConfig::EnableJSON(bool)
 .text._ZN10HttpDaemonC2Ev
                0x000000000800b468       0x38 ../lib-remoteconfig/lib_gd32/libremoteconfig.a(httd.o)
                0x000000000800b468                HttpDaemon::HttpDaemon()
                0x000000000800b468                HttpDaemon::HttpDaemon()
 .text._ZN10HttpDaemon11ParseMethodEPc
                0x000000000800b4a0       0x8c ../lib-remoteconfig/lib_gd32/libremoteconfig.a(httd.o)
                0x000000000800b4a0                HttpDaemon::ParseMethod(char*)
 .text._ZN10HttpDaemon16ParseHeaderFieldEPc
                0x000000000800b52c       0x94 ../lib-remoteconfig/lib_gd32/libremoteconfig.a(httd.o)
                0x000000000800b52c                HttpDaemon::ParseHeaderField(char*)
 .text._ZN10HttpDaemon12ParseRequestEv
                0x000000000800b5c0       0x6e ../lib-remoteconfig/lib_gd32/libremoteconfig.a(httd.o)
                0x000000000800b5c0                HttpDaemon::ParseRequest()
 *fill*         0x000000000800b62e        0x2 
 .text._ZN10HttpDaemon12HandleGetTxtEv
                0x000000000800b630       0x88 ../lib-remoteconfig/lib_gd32/libremoteconfig.a(httd.o)
                0x000000000800b630                HttpDaemon::HandleGetTxt()
 .text._ZN10HttpDaemon9HandleGetEv
                0x000000000800b6b8      0x14c ../lib-remoteconfig/lib_gd32/libremoteconfig.a(httd.o)
                0x000000000800b6b8                HttpDaemon::HandleGet()
 .text._ZN10HttpDaemon10HandlePostEb
                0x000000000800b804      0x15c ../lib-remoteconfig/lib_gd32/libremoteconfig.a(httd.o)
                0x000000000800b804                HttpDaemon::HandlePost(bool)
 .text._ZN10HttpDaemon3RunEv
                0x000000000800b960      0x154 ../lib-remoteconfig/lib_gd32/libremoteconfig.a(httd.o)
                0x000000000800b960                HttpDaemon::Run()
 .text._ZN12remoteconfig13json_get_listEPct
                0x000000000800bab4       0x60 ../lib-remoteconfig/lib_gd32/libremoteconfig.a(remoteconfigjson.o)
                0x000000000800bab4                remoteconfig::json_get_list(char*, unsigned short)
 .text._ZN12remoteconfig16json_get_versionEPct
                0x000000000800bb14       0x38 ../lib-remoteconfig/lib_gd32/libremoteconfig.a(remoteconfigjson.o)
                0x000000000800bb14                remoteconfig::json_get_version(char*, unsigned short)
 .text._ZN12remoteconfig15json_get_uptimeEPct
                0x000000000800bb4c       0x20 ../lib-remoteconfig/lib_gd32/libremoteconfig.a(remoteconfigjson.o)
                0x000000000800bb4c                remoteconfig::json_get_uptime(char*, unsigned short)
 .text._ZN12remoteconfig16json_get_displayEPct
                0x000000000800bb6c       0x20 ../lib-remoteconfig/lib_gd32/libremoteconfig.a(remoteconfigjson.o)
                0x000000000800bb6c                remoteconfig::json_get_display(char*, unsigned short)
 .text._ZN12remoteconfig18json_get_directoryEPct
                0x000000000800bb8c       0x10 ../lib-remoteconfig/lib_gd32/libremoteconfig.a(remoteconfigjson.o)
                0x000000000800bb8c                remoteconfig::json_get_directory(char*, unsigned short)
 .text._Z16get_file_contentPKcPc
                0x000000000800bb9c       0x4c ../lib-remoteconfig/lib_gd32/libremoteconfig.a(get_file_content.o)
                0x000000000800bb9c                get_file_content(char const*, char*)
 .text._ZN8lightset4Data13IMergeSourceAEjPKhjNS_9MergeModeE.part.0
                0x000000000800bbe8       0x28 ../lib-e131/lib_gd32/libe131.a(e131bridge.o)
 .text.memset.constprop.0.isra.0
                0x000000000800bc10       0x10 ../lib-e131/lib_gd32/libe131.a(e131bridge.o)
 .text.memcpy.isra.0
                0x000000000800bc20       0x14 ../lib-e131/lib_gd32/libe131.a(e131bridge.o)
 .text._ZN8lightset4Data3GetEv
                0x000000000800bc34       0x18 ../lib-e131/lib_gd32/libe131.a(e131bridge.o)
                0x000000000800bc34                lightset::Data::Get()
 .text._ZN8lightset4Data10SetSourceAEjPKhj
                0x000000000800bc4c       0x3c ../lib-e131/lib_gd32/libe131.a(e131bridge.o)
                0x000000000800bc4c                lightset::Data::SetSourceA(unsigned int, unsigned char const*, unsigned int)
 .text._ZN8lightset4Data12MergeSourceAEjPKhjNS_9MergeModeE
                0x000000000800bc88       0x52 ../lib-e131/lib_gd32/libe131.a(e131bridge.o)
                0x000000000800bc88                lightset::Data::MergeSourceA(unsigned int, unsigned char const*, unsigned int, lightset::MergeMode)
 .text._ZN8lightset4Data12MergeSourceBEjPKhjNS_9MergeModeE
                0x000000000800bcda       0x54 ../lib-e131/lib_gd32/libe131.a(e131bridge.o)
                0x000000000800bcda                lightset::Data::MergeSourceB(unsigned int, unsigned char const*, unsigned int, lightset::MergeMode)
 *fill*         0x000000000800bd2e        0x2 
 .text._ZN10E131BridgeC2Ev
                0x000000000800bd30       0xd0 ../lib-e131/lib_gd32/libe131.a(e131bridge.o)
                0x000000000800bd30                E131Bridge::E131Bridge()
                0x000000000800bd30                E131Bridge::E131Bridge()
 .text._ZN10E131Bridge5StartEv
                0x000000000800be00       0x10 ../lib-e131/lib_gd32/libe131.a(e131bridge.o)
                0x000000000800be00                E131Bridge::Start()
 .text._ZN10E131Bridge4StopEv
                0x000000000800be10       0x50 ../lib-e131/lib_gd32/libe131.a(e131bridge.o)
                0x000000000800be10                E131Bridge::Stop()
 .text._ZN10E131Bridge13LeaveUniverseEjt
                0x000000000800be60       0x3a ../lib-e131/lib_gd32/libe131.a(e131bridge.o)
                0x000000000800be60                E131Bridge::LeaveUniverse(unsigned int, unsigned short)
 .text._ZN10E131Bridge25SetSynchronizationAddressEbbt
                0x000000000800be9a       0x44 ../lib-e131/lib_gd32/libe131.a(e131bridge.o)
                0x000000000800be9a                E131Bridge::SetSynchronizationAddress(bool, bool, unsigned short)
 .text._ZN10E131Bridge11SetUniverseEjN8lightset7PortDirEt
                0x000000000800bede       0xf8 ../lib-e131/lib_gd32/libe131.a(e131bridge.o)
                0x000000000800bede                E131Bridge::SetUniverse(unsigned int, lightset::PortDir, unsigned short)
 .text._ZNK10E131Bridge11GetUniverseEjRtN8lightset7PortDirE
                0x000000000800bfd6       0x32 ../lib-e131/lib_gd32/libe131.a(e131bridge.o)
                0x000000000800bfd6                E131Bridge::GetUniverse(unsigned int, unsigned short&, lightset::PortDir) const
 .text._ZN10E131Bridge17UpdateMergeStatusEj
                0x000000000800c008       0x1e ../lib-e131/lib_gd32/libe131.a(e131bridge.o)
                0x000000000800c008                E131Bridge::UpdateMergeStatus(unsigned int)
 .text._ZN10E131Bridge18CheckMergeTimeoutsEj
                0x000000000800c026       0x84 ../lib-e131/lib_gd32/libe131.a(e131bridge.o)
                0x000000000800c026                E131Bridge::CheckMergeTimeouts(unsigned int)
 .text._ZNK10E131Bridge17IsPriorityTimeOutEj
                0x000000000800c0aa       0x4a ../lib-e131/lib_gd32/libe131.a(e131bridge.o)
                0x000000000800c0aa                E131Bridge::IsPriorityTimeOut(unsigned int) const
 .text._ZNK10E131Bridge12isIpCidMatchEPKN10e131bridge6SourceE
                0x000000000800c0f4       0x2a ../lib-e131/lib_gd32/libe131.a(e131bridge.o)
                0x000000000800c0f4                E131Bridge::isIpCidMatch(e131bridge::Source const*) const
 *fill*         0x000000000800c11e        0x2 
 .text._ZN10E131Bridge27SetNetworkDataLossConditionEbb
                0x000000000800c120      0x12c ../lib-e131/lib_gd32/libe131.a(e131bridge.o)
                0x000000000800c120                E131Bridge::SetNetworkDataLossCondition(bool, bool)
 .text._ZN10E131Bridge9HandleDmxEv
                0x000000000800c24c      0x300 ../lib-e131/lib_gd32/libe131.a(e131bridge.o)
                0x000000000800c24c                E131Bridge::HandleDmx()
 .text._ZN10E131Bridge11IsValidRootEv
                0x000000000800c54c       0x3c ../lib-e131/lib_gd32/libe131.a(e131bridge.o)
                0x000000000800c54c                E131Bridge::IsValidRoot()
 .text._ZN10E131Bridge17IsValidDataPacketEv
                0x000000000800c588       0x28 ../lib-e131/lib_gd32/libe131.a(e131bridge.o)
                0x000000000800c588                E131Bridge::IsValidDataPacket()
 .text._ZN10E131Bridge3RunEv
                0x000000000800c5b0      0x100 ../lib-e131/lib_gd32/libe131.a(e131bridge.o)
                0x000000000800c5b0                E131Bridge::Run()
 .text._ZN10E131Bridge21HandleSynchronizationEv
                0x000000000800c6b0       0xbc ../lib-e131/lib_gd32/libe131.a(e131bridgehandlesynchronization.o)
                0x000000000800c6b0                E131Bridge::HandleSynchronization()
 .text._ZN10E131Bridge5PrintEv
                0x000000000800c76c       0xb0 ../lib-e131/lib_gd32/libe131.a(e131bridgeprint.o)
                0x000000000800c76c                E131Bridge::Print()
 .text.memcmp   0x000000000800c81c       0x28 ../lib-e131/lib_gd32/libe131.a(e131params.o)
 .text._ZN17PropertiesBuilder3AddIPKcEEbS2_T_bj.isra.0
                0x000000000800c844       0x50 ../lib-e131/lib_gd32/libe131.a(e131params.o)
 .text._ZN10E131ParamsC2EP15E131ParamsStore
                0x000000000800c894       0x3c ../lib-e131/lib_gd32/libe131.a(e131params.o)
                0x000000000800c894                E131Params::E131Params(E131ParamsStore*)
                0x000000000800c894                E131Params::E131Params(E131ParamsStore*)
 .text._ZN10E131Params4LoadEv
                0x000000000800c8d0       0x18 ../lib-e131/lib_gd32/libe131.a(e131params.o)
                0x000000000800c8d0                E131Params::Load()
 .text._ZN10E131Params4LoadEPKcj
                0x000000000800c8e8       0x40 ../lib-e131/lib_gd32/libe131.a(e131params.o)
                0x000000000800c8e8                E131Params::Load(char const*, unsigned int)
 .text._ZN10E131Params16callbackFunctionEPKc
                0x000000000800c928      0x174 ../lib-e131/lib_gd32/libe131.a(e131params.o)
                0x000000000800c928                E131Params::callbackFunction(char const*)
 .text._ZN10E131Params22staticCallbackFunctionEPvPKc
                0x000000000800ca9c        0x4 ../lib-e131/lib_gd32/libe131.a(e131params.o)
                0x000000000800ca9c                E131Params::staticCallbackFunction(void*, char const*)
 .text._ZN10E131Params7BuilderEPKN10e131params6ParamsEPcjRj
                0x000000000800caa0      0x1d8 ../lib-e131/lib_gd32/libe131.a(e131params.o)
                0x000000000800caa0                E131Params::Builder(e131params::Params const*, char*, unsigned int, unsigned int&)
 .text._ZN10E131Params4SaveEPcjRj
                0x000000000800cc78       0x1a ../lib-e131/lib_gd32/libe131.a(e131params.o)
                0x000000000800cc78                E131Params::Save(char*, unsigned int, unsigned int&)
 *fill*         0x000000000800cc92        0x2 
 .text._ZN10E131Params3SetEj
                0x000000000800cc94       0xb0 ../lib-e131/lib_gd32/libe131.a(e131params.o)
                0x000000000800cc94                E131Params::Set(unsigned int)
 .text._ZN10E131Params4DumpEv
                0x000000000800cd44        0x2 ../lib-e131/lib_gd32/libe131.a(e131paramsdump.o)
                0x000000000800cd44                E131Params::Dump()
 .text.memcpy.isra.0
                0x000000000800cd46       0x14 ../lib-rdmnet/lib_gd32/librdmnet.a(llrpdevice.o)
 *fill*         0x000000000800cd5a        0x2 
 .text._ZN10LLRPDevice20HandleRequestMessageEv
                0x000000000800cd5c       0xb0 ../lib-rdmnet/lib_gd32/librdmnet.a(llrpdevice.o)
                0x000000000800cd5c                LLRPDevice::HandleRequestMessage()
 .text._ZN10LLRPDevice16HandleRdmCommandEv
                0x000000000800ce0c       0x9c ../lib-rdmnet/lib_gd32/librdmnet.a(llrpdevice.o)
                0x000000000800ce0c                LLRPDevice::HandleRdmCommand()
 .text._ZN10LLRPDevice3RunEv
                0x000000000800cea8       0x4c ../lib-rdmnet/lib_gd32/librdmnet.a(llrpdevice.o)
                0x000000000800cea8                LLRPDevice::Run()
 .text._ZN10LLRPDevice5PrintEv
                0x000000000800cef4       0x48 ../lib-rdmnet/lib_gd32/librdmnet.a(llrpdevice.o)
                0x000000000800cef4                LLRPDevice::Print()
 .text._ZN12RDMNetDevice5PrintEv
                0x000000000800cf3c       0x40 ../lib-rdmnet/lib_gd32/librdmnet.a(rdmnetdevice.o)
                0x000000000800cf3c                RDMNetDevice::Print()
 .text._ZN10RDMSensorsC2Ev
                0x000000000800cf7c       0x10 ../lib-rdmsensor/lib_gd32/librdmsensor.a(rdmsensors.o)
                0x000000000800cf7c                RDMSensors::RDMSensors()
                0x000000000800cf7c                RDMSensors::RDMSensors()
 .text._ZN10RDMSensorsD2Ev
                0x000000000800cf8c       0x30 ../lib-rdmsensor/lib_gd32/librdmsensor.a(rdmsensors.o)
                0x000000000800cf8c                RDMSensors::~RDMSensors()
                0x000000000800cf8c                RDMSensors::~RDMSensors()
 .text._ZN13RDMSubDevicesC2Ev
                0x000000000800cfbc       0x10 ../lib-rdmsubdevice/lib_gd32/librdmsubdevice.a(rdmsubdevices.o)
                0x000000000800cfbc                RDMSubDevices::RDMSubDevices()
                0x000000000800cfbc                RDMSubDevices::RDMSubDevices()
 .text._ZN13RDMSubDevicesD2Ev
                0x000000000800cfcc       0x30 ../lib-rdmsubdevice/lib_gd32/librdmsubdevice.a(rdmsubdevices.o)
                0x000000000800cfcc                RDMSubDevices::~RDMSubDevices()
                0x000000000800cfcc                RDMSubDevices::~RDMSubDevices()
 .text._ZN13RDMSubDevices7GetInfoEt
                0x000000000800cffc       0x10 ../lib-rdmsubdevice/lib_gd32/librdmsubdevice.a(rdmsubdevices.o)
                0x000000000800cffc                RDMSubDevices::GetInfo(unsigned short)
 .text._ZN13RDMSubDevices8GetLabelEtP18TRDMDeviceInfoData
                0x000000000800d00c       0x12 ../lib-rdmsubdevice/lib_gd32/librdmsubdevice.a(rdmsubdevices.o)
                0x000000000800d00c                RDMSubDevices::GetLabel(unsigned short, TRDMDeviceInfoData*)
 .text._ZN13RDMSubDevices8SetLabelEtPKch
                0x000000000800d01e       0x1c ../lib-rdmsubdevice/lib_gd32/librdmsubdevice.a(rdmsubdevices.o)
                0x000000000800d01e                RDMSubDevices::SetLabel(unsigned short, char const*, unsigned char)
 .text._ZN13RDMSubDevices18GetFactoryDefaultsEv
                0x000000000800d03a       0x26 ../lib-rdmsubdevice/lib_gd32/librdmsubdevice.a(rdmsubdevices.o)
                0x000000000800d03a                RDMSubDevices::GetFactoryDefaults()
 .text._ZN13RDMSubDevices18SetFactoryDefaultsEv
                0x000000000800d060       0x1e ../lib-rdmsubdevice/lib_gd32/librdmsubdevice.a(rdmsubdevices.o)
                0x000000000800d060                RDMSubDevices::SetFactoryDefaults()
 .text._ZN12RDMSubDevice8GetLabelEP18TRDMDeviceInfoData
                0x000000000800d07e        0xe ../lib-rdmsubdevice/lib_gd32/librdmsubdevice.a(rdmsubdevice.o)
                0x000000000800d07e                RDMSubDevice::GetLabel(TRDMDeviceInfoData*)
 .text._ZN12RDMSubDevice8SetLabelEPKc
                0x000000000800d08c       0x1c ../lib-rdmsubdevice/lib_gd32/librdmsubdevice.a(rdmsubdevice.o)
                0x000000000800d08c                RDMSubDevice::SetLabel(char const*)
 .text._ZN12RDMSubDevice8SetLabelEPKch
                0x000000000800d0a8       0x1e ../lib-rdmsubdevice/lib_gd32/librdmsubdevice.a(rdmsubdevice.o)
                0x000000000800d0a8                RDMSubDevice::SetLabel(char const*, unsigned char)
 .text._ZN12RDMSubDevice18SetFactoryDefaultsEv
                0x000000000800d0c6       0x1c ../lib-rdmsubdevice/lib_gd32/librdmsubdevice.a(rdmsubdevice.o)
                0x000000000800d0c6                RDMSubDevice::SetFactoryDefaults()
 .text._ZN12RDMSubDevice17CalculateChecksumEv
                0x000000000800d0e2       0x30 ../lib-rdmsubdevice/lib_gd32/librdmsubdevice.a(rdmsubdevice.o)
                0x000000000800d0e2                RDMSubDevice::CalculateChecksum()
 .text._ZN12RDMSubDevice18GetFactoryDefaultsEv
                0x000000000800d112       0x1a ../lib-rdmsubdevice/lib_gd32/librdmsubdevice.a(rdmsubdevice.o)
                0x000000000800d112                RDMSubDevice::GetFactoryDefaults()
 .text.memcpy.isra.0
                0x000000000800d12c        0x4 ../lib-rdm/lib_gd32/librdm.a(rdmdeviceparams.o)
 .text._ZN15RDMDeviceParamsC2EP20RDMDeviceParamsStore
                0x000000000800d130       0x24 ../lib-rdm/lib_gd32/librdm.a(rdmdeviceparams.o)
                0x000000000800d130                RDMDeviceParams::RDMDeviceParams(RDMDeviceParamsStore*)
                0x000000000800d130                RDMDeviceParams::RDMDeviceParams(RDMDeviceParamsStore*)
 .text._ZN15RDMDeviceParams4LoadEv
                0x000000000800d154       0x16 ../lib-rdm/lib_gd32/librdm.a(rdmdeviceparams.o)
                0x000000000800d154                RDMDeviceParams::Load()
 .text._ZN15RDMDeviceParams3SetEP9RDMDevice
                0x000000000800d16a       0x6e ../lib-rdm/lib_gd32/librdm.a(rdmdeviceparams.o)
                0x000000000800d16a                RDMDeviceParams::Set(RDMDevice*)
 .text._ZN15RDMDeviceParams4DumpEv
                0x000000000800d1d8        0x2 ../lib-rdm/lib_gd32/librdm.a(rdmdeviceparams.o)
                0x000000000800d1d8                RDMDeviceParams::Dump()
 .text._ZN18RDMDeviceResponder17PersonalityUpdateEP8LightSet
                0x000000000800d1da        0x2 ../lib-rdm/lib_gd32/librdm.a(rdmdeviceresponder.o)
                0x000000000800d1da                RDMDeviceResponder::PersonalityUpdate(LightSet*)
 .text._ZN18RDMDeviceResponder21DmxStartAddressUpdateEv
                0x000000000800d1dc        0x2 ../lib-rdm/lib_gd32/librdm.a(rdmdeviceresponder.o)
                0x000000000800d1dc                RDMDeviceResponder::DmxStartAddressUpdate()
 *fill*         0x000000000800d1de        0x2 
 .text._ZN18RDMDeviceResponderD2Ev
                0x000000000800d1e0       0x20 ../lib-rdm/lib_gd32/librdm.a(rdmdeviceresponder.o)
                0x000000000800d1e0                RDMDeviceResponder::~RDMDeviceResponder()
                0x000000000800d1e0                RDMDeviceResponder::~RDMDeviceResponder()
 .text._ZN18RDMDeviceResponderD0Ev
                0x000000000800d200       0x12 ../lib-rdm/lib_gd32/librdm.a(rdmdeviceresponder.o)
                0x000000000800d200                RDMDeviceResponder::~RDMDeviceResponder()
 *fill*         0x000000000800d212        0x2 
 .text._ZN18RDMDeviceResponderC2EPP14RDMPersonalityj
                0x000000000800d214       0x9c ../lib-rdm/lib_gd32/librdm.a(rdmdeviceresponder.o)
                0x000000000800d214                RDMDeviceResponder::RDMDeviceResponder(RDMPersonality**, unsigned int)
                0x000000000800d214                RDMDeviceResponder::RDMDeviceResponder(RDMPersonality**, unsigned int)
 .text._ZN18RDMDeviceResponder4InitEv
                0x000000000800d2b0      0x128 ../lib-rdm/lib_gd32/librdm.a(rdmdeviceresponder.o)
                0x000000000800d2b0                RDMDeviceResponder::Init()
 .text._ZN18RDMDeviceResponder5PrintEv
                0x000000000800d3d8       0x9c ../lib-rdm/lib_gd32/librdm.a(rdmdeviceresponder.o)
                0x000000000800d3d8                RDMDeviceResponder::Print()
 .text.memcmp   0x000000000800d474       0x20 ../lib-rdm/lib_gd32/librdm.a(rdmhandler.o)
 .text.memcpy.isra.0
                0x000000000800d494       0x14 ../lib-rdm/lib_gd32/librdm.a(rdmhandler.o)
 .text._ZN9RDMDevice8SetLabelEPK18TRDMDeviceInfoData
                0x000000000800d4a8       0x44 ../lib-rdm/lib_gd32/librdm.a(rdmhandler.o)
                0x000000000800d4a8                RDMDevice::SetLabel(TRDMDeviceInfoData const*)
 .text._ZN18RDMDeviceResponder18SetFactoryDefaultsEv
                0x000000000800d4ec      0x100 ../lib-rdm/lib_gd32/librdm.a(rdmhandler.o)
                0x000000000800d4ec                RDMDeviceResponder::SetFactoryDefaults()
 .text._ZN10RDMHandlerC2Eb
                0x000000000800d5ec        0xc ../lib-rdm/lib_gd32/librdm.a(rdmhandler.o)
                0x000000000800d5ec                RDMHandler::RDMHandler(bool)
                0x000000000800d5ec                RDMHandler::RDMHandler(bool)
 .text._ZN10RDMHandler12HandleStringEPKcj
                0x000000000800d5f8       0x18 ../lib-rdm/lib_gd32/librdm.a(rdmhandler.o)
                0x000000000800d5f8                RDMHandler::HandleString(char const*, unsigned int)
 .text._ZN10RDMHandler20CreateRespondMessageEht
                0x000000000800d610       0x98 ../lib-rdm/lib_gd32/librdm.a(rdmhandler.o)
                0x000000000800d610                RDMHandler::CreateRespondMessage(unsigned char, unsigned short)
 .text._ZN10RDMHandler17RespondMessageAckEv
                0x000000000800d6a8       0x12 ../lib-rdm/lib_gd32/librdm.a(rdmhandler.o)
                0x000000000800d6a8                RDMHandler::RespondMessageAck()
 *fill*         0x000000000800d6ba        0x2 
 .text._ZN10RDMHandler13GetDeviceInfoEt
                0x000000000800d6bc       0x68 ../lib-rdm/lib_gd32/librdm.a(rdmhandler.o)
                0x000000000800d6bc                RDMHandler::GetDeviceInfo(unsigned short)
 .text._ZN10RDMHandler18GetFactoryDefaultsEt
                0x000000000800d724       0x80 ../lib-rdm/lib_gd32/librdm.a(rdmhandler.o)
                0x000000000800d724                RDMHandler::GetFactoryDefaults(unsigned short)
 .text._ZN10RDMHandler25GetDeviceModelDescriptionEt
                0x000000000800d7a4       0x1c ../lib-rdm/lib_gd32/librdm.a(rdmhandler.o)
                0x000000000800d7a4                RDMHandler::GetDeviceModelDescription(unsigned short)
 .text._ZN10RDMHandler20GetManufacturerLabelEt
                0x000000000800d7c0       0x20 ../lib-rdm/lib_gd32/librdm.a(rdmhandler.o)
                0x000000000800d7c0                RDMHandler::GetManufacturerLabel(unsigned short)
 .text._ZN10RDMHandler14GetDeviceLabelEt
                0x000000000800d7e0       0x3c ../lib-rdm/lib_gd32/librdm.a(rdmhandler.o)
                0x000000000800d7e0                RDMHandler::GetDeviceLabel(unsigned short)
 .text._ZN10RDMHandler17GetIdentifyDeviceEt
                0x000000000800d81c       0x14 ../lib-rdm/lib_gd32/librdm.a(rdmhandler.o)
                0x000000000800d81c                RDMHandler::GetIdentifyDevice(unsigned short)
 .text._ZN10RDMHandler18RespondMessageNackEt
                0x000000000800d830        0x8 ../lib-rdm/lib_gd32/librdm.a(rdmhandler.o)
                0x000000000800d830                RDMHandler::RespondMessageNack(unsigned short)
 .text._ZN10RDMHandler14SetResetDeviceEbt
                0x000000000800d838       0x48 ../lib-rdm/lib_gd32/librdm.a(rdmhandler.o)
                0x000000000800d838                RDMHandler::SetResetDevice(bool, unsigned short)
 .text._ZN10RDMHandler17SetIdentifyDeviceEbt
                0x000000000800d880       0x7c ../lib-rdm/lib_gd32/librdm.a(rdmhandler.o)
                0x000000000800d880                RDMHandler::SetIdentifyDevice(bool, unsigned short)
 .text._ZN10RDMHandler18SetFactoryDefaultsEbt
                0x000000000800d8fc       0x34 ../lib-rdm/lib_gd32/librdm.a(rdmhandler.o)
                0x000000000800d8fc                RDMHandler::SetFactoryDefaults(bool, unsigned short)
 .text._ZN10RDMHandler14SetDeviceLabelEbt
                0x000000000800d930       0x58 ../lib-rdm/lib_gd32/librdm.a(rdmhandler.o)
                0x000000000800d930                RDMHandler::SetDeviceLabel(bool, unsigned short)
 .text._ZN10RDMHandler8HandlersEbhtht
                0x000000000800d988       0xe0 ../lib-rdm/lib_gd32/librdm.a(rdmhandler.o)
                0x000000000800d988                RDMHandler::Handlers(bool, unsigned char, unsigned short, unsigned char, unsigned short)
 .text._ZN10RDMHandler10HandleDataEPKhPh
                0x000000000800da68      0x19c ../lib-rdm/lib_gd32/librdm.a(rdmhandler.o)
                0x000000000800da68                RDMHandler::HandleData(unsigned char const*, unsigned char*)
 .text._ZN11RDMIdentifyC2Ev
                0x000000000800dc04        0xc ../lib-rdm/lib_gd32/librdm.a(rdmidentify.o)
                0x000000000800dc04                RDMIdentify::RDMIdentify()
                0x000000000800dc04                RDMIdentify::RDMIdentify()
 .text._ZN11RDMIdentify2OnEN3rdm8identify4ModeE
                0x000000000800dc10        0x2 ../lib-rdm/lib_gd32/librdm.a(rdmidentify.o)
                0x000000000800dc10                RDMIdentify::On(rdm::identify::Mode)
 .text._ZN11RDMIdentify3OffEN3rdm8identify4ModeE
                0x000000000800dc12        0x2 ../lib-rdm/lib_gd32/librdm.a(rdmidentify.o)
                0x000000000800dc12                RDMIdentify::Off(rdm::identify::Mode)
 .text.memcpy.constprop.0.isra.0
                0x000000000800dc14       0x14 ../lib-rdm/lib_gd32/librdm.a(rdmhandlere1372.o)
 .text._ZN10RDMHandler16GetInterfaceListEt
                0x000000000800dc28       0x28 ../lib-rdm/lib_gd32/librdm.a(rdmhandlere1372.o)
                0x000000000800dc28                RDMHandler::GetInterfaceList(unsigned short)
 .text._ZN10RDMHandler16GetInterfaceNameEt
                0x000000000800dc50       0x4c ../lib-rdm/lib_gd32/librdm.a(rdmhandlere1372.o)
                0x000000000800dc50                RDMHandler::GetInterfaceName(unsigned short)
 .text._ZN10RDMHandler18GetHardwareAddressEt
                0x000000000800dc9c       0x40 ../lib-rdm/lib_gd32/librdm.a(rdmhandlere1372.o)
                0x000000000800dc9c                RDMHandler::GetHardwareAddress(unsigned short)
 .text._ZN10RDMHandler11GetDHCPModeEt
                0x000000000800dcdc       0x2c ../lib-rdm/lib_gd32/librdm.a(rdmhandlere1372.o)
                0x000000000800dcdc                RDMHandler::GetDHCPMode(unsigned short)
 .text._ZN10RDMHandler11SetDHCPModeEbt
                0x000000000800dd08       0x48 ../lib-rdm/lib_gd32/librdm.a(rdmhandlere1372.o)
                0x000000000800dd08                RDMHandler::SetDHCPMode(bool, unsigned short)
 .text._ZN10RDMHandler14GetNameServersEt
                0x000000000800dd50       0x22 ../lib-rdm/lib_gd32/librdm.a(rdmhandlere1372.o)
                0x000000000800dd50                RDMHandler::GetNameServers(unsigned short)
 *fill*         0x000000000800dd72        0x2 
 .text._ZN10RDMHandler11GetZeroconfEt
                0x000000000800dd74       0x30 ../lib-rdm/lib_gd32/librdm.a(rdmhandlere1372.o)
                0x000000000800dd74                RDMHandler::GetZeroconf(unsigned short)
 .text._ZN10RDMHandler11SetZeroconfEbt
                0x000000000800dda4       0x48 ../lib-rdm/lib_gd32/librdm.a(rdmhandlere1372.o)
                0x000000000800dda4                RDMHandler::SetZeroconf(bool, unsigned short)
 .text._ZN10RDMHandler9RenewDhcpEbt
                0x000000000800ddec       0x2c ../lib-rdm/lib_gd32/librdm.a(rdmhandlere1372.o)
                0x000000000800ddec                RDMHandler::RenewDhcp(bool, unsigned short)
 .text._ZN10RDMHandler17GetAddressNetmaskEt
                0x000000000800de18       0x48 ../lib-rdm/lib_gd32/librdm.a(rdmhandlere1372.o)
                0x000000000800de18                RDMHandler::GetAddressNetmask(unsigned short)
 .text._ZN10RDMHandler16GetStaticAddressEt
                0x000000000800de60       0x44 ../lib-rdm/lib_gd32/librdm.a(rdmhandlere1372.o)
                0x000000000800de60                RDMHandler::GetStaticAddress(unsigned short)
 .text._ZN10RDMHandler16SetStaticAddressEbt
                0x000000000800dea4       0x4c ../lib-rdm/lib_gd32/librdm.a(rdmhandlere1372.o)
                0x000000000800dea4                RDMHandler::SetStaticAddress(bool, unsigned short)
 .text._ZN10RDMHandler18ApplyConfigurationEbt
                0x000000000800def0       0x28 ../lib-rdm/lib_gd32/librdm.a(rdmhandlere1372.o)
                0x000000000800def0                RDMHandler::ApplyConfiguration(bool, unsigned short)
 .text._ZN10RDMHandler15GetDefaultRouteEt
                0x000000000800df18       0x38 ../lib-rdm/lib_gd32/librdm.a(rdmhandlere1372.o)
                0x000000000800df18                RDMHandler::GetDefaultRoute(unsigned short)
 .text._ZN10RDMHandler15SetDefaultRouteEbt
                0x000000000800df50        0x6 ../lib-rdm/lib_gd32/librdm.a(rdmhandlere1372.o)
                0x000000000800df50                RDMHandler::SetDefaultRoute(bool, unsigned short)
 *fill*         0x000000000800df56        0x2 
 .text._ZN10RDMHandler11GetHostNameEt
                0x000000000800df58       0x30 ../lib-rdm/lib_gd32/librdm.a(rdmhandlere1372.o)
                0x000000000800df58                RDMHandler::GetHostName(unsigned short)
 .text._ZN10RDMHandler11SetHostNameEbt
                0x000000000800df88       0x34 ../lib-rdm/lib_gd32/librdm.a(rdmhandlere1372.o)
                0x000000000800df88                RDMHandler::SetHostName(bool, unsigned short)
 .text._ZN10RDMHandler13GetDomainNameEt
                0x000000000800dfbc       0x30 ../lib-rdm/lib_gd32/librdm.a(rdmhandlere1372.o)
                0x000000000800dfbc                RDMHandler::GetDomainName(unsigned short)
 .text._ZN10RDMHandler13SetDomainNameEbt
                0x000000000800dfec        0x6 ../lib-rdm/lib_gd32/librdm.a(rdmhandlere1372.o)
                0x000000000800dfec                RDMHandler::SetDomainName(bool, unsigned short)
 *fill*         0x000000000800dff2        0x2 
 .text._ZN9RDMDeviceC2Ev
                0x000000000800dff4       0xe8 ../lib-rdm/lib_gd32/librdm.a(rdmdevice.o)
                0x000000000800dff4                RDMDevice::RDMDevice()
                0x000000000800dff4                RDMDevice::RDMDevice()
 .text._ZN9RDMDevice5PrintEv
                0x000000000800e0dc       0x84 ../lib-rdm/lib_gd32/librdm.a(rdmdevice.o)
                0x000000000800e0dc                RDMDevice::Print()
 .text.uuid_unparse_x
                0x000000000800e160       0x86 ../lib-uuid/lib_gd32/libuuid.a(uuid_unparse.o)
 *fill*         0x000000000800e1e6        0x2 
 .text.uuid_unparse
                0x000000000800e1e8        0xc ../lib-uuid/lib_gd32/libuuid.a(uuid_unparse.o)
                0x000000000800e1e8                uuid_unparse
 .text._ZN7DmxSendD2Ev
                0x000000000800e1f4        0x2 ../lib-dmxsend/lib_gd32/libdmxsend.a(dmxsend.o)
                0x000000000800e1f4                DmxSend::~DmxSend()
                0x000000000800e1f4                DmxSend::~DmxSend()
 *fill*         0x000000000800e1f6        0x2 
 .text._ZN7DmxSend5StartEj
                0x000000000800e1f8       0x30 ../lib-dmxsend/lib_gd32/libdmxsend.a(dmxsend.o)
                0x000000000800e1f8                DmxSend::Start(unsigned int)
 .text._ZN7DmxSend4StopEj
                0x000000000800e228       0x38 ../lib-dmxsend/lib_gd32/libdmxsend.a(dmxsend.o)
                0x000000000800e228                DmxSend::Stop(unsigned int)
 .text._ZN7DmxSend7SetDataEjPKhj
                0x000000000800e260       0x10 ../lib-dmxsend/lib_gd32/libdmxsend.a(dmxsend.o)
                0x000000000800e260                DmxSend::SetData(unsigned int, unsigned char const*, unsigned int)
 .text._ZN7DmxSend8BlackoutEb
                0x000000000800e270        0xc ../lib-dmxsend/lib_gd32/libdmxsend.a(dmxsend.o)
                0x000000000800e270                DmxSend::Blackout(bool)
 .text._ZN7DmxSend6FullOnEv
                0x000000000800e27c        0xc ../lib-dmxsend/lib_gd32/libdmxsend.a(dmxsend.o)
                0x000000000800e27c                DmxSend::FullOn()
 .text._ZN7DmxSend5PrintEv
                0x000000000800e288       0x58 ../lib-dmxsend/lib_gd32/libdmxsend.a(dmxsend.o)
                0x000000000800e288                DmxSend::Print()
 .text._ZN7DmxSendD0Ev
                0x000000000800e2e0        0xc ../lib-dmxsend/lib_gd32/libdmxsend.a(dmxsend.o)
                0x000000000800e2e0                DmxSend::~DmxSend()
 .text._ZN17PropertiesBuilder3AddItEEbPKcT_bj.isra.0
                0x000000000800e2ec       0x50 ../lib-dmx/lib_gd32/libdmx.a(dmxparams.o)
 .text._ZN9DmxParamsC2EP14DmxParamsStore
                0x000000000800e33c       0x18 ../lib-dmx/lib_gd32/libdmx.a(dmxparams.o)
                0x000000000800e33c                DmxParams::DmxParams(DmxParamsStore*)
                0x000000000800e33c                DmxParams::DmxParams(DmxParamsStore*)
 .text._ZN9DmxParams4LoadEv
                0x000000000800e354       0x18 ../lib-dmx/lib_gd32/libdmx.a(dmxparams.o)
                0x000000000800e354                DmxParams::Load()
 .text._ZN9DmxParams4LoadEPKcj
                0x000000000800e36c       0x40 ../lib-dmx/lib_gd32/libdmx.a(dmxparams.o)
                0x000000000800e36c                DmxParams::Load(char const*, unsigned int)
 .text._ZN9DmxParams16callbackFunctionEPKc
                0x000000000800e3ac       0xcc ../lib-dmx/lib_gd32/libdmx.a(dmxparams.o)
                0x000000000800e3ac                DmxParams::callbackFunction(char const*)
 .text._ZN9DmxParams22staticCallbackFunctionEPvPKc
                0x000000000800e478        0x4 ../lib-dmx/lib_gd32/libdmx.a(dmxparams.o)
                0x000000000800e478                DmxParams::staticCallbackFunction(void*, char const*)
 .text._ZN9DmxParams7BuilderEPK10TDmxParamsPcjRj
                0x000000000800e47c      0x104 ../lib-dmx/lib_gd32/libdmx.a(dmxparams.o)
                0x000000000800e47c                DmxParams::Builder(TDmxParams const*, char*, unsigned int, unsigned int&)
 .text._ZN9DmxParams4SaveEPcjRj
                0x000000000800e580       0x1a ../lib-dmx/lib_gd32/libdmx.a(dmxparams.o)
                0x000000000800e580                DmxParams::Save(char*, unsigned int, unsigned int&)
 *fill*         0x000000000800e59a        0x2 
 .text._ZN9DmxParams3SetEP3Dmx
                0x000000000800e59c       0x5c ../lib-dmx/lib_gd32/libdmx.a(dmxparams.o)
                0x000000000800e59c                DmxParams::Set(Dmx*)
 .text._ZN9DmxParams4DumpEv
                0x000000000800e5f8        0x2 ../lib-dmx/lib_gd32/libdmx.a(dmxparams.o)
                0x000000000800e5f8                DmxParams::Dump()
 .text._ZL17_gpio_mode_outputjj
                0x000000000800e5fa       0x20 ../lib-dmx/lib_gd32/libdmx.a(dmx.o)
 *fill*         0x000000000800e61a        0x2 
 .text._ZL13_port_to_uartj
                0x000000000800e61c       0x18 ../lib-dmx/lib_gd32/libdmx.a(dmx.o)
 .text.TIMER1_IRQHandler
                0x000000000800e634      0x148 ../lib-dmx/lib_gd32/libdmx.a(dmx.o)
                0x000000000800e634                TIMER1_IRQHandler
 .text._ZN3Dmx9ClearDataEj
                0x000000000800e77c       0x30 ../lib-dmx/lib_gd32/libdmx.a(dmx.o)
                0x000000000800e77c                Dmx::ClearData(unsigned int)
 .text._ZN3Dmx9StartDataEjj
                0x000000000800e7ac      0x138 ../lib-dmx/lib_gd32/libdmx.a(dmx.o)
                0x000000000800e7ac                Dmx::StartData(unsigned int, unsigned int)
 .text._ZN3Dmx8StopDataEjj
                0x000000000800e8e4       0x8c ../lib-dmx/lib_gd32/libdmx.a(dmx.o)
                0x000000000800e8e4                Dmx::StopData(unsigned int, unsigned int)
 .text._ZN3Dmx16SetPortDirectionEjN3dmx13PortDirectionEb
                0x000000000800e970       0x78 ../lib-dmx/lib_gd32/libdmx.a(dmx.o)
                0x000000000800e970                Dmx::SetPortDirection(unsigned int, dmx::PortDirection, bool)
 .text._ZN3DmxC2Ev
                0x000000000800e9e8      0x168 ../lib-dmx/lib_gd32/libdmx.a(dmx.o)
                0x000000000800e9e8                Dmx::Dmx()
                0x000000000800e9e8                Dmx::Dmx()
 .text._ZN3Dmx16SetDmxPeriodTimeEj
                0x000000000800eb50       0x50 ../lib-dmx/lib_gd32/libdmx.a(dmx.o)
                0x000000000800eb50                Dmx::SetDmxPeriodTime(unsigned int)
 .text._ZN3Dmx15SetDmxBreakTimeEj
                0x000000000800eba0       0x14 ../lib-dmx/lib_gd32/libdmx.a(dmx.o)
                0x000000000800eba0                Dmx::SetDmxBreakTime(unsigned int)
 .text._ZN3Dmx13SetDmxMabTimeEj
                0x000000000800ebb4       0x14 ../lib-dmx/lib_gd32/libdmx.a(dmx.o)
                0x000000000800ebb4                Dmx::SetDmxMabTime(unsigned int)
 .text._ZN3Dmx11SetDmxSlotsEt
                0x000000000800ebc8       0x2a ../lib-dmx/lib_gd32/libdmx.a(dmx.o)
                0x000000000800ebc8                Dmx::SetDmxSlots(unsigned short)
 *fill*         0x000000000800ebf2        0x2 
 .text._ZN3Dmx24SetPortSendDataWithoutSCEjPKhj
                0x000000000800ebf4       0x4c ../lib-dmx/lib_gd32/libdmx.a(dmx.o)
                0x000000000800ebf4                Dmx::SetPortSendDataWithoutSC(unsigned int, unsigned char const*, unsigned int)
 .text._ZN3Dmx8BlackoutEv
                0x000000000800ec40       0x88 ../lib-dmx/lib_gd32/libdmx.a(dmx.o)
                0x000000000800ec40                Dmx::Blackout()
 .text._ZN3Dmx6FullOnEv
                0x000000000800ecc8       0x88 ../lib-dmx/lib_gd32/libdmx.a(dmx.o)
                0x000000000800ecc8                Dmx::FullOn()
 .text._ZN14WS28xxDmxMulti18SetDmxStartAddressEt
                0x000000000800ed50        0x4 ../lib-ws28xxdmx/lib_gd32/libws28xxdmx.a(ws28xxdmxmulti.o)
                0x000000000800ed50                WS28xxDmxMulti::SetDmxStartAddress(unsigned short)
 .text._ZN14WS28xxDmxMulti18GetDmxStartAddressEv
                0x000000000800ed54        0x6 ../lib-ws28xxdmx/lib_gd32/libws28xxdmx.a(ws28xxdmxmulti.o)
                0x000000000800ed54                WS28xxDmxMulti::GetDmxStartAddress()
 .text._ZN14WS28xxDmxMulti15GetDmxFootprintEv
                0x000000000800ed5a        0x4 ../lib-ws28xxdmx/lib_gd32/libws28xxdmx.a(ws28xxdmxmulti.o)
                0x000000000800ed5a                WS28xxDmxMulti::GetDmxFootprint()
 .text._ZN14WS28xxDmxMulti5StartEj
                0x000000000800ed5e       0x22 ../lib-ws28xxdmx/lib_gd32/libws28xxdmx.a(ws28xxdmxmulti.o)
                0x000000000800ed5e                WS28xxDmxMulti::Start(unsigned int)
 .text._ZN14WS28xxDmxMultiD2Ev
                0x000000000800ed80       0x20 ../lib-ws28xxdmx/lib_gd32/libws28xxdmx.a(ws28xxdmxmulti.o)
                0x000000000800ed80                WS28xxDmxMulti::~WS28xxDmxMulti()
                0x000000000800ed80                WS28xxDmxMulti::~WS28xxDmxMulti()
 .text._ZN14WS28xxDmxMultiD0Ev
                0x000000000800eda0       0x12 ../lib-ws28xxdmx/lib_gd32/libws28xxdmx.a(ws28xxdmxmulti.o)
                0x000000000800eda0                WS28xxDmxMulti::~WS28xxDmxMulti()
 .text._ZN14WS28xxDmxMulti8BlackoutEb
                0x000000000800edb2       0x28 ../lib-ws28xxdmx/lib_gd32/libws28xxdmx.a(ws28xxdmxmulti.o)
                0x000000000800edb2                WS28xxDmxMulti::Blackout(bool)
 .text._ZN14WS28xxDmxMulti7SetDataEjPKhj
                0x000000000800edda      0x118 ../lib-ws28xxdmx/lib_gd32/libws28xxdmx.a(ws28xxdmxmulti.o)
                0x000000000800edda                WS28xxDmxMulti::SetData(unsigned int, unsigned char const*, unsigned int)
 .text._ZN14WS28xxDmxMulti6FullOnEv
                0x000000000800eef2       0x18 ../lib-ws28xxdmx/lib_gd32/libws28xxdmx.a(ws28xxdmxmulti.o)
                0x000000000800eef2                WS28xxDmxMulti::FullOn()
 .text._ZN14WS28xxDmxMulti5PrintEv
                0x000000000800ef0a        0x6 ../lib-ws28xxdmx/lib_gd32/libws28xxdmx.a(ws28xxdmxmulti.o)
                0x000000000800ef0a                WS28xxDmxMulti::Print()
 .text._ZN14WS28xxDmxMulti4StopEj
                0x000000000800ef10       0x22 ../lib-ws28xxdmx/lib_gd32/libws28xxdmx.a(ws28xxdmxmulti.o)
                0x000000000800ef10                WS28xxDmxMulti::Stop(unsigned int)
 *fill*         0x000000000800ef32        0x2 
 .text._ZN14WS28xxDmxMultiC2ER21PixelDmxConfiguration
                0x000000000800ef34       0x5c ../lib-ws28xxdmx/lib_gd32/libws28xxdmx.a(ws28xxdmxmulti.o)
                0x000000000800ef34                WS28xxDmxMulti::WS28xxDmxMulti(PixelDmxConfiguration&)
                0x000000000800ef34                WS28xxDmxMulti::WS28xxDmxMulti(PixelDmxConfiguration&)
 .text._ZN17PropertiesBuilder3AddIhEEbPKcT_bj.isra.0
                0x000000000800ef90       0x50 ../lib-ws28xxdmx/lib_gd32/libws28xxdmx.a(pixeldmxparams.o)
 .text._ZN17PropertiesBuilder3AddItEEbPKcT_bj.isra.0
                0x000000000800efe0       0x50 ../lib-ws28xxdmx/lib_gd32/libws28xxdmx.a(pixeldmxparams.o)
 .text._ZN17PropertiesBuilder3AddIPKcEEbS2_T_bj.isra.0
                0x000000000800f030       0x50 ../lib-ws28xxdmx/lib_gd32/libws28xxdmx.a(pixeldmxparams.o)
 .text._ZN17PropertiesBuilder3AddIfEEbPKcT_bj.isra.0
                0x000000000800f080       0x84 ../lib-ws28xxdmx/lib_gd32/libws28xxdmx.a(pixeldmxparams.o)
 .text._ZN14PixelDmxParamsC2EP19PixelDmxParamsStore
                0x000000000800f104       0x40 ../lib-ws28xxdmx/lib_gd32/libws28xxdmx.a(pixeldmxparams.o)
                0x000000000800f104                PixelDmxParams::PixelDmxParams(PixelDmxParamsStore*)
                0x000000000800f104                PixelDmxParams::PixelDmxParams(PixelDmxParamsStore*)
 .text._ZN14PixelDmxParams4LoadEv
                0x000000000800f144       0x18 ../lib-ws28xxdmx/lib_gd32/libws28xxdmx.a(pixeldmxparams.o)
                0x000000000800f144                PixelDmxParams::Load()
 .text._ZN14PixelDmxParams4LoadEPKcj
                0x000000000800f15c       0x40 ../lib-ws28xxdmx/lib_gd32/libws28xxdmx.a(pixeldmxparams.o)
                0x000000000800f15c                PixelDmxParams::Load(char const*, unsigned int)
 .text._ZN14PixelDmxParams16callbackFunctionEPKc
                0x000000000800f19c      0x2c0 ../lib-ws28xxdmx/lib_gd32/libws28xxdmx.a(pixeldmxparams.o)
                0x000000000800f19c                PixelDmxParams::callbackFunction(char const*)
 .text._ZN14PixelDmxParams22staticCallbackFunctionEPvPKc
                0x000000000800f45c        0x4 ../lib-ws28xxdmx/lib_gd32/libws28xxdmx.a(pixeldmxparams.o)
                0x000000000800f45c                PixelDmxParams::staticCallbackFunction(void*, char const*)
 .text._ZN14PixelDmxParams7BuilderEPKN14pixeldmxparams6ParamsEPcjRj
                0x000000000800f460      0x2e8 ../lib-ws28xxdmx/lib_gd32/libws28xxdmx.a(pixeldmxparams.o)
                0x000000000800f460                PixelDmxParams::Builder(pixeldmxparams::Params const*, char*, unsigned int, unsigned int&)
 .text._ZN14PixelDmxParams4SaveEPcjRj
                0x000000000800f748       0x1a ../lib-ws28xxdmx/lib_gd32/libws28xxdmx.a(pixeldmxparams.o)
                0x000000000800f748                PixelDmxParams::Save(char*, unsigned int, unsigned int&)
 .text._ZN14PixelDmxParams3SetEP21PixelDmxConfiguration
                0x000000000800f762       0x8a ../lib-ws28xxdmx/lib_gd32/libws28xxdmx.a(pixeldmxparams.o)
                0x000000000800f762                PixelDmxParams::Set(PixelDmxConfiguration*)
 .text._ZN14PixelDmxParams4DumpEv
                0x000000000800f7ec        0x2 ../lib-ws28xxdmx/lib_gd32/libws28xxdmx.a(pixeldmxparamsdump.o)
                0x000000000800f7ec                PixelDmxParams::Dump()
 .text._ZN21PixelDmxConfiguration8ValidateEjRjRN21pixeldmxconfiguration8PortInfoE
                0x000000000800f7ee       0x86 ../lib-ws28xxdmx/lib_gd32/libws28xxdmx.a(pixeldmxconfiguration.o)
                0x000000000800f7ee                PixelDmxConfiguration::Validate(unsigned int, unsigned int&, pixeldmxconfiguration::PortInfo&)
 .text._ZN21PixelDmxConfiguration5PrintEv
                0x000000000800f874       0x30 ../lib-ws28xxdmx/lib_gd32/libws28xxdmx.a(pixeldmxconfiguration.o)
                0x000000000800f874                PixelDmxConfiguration::Print()
 .text._ZN18PixelConfiguration6GetTxHEN5pixel4TypeERhS2_
                0x000000000800f8a4       0x1a ../lib-ws28xx/lib_gd32/libws28xx.a(pixelconfiguration.o)
                0x000000000800f8a4                PixelConfiguration::GetTxH(pixel::Type, unsigned char&, unsigned char&)
 *fill*         0x000000000800f8be        0x2 
 .text._ZN18PixelConfiguration8ValidateERj
                0x000000000800f8c0      0x12c ../lib-ws28xx/lib_gd32/libws28xx.a(pixelconfiguration.o)
                0x000000000800f8c0                PixelConfiguration::Validate(unsigned int&)
 .text._ZN18PixelConfiguration5PrintEv
                0x000000000800f9ec       0xd0 ../lib-ws28xx/lib_gd32/libws28xx.a(pixelconfiguration.o)
                0x000000000800f9ec                PixelConfiguration::Print()
 .text._ZN9PixelType7GetTypeEN5pixel4TypeE
                0x000000000800fabc       0x18 ../lib-ws28xx/lib_gd32/libws28xx.a(pixeltype.o)
                0x000000000800fabc                PixelType::GetType(pixel::Type)
 .text._ZN9PixelType7GetTypeEPKc
                0x000000000800fad4       0x48 ../lib-ws28xx/lib_gd32/libws28xx.a(pixeltype.o)
                0x000000000800fad4                PixelType::GetType(char const*)
 .text._ZN9PixelType6GetMapEPKc
                0x000000000800fb1c       0x50 ../lib-ws28xx/lib_gd32/libws28xx.a(pixeltype.o)
                0x000000000800fb1c                PixelType::GetMap(char const*)
 .text._ZN9PixelType6GetMapEN5pixel3MapE
                0x000000000800fb6c       0x18 ../lib-ws28xx/lib_gd32/libws28xx.a(pixeltype.o)
                0x000000000800fb6c                PixelType::GetMap(pixel::Map)
 .text._ZN9PixelType6GetMapEN5pixel4TypeE
                0x000000000800fb84       0x14 ../lib-ws28xx/lib_gd32/libws28xx.a(pixeltype.o)
                0x000000000800fb84                PixelType::GetMap(pixel::Type)
 .text._ZN9PixelType10ConvertTxHEh
                0x000000000800fb98       0x5c ../lib-ws28xx/lib_gd32/libws28xx.a(pixeltype.o)
                0x000000000800fb98                PixelType::ConvertTxH(unsigned char)
 .text._ZN9PixelType10ConvertTxHEf
                0x000000000800fbf4       0xac ../lib-ws28xx/lib_gd32/libws28xx.a(pixeltype.o)
                0x000000000800fbf4                PixelType::ConvertTxH(float)
 .text._ZN13PixelPatterns14SetPixelColourEjjj.isra.0
                0x000000000800fca0       0x54 ../lib-ws28xx/lib_gd32/libws28xx.a(pixelpatterns.o)
 .text._ZN13PixelPatterns5ClearEj.isra.0
                0x000000000800fcf4       0x24 ../lib-ws28xx/lib_gd32/libws28xx.a(pixelpatterns.o)
 .text._ZN13PixelPatternsC2Ej
                0x000000000800fd18       0x4c ../lib-ws28xx/lib_gd32/libws28xx.a(pixelpatterns.o)
                0x000000000800fd18                PixelPatterns::PixelPatterns(unsigned int)
                0x000000000800fd18                PixelPatterns::PixelPatterns(unsigned int)
 .text._ZN13PixelPatterns7GetNameEN13pixelpatterns7PatternE
                0x000000000800fd64       0x18 ../lib-ws28xx/lib_gd32/libws28xx.a(pixelpatterns.o)
                0x000000000800fd64                PixelPatterns::GetName(pixelpatterns::Pattern)
 .text._ZN13PixelPatterns12RainbowCycleEjjN13pixelpatterns9DirectionE
                0x000000000800fd7c       0x2c ../lib-ws28xx/lib_gd32/libws28xx.a(pixelpatterns.o)
                0x000000000800fd7c                PixelPatterns::RainbowCycle(unsigned int, unsigned int, pixelpatterns::Direction)
 .text._ZN13PixelPatterns12TheaterChaseEjjjjN13pixelpatterns9DirectionE
                0x000000000800fda8       0x38 ../lib-ws28xx/lib_gd32/libws28xx.a(pixelpatterns.o)
                0x000000000800fda8                PixelPatterns::TheaterChase(unsigned int, unsigned int, unsigned int, unsigned int, pixelpatterns::Direction)
 .text._ZN13PixelPatterns10ColourWipeEjjjN13pixelpatterns9DirectionE
                0x000000000800fde0       0x34 ../lib-ws28xx/lib_gd32/libws28xx.a(pixelpatterns.o)
                0x000000000800fde0                PixelPatterns::ColourWipe(unsigned int, unsigned int, unsigned int, pixelpatterns::Direction)
 .text._ZN13PixelPatterns7ScannerEjjj
                0x000000000800fe14       0x68 ../lib-ws28xx/lib_gd32/libws28xx.a(pixelpatterns.o)
                0x000000000800fe14                PixelPatterns::Scanner(unsigned int, unsigned int, unsigned int)
 .text._ZN13PixelPatterns4FadeEjjjjjN13pixelpatterns9DirectionE
                0x000000000800fe7c       0x34 ../lib-ws28xx/lib_gd32/libws28xx.a(pixelpatterns.o)
                0x000000000800fe7c                PixelPatterns::Fade(unsigned int, unsigned int, unsigned int, unsigned int, unsigned int, pixelpatterns::Direction)
 .text._ZN13PixelPatterns5WheelEh
                0x000000000800feb0       0x4a ../lib-ws28xx/lib_gd32/libws28xx.a(pixelpatterns.o)
                0x000000000800feb0                PixelPatterns::Wheel(unsigned char)
 *fill*         0x000000000800fefa        0x2 
 .text._ZN13PixelPatterns9IncrementEj
                0x000000000800fefc       0x3c ../lib-ws28xx/lib_gd32/libws28xx.a(pixelpatterns.o)
                0x000000000800fefc                PixelPatterns::Increment(unsigned int)
 .text._ZN13PixelPatterns18RainbowCycleUpdateEj
                0x000000000800ff38       0x58 ../lib-ws28xx/lib_gd32/libws28xx.a(pixelpatterns.o)
                0x000000000800ff38                PixelPatterns::RainbowCycleUpdate(unsigned int)
 .text._ZN13PixelPatterns18TheaterChaseUpdateEj
                0x000000000800ff90       0x60 ../lib-ws28xx/lib_gd32/libws28xx.a(pixelpatterns.o)
                0x000000000800ff90                PixelPatterns::TheaterChaseUpdate(unsigned int)
 .text._ZN13PixelPatterns16ColourWipeUpdateEj
                0x000000000800fff0       0x28 ../lib-ws28xx/lib_gd32/libws28xx.a(pixelpatterns.o)
                0x000000000800fff0                PixelPatterns::ColourWipeUpdate(unsigned int)
 .text._ZN13PixelPatterns13ScannerUpdateEj
                0x0000000008010018       0xb8 ../lib-ws28xx/lib_gd32/libws28xx.a(pixelpatterns.o)
                0x0000000008010018                PixelPatterns::ScannerUpdate(unsigned int)
 .text._ZN13PixelPatterns10FadeUpdateEj
                0x00000000080100d0       0x8c ../lib-ws28xx/lib_gd32/libws28xx.a(pixelpatterns.o)
                0x00000000080100d0                PixelPatterns::FadeUpdate(unsigned int)
 .text._ZN13PixelPatterns10PortUpdateEjj
                0x000000000801015c       0x50 ../lib-ws28xx/lib_gd32/libws28xx.a(pixelpatterns.o)
                0x000000000801015c                PixelPatterns::PortUpdate(unsigned int, unsigned int)
 .text._ZN13PixelPatterns3RunEv
                0x00000000080101ac       0x58 ../lib-ws28xx/lib_gd32/libws28xx.a(pixelpatterns.o)
                0x00000000080101ac                PixelPatterns::Run()
 .text._ZN11WS28xxMulti14SetPixel4BytesEjjhhhh.constprop.0
                0x0000000008010204       0x8c ../lib-ws28xx/lib_gd32/libws28xx.a(ws28xxmulti.o)
 .text.TIMER3_IRQHandler
                0x0000000008010290       0x68 ../lib-ws28xx/lib_gd32/libws28xx.a(ws28xxmulti.o)
                0x0000000008010290                TIMER3_IRQHandler
 .text._ZN11WS28xxMultiD2Ev
                0x00000000080102f8        0xc ../lib-ws28xx/lib_gd32/libws28xx.a(ws28xxmulti.o)
                0x00000000080102f8                WS28xxMulti::~WS28xxMulti()
                0x00000000080102f8                WS28xxMulti::~WS28xxMulti()
 .text._ZN11WS28xxMulti5SetupEhh
                0x0000000008010304      0x1f4 ../lib-ws28xx/lib_gd32/libws28xx.a(ws28xxmulti.o)
                0x0000000008010304                WS28xxMulti::Setup(unsigned char, unsigned char)
 .text._ZN11WS28xxMulti5SetupEj
                0x00000000080104f8      0x244 ../lib-ws28xx/lib_gd32/libws28xx.a(ws28xxmulti.o)
                0x00000000080104f8                WS28xxMulti::Setup(unsigned int)
 .text._ZN11WS28xxMultiC2ER18PixelConfiguration
                0x000000000801073c       0xbc ../lib-ws28xx/lib_gd32/libws28xx.a(ws28xxmulti.o)
                0x000000000801073c                WS28xxMulti::WS28xxMulti(PixelConfiguration&)
                0x000000000801073c                WS28xxMulti::WS28xxMulti(PixelConfiguration&)
 .text._ZN11WS28xxMulti6UpdateEv
                0x00000000080107f8      0x148 ../lib-ws28xx/lib_gd32/libws28xx.a(ws28xxmulti.o)
                0x00000000080107f8                WS28xxMulti::Update()
 .text._ZN11WS28xxMulti8BlackoutEv
                0x0000000008010940       0xc4 ../lib-ws28xx/lib_gd32/libws28xx.a(ws28xxmulti.o)
                0x0000000008010940                WS28xxMulti::Blackout()
 .text._ZN11WS28xxMulti6FullOnEv
                0x0000000008010a04       0xc0 ../lib-ws28xx/lib_gd32/libws28xx.a(ws28xxmulti.o)
                0x0000000008010a04                WS28xxMulti::FullOn()
 .text._ZN11WS28xxMulti10IsUpdatingEv
                0x0000000008010ac4       0x10 ../lib-ws28xx/lib_gd32/libws28xx.a(ws28xxmulti.o)
                0x0000000008010ac4                WS28xxMulti::IsUpdating()
 .text._ZN11WS28xxMulti12SetColourRTZEjjhhh
                0x0000000008010ad4       0x7c ../lib-ws28xx/lib_gd32/libws28xx.a(ws28xxmulti.o)
                0x0000000008010ad4                WS28xxMulti::SetColourRTZ(unsigned int, unsigned int, unsigned char, unsigned char, unsigned char)
 .text._ZN11WS28xxMulti15SetColourWS2801Ejjhhh
                0x0000000008010b50       0x74 ../lib-ws28xx/lib_gd32/libws28xx.a(ws28xxmulti.o)
                0x0000000008010b50                WS28xxMulti::SetColourWS2801(unsigned int, unsigned int, unsigned char, unsigned char, unsigned char)
 .text._ZN11WS28xxMulti8SetPixelEjjhhh
                0x0000000008010bc4      0x104 ../lib-ws28xx/lib_gd32/libws28xx.a(ws28xxmulti.o)
                0x0000000008010bc4                WS28xxMulti::SetPixel(unsigned int, unsigned int, unsigned char, unsigned char, unsigned char)
 .text._ZN11WS28xxMulti8SetPixelEjjhhhh
                0x0000000008010cc8       0x88 ../lib-ws28xx/lib_gd32/libws28xx.a(ws28xxmulti.o)
                0x0000000008010cc8                WS28xxMulti::SetPixel(unsigned int, unsigned int, unsigned char, unsigned char, unsigned char, unsigned char)
 .text.memcpy.isra.0
                0x0000000008010d50       0x14 ../lib-network/lib_gd32/libnetwork.a(igmp.o)
 .text._ZL12_send_reportj
                0x0000000008010d64       0x64 ../lib-network/lib_gd32/libnetwork.a(igmp.o)
 .text._Z11igmp_set_ipv
                0x0000000008010dc8       0x34 ../lib-network/lib_gd32/libnetwork.a(igmp.o)
                0x0000000008010dc8                igmp_set_ip()
 .text._Z10igmp_timerv
                0x0000000008010dfc       0x34 ../lib-network/lib_gd32/libnetwork.a(igmp.o)
                0x0000000008010dfc                igmp_timer()
 .text._Z9igmp_joinj
                0x0000000008010e30       0x58 ../lib-network/lib_gd32/libnetwork.a(igmp.o)
                0x0000000008010e30                igmp_join(unsigned int)
 .text._Z10igmp_leavej
                0x0000000008010e88       0x8c ../lib-network/lib_gd32/libnetwork.a(igmp.o)
                0x0000000008010e88                igmp_leave(unsigned int)
 .text._Z10net_set_ipj
                0x0000000008010f14       0x18 ../lib-network/lib_gd32/libnetwork.a(net.o)
                0x0000000008010f14                net_set_ip(unsigned int)
 .text._Z12net_set_dhcpP7ip_infoPKcPb
                0x0000000008010f2c       0x48 ../lib-network/lib_gd32/libnetwork.a(net.o)
                0x0000000008010f2c                net_set_dhcp(ip_info*, char const*, bool*)
 .text._Z16net_dhcp_releasev
                0x0000000008010f74       0x14 ../lib-network/lib_gd32/libnetwork.a(net.o)
                0x0000000008010f74                net_dhcp_release()
 .text._Z16net_set_zeroconfP7ip_info
                0x0000000008010f88       0x38 ../lib-network/lib_gd32/libnetwork.a(net.o)
                0x0000000008010f88                net_set_zeroconf(ip_info*)
 .text._Z14net_timers_runv
                0x0000000008010fc0       0x20 ../lib-network/lib_gd32/libnetwork.a(net_timers.o)
                0x0000000008010fc0                net_timers_run()
 .text._Z7rfc3927v
                0x0000000008010fe0       0x84 ../lib-network/lib_gd32/libnetwork.a(rfc3927.o)
                0x0000000008010fe0                rfc3927()
 .text.memcpy.isra.0
                0x0000000008011064       0x14 ../lib-network/lib_gd32/libnetwork.a(tcp.o)
 .text._ZL12scan_optionsP5t_tcpP3tcbi
                0x0000000008011078       0xb0 ../lib-network/lib_gd32/libnetwork.a(tcp.o)
 .text._ZL8_bswap32P5t_tcp
                0x0000000008011128       0x4a ../lib-network/lib_gd32/libnetwork.a(tcp.o)
 *fill*         0x0000000008011172        0x2 
 .text._ZL12send_packagePK3tcbRK8SendInfo
                0x0000000008011174      0x174 ../lib-network/lib_gd32/libnetwork.a(tcp.o)
 .text._ZL9_init_tcbP3tcbt
                0x00000000080112e8       0x38 ../lib-network/lib_gd32/libnetwork.a(tcp.o)
 .text._ZL10send_resetP5t_tcpPK3tcb
                0x0000000008011320       0x60 ../lib-network/lib_gd32/libnetwork.a(tcp.o)
 .text._Z9tcp_begint