Archive member included to satisfy reference by file (symbol)

../lib-c/lib_gd32/libc.a(printf.o)
                              build_gd32/firmware/main.o (printf)
../lib-c/lib_gd32/libc.a(puts.o)
                              build_gd32/firmware/main.o (puts)
/Users/arjanvanvught/Library/xPacks/@xpack-dev-tools/arm-none-eabi-gcc/11.3.1-1.1.2/.content/bin/../lib/gcc/arm-none-eabi/11.3.1/thumb/v7e-m+fp/hard/libgcc.a(_arm_truncdfsf2.o)
                              ../lib-c/lib_gd32/libc.a(printf.o) (__aeabi_d2f)
/Users/arjanvanvught/Library/xPacks/@xpack-dev-tools/arm-none-eabi-gcc/11.3.1-1.1.2/.content/bin/../lib/gcc/arm-none-eabi/11.3.1/thumb/v7e-m+fp/hard/libgcc.a(_aeabi_uldivmod.o)
                              ../lib-c/lib_gd32/libc.a(printf.o) (__aeabi_uldivmod)
/Users/arjanvanvught/Library/xPacks/@xpack-dev-tools/arm-none-eabi-gcc/11.3.1-1.1.2/.content/bin/../lib/gcc/arm-none-eabi/11.3.1/thumb/v7e-m+fp/hard/libgcc.a(_udivmoddi4.o)
                              /Users/arjanvanvught/Library/xPacks/@xpack-dev-tools/arm-none-eabi-gcc/11.3.1-1.1.2/.content/bin/../lib/gcc/arm-none-eabi/11.3.1/thumb/v7e-m+fp/hard/libgcc.a(_aeabi_uldivmod.o) (__udivmoddi4)
/Users/arjanvanvught/Library/xPacks/@xpack-dev-tools/arm-none-eabi-gcc/11.3.1-1.1.2/.content/bin/../lib/gcc/arm-none-eabi/11.3.1/thumb/v7e-m+fp/hard/libgcc.a(_dvmd_tls.o)
                              /Users/arjanvanvught/Library/xPacks/@xpack-dev-tools/arm-none-eabi-gcc/11.3.1-1.1.2/.content/bin/../lib/gcc/arm-none-eabi/11.3.1/thumb/v7e-m+fp/hard/libgcc.a(_aeabi_uldivmod.o) (__aeabi_ldiv0)
../lib-remoteconfig/lib_gd32/libremoteconfig.a(remoteconfig.o)
                              build_gd32/firmware/main.o (RemoteConfig::RemoteConfig(remoteconfig::Node, remoteconfig::Output, unsigned int))
../lib-remoteconfig/lib_gd32/libremoteconfig.a(remoteconfigfactory.o)
                              ../lib-remoteconfig/lib_gd32/libremoteconfig.a(remoteconfig.o) (RemoteConfig::HandleFactory())
../lib-remoteconfig/lib_gd32/libremoteconfig.a(remoteconfigparams.o)
                              build_gd32/firmware/main.o (RemoteConfigParams::RemoteConfigParams(RemoteConfigParamsStore*))
../lib-remoteconfig/lib_gd32/libremoteconfig.a(remoteconfigparamsdump.o)
                              build_gd32/firmware/main.o (RemoteConfigParams::Dump())
../lib-remoteconfig/lib_gd32/libremoteconfig.a(remoteconfigreboot.o)
                              ../lib-remoteconfig/lib_gd32/libremoteconfig.a(remoteconfig.o) (RemoteConfig::HandleReboot())
../lib-remoteconfig/lib_gd32/libremoteconfig.a(remoteconfigstatic.o)
                              ../lib-remoteconfig/lib_gd32/libremoteconfig.a(remoteconfig.o) (RemoteConfig::GetIndex(void const*, unsigned int&))
../lib-remoteconfig/lib_gd32/libremoteconfig.a(remoteconfig.o)
                              ../lib-remoteconfig/lib_gd32/libremoteconfig.a(remoteconfig.o) (RemoteConfig::PlatformHandleTftpSet())
../lib-remoteconfig/lib_gd32/libremoteconfig.a(httd.o)
                              build_gd32/firmware/main.o (HttpDaemon::HttpDaemon())
../lib-remoteconfig/lib_gd32/libremoteconfig.a(remoteconfigconst.o)
                              ../lib-remoteconfig/lib_gd32/libremoteconfig.a(remoteconfigparams.o) (RemoteConfigConst::PARAMS_DISPLAY_NAME)
../lib-remoteconfig/lib_gd32/libremoteconfig.a(remoteconfigjson.o)
                              ../lib-remoteconfig/lib_gd32/libremoteconfig.a(httd.o) (remoteconfig::json_get_list(char*, unsigned short))
../lib-remoteconfig/lib_gd32/libremoteconfig.a(get_file_content.o)
                              ../lib-remoteconfig/lib_gd32/libremoteconfig.a(httd.o) (get_file_content(char const*, char*))
../lib-artnet4/lib_gd32/libartnet4.a(artnet4node.o)
                              build_gd32/firmware/main.o (ArtNet4Node::ArtNet4Node())
../lib-artnet/lib_gd32/libartnet.a(artnetmsgconst.o)
                              build_gd32/firmware/main.o (ArtNetMsgConst::STARTED)
../lib-artnet/lib_gd32/libartnet.a(artnetnode.o)
                              ../lib-artnet4/lib_gd32/libartnet4.a(artnet4node.o) (ArtNetNode::~ArtNetNode())
../lib-artnet/lib_gd32/libartnet.a(artnetnodegetportaddress.o)
                              ../lib-artnet4/lib_gd32/libartnet4.a(artnet4node.o) (ArtNetNode::GetPortAddress(unsigned int, unsigned short&, lightset::PortDir) const)
../lib-artnet/lib_gd32/libartnet.a(artnetnodehandleaddress.o)
                              ../lib-artnet4/lib_gd32/libartnet4.a(artnet4node.o) (ArtNetNode::SetUniverseSwitch(unsigned int, lightset::PortDir, unsigned char))
../lib-artnet/lib_gd32/libartnet.a(artnetnodehandledmx.o)
                              ../lib-artnet/lib_gd32/libartnet.a(artnetnode.o) (ArtNetNode::HandleDmx())
../lib-artnet/lib_gd32/libartnet.a(artnetnodehandleipprog.o)
                              ../lib-artnet/lib_gd32/libartnet.a(artnetnode.o) (ArtNetNode::HandleIpProg())
../lib-artnet/lib_gd32/libartnet.a(artnetnodehandlepoll.o)
[...]
Memory Configuration

Name             Origin             Length             Attributes
FLASH            0x0000000008008000 0x0000000000038000 xr
TCMSRAM          0x0000000010000000 0x0000000000010000 rw
RAM              0x0000000020000000 0x0000000000030000 xrw
RAMADD           0x0000000020030000 0x0000000000040000 xrw
BKPSRAM          0x0000000040024000 0x0000000000001000 rw
*default*        0x0000000000000000 0xffffffffffffffff

Linker script and memory map

LOAD build_gd32/startup_gd32f450.o
LOAD build_gd32/firmware/main.o
LOAD build_gd32/lib/factorydefaults.o
LOAD build_gd32/lib/rdmsoftwareversion.o
                0x0000000000002000                __heap_size = DEFINED (__heap_size)?__heap_size:0x2000
                0x0000000000004000                __stack_size = DEFINED (__stack_size)?__stack_size:0x4000

.vectors        0x0000000008008000      0x1ac
                0x0000000008008000                . = ALIGN (0x4)
 *(.vectors)
 .vectors       0x0000000008008000      0x1ac build_gd32/startup_gd32f450.o
                0x0000000008008000                __gVectors
                0x00000000080081ac                . = ALIGN (0x4)
                0x00000000080081ac                __Vectors_End = .
                0x00000000080081ac                __Vectors_Size = (__Vectors_End - __gVectors)

.text           0x00000000080081ac    0x117f8
                0x00000000080081ac                . = ALIGN (0x4)
 *(.text.unlikely*)
 .text.unlikely._Z9igmp_initv
                0x00000000080081ac       0x90 ../lib-network/lib_gd32/libnetwork.a(igmp.o)
                0x00000000080081ac                igmp_init()
 .text.unlikely._Z13igmp_shutdownv
                0x000000000800823c       0x28 ../lib-network/lib_gd32/libnetwork.a(igmp.o)
                0x000000000800823c                igmp_shutdown()
 .text.unlikely._Z8net_initPKhP7ip_infoPKcPbS5_
                0x0000000008008264       0x88 ../lib-network/lib_gd32/libnetwork.a(net.o)
                0x0000000008008264                net_init(unsigned char const*, ip_info*, char const*, bool*, bool*)
 .text.unlikely._Z12net_shutdownv
                0x00000000080082ec       0x1c ../lib-network/lib_gd32/libnetwork.a(net.o)
                0x00000000080082ec                net_shutdown()
 .text.unlikely._Z8tcp_initv
                0x0000000008008308       0x44 ../lib-network/lib_gd32/libnetwork.a(tcp.o)
                0x0000000008008308                tcp_init()
 .text.unlikely._Z8udp_initv
                0x000000000800834c       0x30 ../lib-network/lib_gd32/libnetwork.a(udp.o)
                0x000000000800834c                udp_init()
 .text.unlikely._Z12udp_shutdownv
                0x000000000800837c        0x2 ../lib-network/lib_gd32/libnetwork.a(udp.o)
                0x000000000800837c                udp_shutdown()
 *fill*         0x000000000800837e        0x2 
 .text.unlikely._Z8arp_initv
                0x0000000008008380       0xf8 ../lib-network/lib_gd32/libnetwork.a(arp.o)
                0x0000000008008380                arp_init()
 .text.unlikely._Z14arp_cache_initv
                0x0000000008008478       0x2c ../lib-network/lib_gd32/libnetwork.a(arp_cache.o)
                0x0000000008008478                arp_cache_init()
 .text.unlikely._Z7ip_initv
                0x00000000080084a4        0xe ../lib-network/lib_gd32/libnetwork.a(ip.o)
                0x00000000080084a4                ip_init()
 .text.unlikely._Z11ip_shutdownv
                0x00000000080084b2        0xe ../lib-network/lib_gd32/libnetwork.a(ip.o)
                0x00000000080084b2                ip_shutdown()
 .text.unlikely.console_init
                0x00000000080084c0       0x20 ../lib-hal/lib_gd32/libhal.a(console_uart0.o)
                0x00000000080084c0                console_init
 *(.text.hot*)
 .text.hot._Z11igmp_handleP6t_igmp
                0x00000000080084e0       0x94 ../lib-network/lib_gd32/libnetwork.a(igmp.o)
                0x00000000080084e0                igmp_handle(t_igmp*)
 .text.hot._Z10net_handlev
                0x0000000008008574       0x38 ../lib-network/lib_gd32/libnetwork.a(net.o)
                0x0000000008008574                net_handle()
 .text.hot._Z7tcp_runv
                0x00000000080085ac       0x44 ../lib-network/lib_gd32/libnetwork.a(tcp.o)
                0x00000000080085ac                tcp_run()
 .text.hot._Z10tcp_handleP5t_tcp
                0x00000000080085f0      0x4c4 ../lib-network/lib_gd32/libnetwork.a(tcp.o)
                0x00000000080085f0                tcp_handle(t_tcp*)
 .text.hot._Z10udp_handleP5t_udp
                0x0000000008008ab4       0x84 ../lib-network/lib_gd32/libnetwork.a(udp.o)
                0x0000000008008ab4                udp_handle(t_udp*)
 .text.hot._Z10arp_handleP5t_arp
                0x0000000008008b38       0x18 ../lib-network/lib_gd32/libnetwork.a(arp.o)
                0x0000000008008b38                arp_handle(t_arp*)
 .text.hot._Z9ip_handleP5t_ip4
                0x0000000008008b50       0x42 ../lib-network/lib_gd32/libnetwork.a(ip.o)
                0x0000000008008b50                ip_handle(t_ip4*)
 *fill*         0x0000000008008b92        0x2 
 .text.hot._Z11icmp_handleP6t_icmp
                0x0000000008008b94       0x78 ../lib-network/lib_gd32/libnetwork.a(icmp.o)
                0x0000000008008b94                icmp_handle(t_icmp*)
 *(.text)
 .text          0x0000000008008c0c       0x58 build_gd32/startup_gd32f450.o
                0x0000000008008c20                Reset_Handler
 .text          0x0000000008008c64       0xa0 /Users/arjanvanvught/Library/xPacks/@xpack-dev-tools/arm-none-eabi-gcc/11.3.1-1.1.2/.content/bin/../lib/gcc/arm-none-eabi/11.3.1/thumb/v7e-m+fp/hard/libgcc.a(_arm_truncdfsf2.o)
                0x0000000008008c64                __aeabi_d2f
                0x0000000008008c64                __truncdfsf2
 .text          0x0000000008008d04       0x30 /Users/arjanvanvught/Library/xPacks/@xpack-dev-tools/arm-none-eabi-gcc/11.3.1-1.1.2/.content/bin/../lib/gcc/arm-none-eabi/11.3.1/thumb/v7e-m+fp/hard/libgcc.a(_aeabi_uldivmod.o)
                0x0000000008008d04                __aeabi_uldivmod
 .text          0x0000000008008d34        0x4 /Users/arjanvanvught/Library/xPacks/@xpack-dev-tools/arm-none-eabi-gcc/11.3.1-1.1.2/.content/bin/../lib/gcc/arm-none-eabi/11.3.1/thumb/v7e-m+fp/hard/libgcc.a(_dvmd_tls.o)
                0x0000000008008d34                __aeabi_ldiv0
                0x0000000008008d34                __aeabi_idiv0
 .text          0x0000000008008d38      0x378 /Users/arjanvanvught/Library/xPacks/@xpack-dev-tools/arm-none-eabi-gcc/11.3.1-1.1.2/.content/bin/../lib/gcc/arm-none-eabi/11.3.1/thumb/v7e-m+fp/hard/libgcc.a(_arm_addsubdf3.o)
                0x0000000008008d38                __aeabi_drsub
                0x0000000008008d40                __subdf3
                0x0000000008008d40                __aeabi_dsub
                0x0000000008008d44                __aeabi_dadd
                0x0000000008008d44                __adddf3
                0x0000000008008fbc                __aeabi_ui2d
                0x0000000008008fbc                __floatunsidf
                0x0000000008008fdc                __floatsidf
                0x0000000008008fdc                __aeabi_i2d
                0x0000000008009000                __extendsfdf2
                0x0000000008009000                __aeabi_f2d
                0x0000000008009044                __aeabi_ul2d
                0x0000000008009044                __floatundidf
                0x0000000008009054                __aeabi_l2d
                0x0000000008009054                __floatdidf
 *(.text*)
 .text.Default_Handler
                0x00000000080090b0        0x2 build_gd32/startup_gd32f450.o
                0x00000000080090b0                USBHS_EP1_Out_IRQHandler
                0x00000000080090b0                EXTI2_IRQHandler
                0x00000000080090b0                TIMER2_IRQHandler
                0x00000000080090b0                DebugMon_Handler
                0x00000000080090b0                LVD_IRQHandler
                0x00000000080090b0                SPI4_IRQHandler
                0x00000000080090b0                CAN1_EWMC_IRQHandler
                0x00000000080090b0                HardFault_Handler
                0x00000000080090b0                TIMER7_UP_TIMER12_IRQHandler
                0x00000000080090b0                SDIO_IRQHandler
                0x00000000080090b0                PendSV_Handler
                0x00000000080090b0                NMI_Handler
                0x00000000080090b0                EXTI3_IRQHandler
                0x00000000080090b0                DCI_IRQHandler
                0x00000000080090b0                USBFS_WKUP_IRQHandler
                0x00000000080090b0                USBHS_IRQHandler
                0x00000000080090b0                IPA_IRQHandler
                0x00000000080090b0                TIMER5_DAC_IRQHandler
                0x00000000080090b0                TIMER0_TRG_CMT_TIMER10_IRQHandler
                0x00000000080090b0                USBFS_IRQHandler
                0x00000000080090b0                DMA0_Channel6_IRQHandler
                0x00000000080090b0                I2C0_EV_IRQHandler
                0x00000000080090b0                EXTI0_IRQHandler
                0x00000000080090b0                I2C2_EV_IRQHandler
                0x00000000080090b0                CAN1_RX0_IRQHandler
                0x00000000080090b0                FPU_IRQHandler
                0x00000000080090b0                TIMER7_TRG_CMT_TIMER13_IRQHandler
                0x00000000080090b0                UsageFault_Handler
                0x00000000080090b0                TIMER4_IRQHandler
                0x00000000080090b0                SPI1_IRQHandler
                0x00000000080090b0                DMA0_Channel0_IRQHandler
                0x00000000080090b0                USART5_IRQHandler
                0x00000000080090b0                TIMER0_BRK_TIMER8_IRQHandler
                0x00000000080090b0                DMA1_Channel0_IRQHandler
                0x00000000080090b0                TIMER7_BRK_TIMER11_IRQHandler
                0x00000000080090b0                TIMER6_IRQHandler
                0x00000000080090b0                DMA1_Channel4_IRQHandler
                0x00000000080090b0                DMA0_Channel3_IRQHandler
                0x00000000080090b0                I2C0_ER_IRQHandler
                0x00000000080090b0                TLI_IRQHandler
                0x00000000080090b0                TIMER0_UP_TIMER9_IRQHandler
                0x00000000080090b0                DMA1_Channel7_IRQHandler
                0x00000000080090b0                CAN1_RX1_IRQHandler
                0x00000000080090b0                DMA0_Channel2_IRQHandler
                0x00000000080090b0                USART0_IRQHandler
                0x00000000080090b0                I2C1_EV_IRQHandler
                0x00000000080090b0                DMA1_Channel6_IRQHandler
                0x00000000080090b0                UART4_IRQHandler
                0x00000000080090b0                EXTI10_15_IRQHandler
                0x00000000080090b0                DMA1_Channel1_IRQHandler
                0x00000000080090b0                Default_Handler
                0x00000000080090b0                TIMER7_Channel_IRQHandler
                0x00000000080090b0                DMA0_Channel7_IRQHandler
                0x00000000080090b0                ADC_IRQHandler
                0x00000000080090b0                CAN0_TX_IRQHandler
                0x00000000080090b0                WWDGT_IRQHandler
                0x00000000080090b0                EXMC_IRQHandler
                0x00000000080090b0                SPI5_IRQHandler
                0x00000000080090b0                TAMPER_STAMP_IRQHandler
                0x00000000080090b0                RTC_WKUP_IRQHandler
                0x00000000080090b0                SPI2_IRQHandler
                0x00000000080090b0                MemManage_Handler
                0x00000000080090b0                CAN1_TX_IRQHandler
                0x00000000080090b0                SVC_Handler
                0x00000000080090b0                RCU_CTC_IRQHandler
                0x00000000080090b0                DMA1_Channel5_IRQHandler
                0x00000000080090b0                EXTI4_IRQHandler
                0x00000000080090b0                CAN0_RX1_IRQHandler
                0x00000000080090b0                DMA0_Channel5_IRQHandler
                0x00000000080090b0                DMA1_Channel3_IRQHandler
                0x00000000080090b0                EXTI5_9_IRQHandler
                0x00000000080090b0                DMA0_Channel1_IRQHandler
                0x00000000080090b0                TIMER0_Channel_IRQHandler
                0x00000000080090b0                EXTI1_IRQHandler
                0x00000000080090b0                ENET_WKUP_IRQHandler
                0x00000000080090b0                USBHS_EP1_In_IRQHandler
                0x00000000080090b0                SPI0_IRQHandler
                0x00000000080090b0                UART7_IRQHandler
                0x00000000080090b0                USART2_IRQHandler
                0x00000000080090b0                UART6_IRQHandler
                0x00000000080090b0                CAN0_EWMC_IRQHandler
                0x00000000080090b0                CAN0_RX0_IRQHandler
                0x00000000080090b0                I2C2_ER_IRQHandler
                0x00000000080090b0                DMA1_Channel2_IRQHandler
                0x00000000080090b0                TLI_ER_IRQHandler
                0x00000000080090b0                BusFault_Handler
                0x00000000080090b0                USART1_IRQHandler
                0x00000000080090b0                SPI3_IRQHandler
                0x00000000080090b0                UART3_IRQHandler
                0x00000000080090b0                I2C1_ER_IRQHandler
                0x00000000080090b0                FMC_IRQHandler
                0x00000000080090b0                USBHS_WKUP_IRQHandler
                0x00000000080090b0                DMA0_Channel4_IRQHandler
                0x00000000080090b0                TRNG_IRQHandler
                0x00000000080090b0                ENET_IRQHandler
                0x00000000080090b0                RTC_Alarm_IRQHandler
 .text.memcmp   0x00000000080090b2       0x20 build_gd32/firmware/main.o
 .text.memcpy   0x00000000080090d2       0x16 build_gd32/firmware/main.o
 .text._ZN8LightSet6FullOnEv
                0x00000000080090e8        0x2 build_gd32/firmware/main.o
                0x00000000080090e8                LightSet::FullOn()
 .text._ZN15LightSet64with4D2Ev
                0x00000000080090ea        0x2 build_gd32/firmware/main.o
                0x00000000080090ea                LightSet64with4::~LightSet64with4()
                0x00000000080090ea                LightSet64with4::~LightSet64with4()
 .text._ZN15LightSet64with45StartEj
                0x00000000080090ec       0x22 build_gd32/firmware/main.o
                0x00000000080090ec                LightSet64with4::Start(unsigned int)
 .text._ZN15LightSet64with44StopEj
                0x000000000800910e       0x22 build_gd32/firmware/main.o
                0x000000000800910e                LightSet64with4::Stop(unsigned int)
 .text._ZN15LightSet64with47SetDataEjPKhj
                0x0000000008009130       0x34 build_gd32/firmware/main.o
                0x0000000008009130                LightSet64with4::SetData(unsigned int, unsigned char const*, unsigned int)
 .text._ZN15LightSet64with48BlackoutEb
                0x0000000008009164       0x22 build_gd32/firmware/main.o
                0x0000000008009164                LightSet64with4::Blackout(bool)
 .text._ZN15LightSet64with45PrintEv
                0x0000000008009186       0x1e build_gd32/firmware/main.o
                0x0000000008009186                LightSet64with4::Print()
 .text._ZN15LightSet64with418SetDmxStartAddressEt
                0x00000000080091a4        0x4 build_gd32/firmware/main.o
                0x00000000080091a4                LightSet64with4::SetDmxStartAddress(unsigned short)
 .text._ZN15LightSet64with418GetDmxStartAddressEv
                0x00000000080091a8        0x6 build_gd32/firmware/main.o
                0x00000000080091a8                LightSet64with4::GetDmxStartAddress()
 .text._ZN15LightSet64with415GetDmxFootprintEv
                0x00000000080091ae        0x4 build_gd32/firmware/main.o
                0x00000000080091ae                LightSet64with4::GetDmxFootprint()
 .text._ZN15LightSet64with411GetSlotInfoEtRN8lightset8SlotInfoE
                0x00000000080091b2        0x4 build_gd32/firmware/main.o
                0x00000000080091b2                LightSet64with4::GetSlotInfo(unsigned short, lightset::SlotInfo&)
 .text._ZN20ArtNetTriggerHandlerD2Ev
                0x00000000080091b6        0x2 build_gd32/firmware/main.o
                0x00000000080091b6                ArtNetTriggerHandler::~ArtNetTriggerHandler()
                0x00000000080091b6                ArtNetTriggerHandler::~ArtNetTriggerHandler()
 .text._ZN17PixelDmxStartStopD2Ev
                0x00000000080091b8        0x2 build_gd32/firmware/main.o
                0x00000000080091b8                PixelDmxStartStop::~PixelDmxStartStop()
                0x00000000080091b8                PixelDmxStartStop::~PixelDmxStartStop()
 *fill*         0x00000000080091ba        0x2 
 .text._ZN17PixelDmxStartStop5StartEv
                0x00000000080091bc       0x10 build_gd32/firmware/main.o
                0x00000000080091bc                PixelDmxStartStop::Start()
 .text._ZN17PixelDmxStartStop4StopEv
                0x00000000080091cc       0x10 build_gd32/firmware/main.o
                0x00000000080091cc                PixelDmxStartStop::Stop()
 .text._ZN12dmxconfigudpL4atoiEPKcj
                0x00000000080091dc       0x24 build_gd32/firmware/main.o
 .text._ZN10LLRPDevice7CopyUIDEPh
                0x0000000008009200        0x2 build_gd32/firmware/main.o
                0x0000000008009200                LLRPDevice::CopyUID(unsigned char*)
 .text._ZN10LLRPDevice7CopyCIDEPh
                0x0000000008009202        0x2 build_gd32/firmware/main.o
                0x0000000008009202                LLRPDevice::CopyCID(unsigned char*)
 .text._ZN10LLRPDevice20LLRPHandleRdmCommandEPKh
                0x0000000008009204        0x4 build_gd32/firmware/main.o
                0x0000000008009204                LLRPDevice::LLRPHandleRdmCommand(unsigned char const*)
 .text._ZN12RDMNetDevice7CopyUIDEPh
                0x0000000008009208       0x12 build_gd32/firmware/main.o
                0x0000000008009208                RDMNetDevice::CopyUID(unsigned char*)
                0x0000000008009214                non-virtual thunk to RDMNetDevice::CopyUID(unsigned char*)
 *fill*         0x000000000800921a        0x2 
 .text._ZN12RDMNetDevice7CopyCIDEPh
                0x000000000800921c       0x18 build_gd32/firmware/main.o
                0x000000000800921c                RDMNetDevice::CopyCID(unsigned char*)
                0x000000000800922c                non-virtual thunk to RDMNetDevice::CopyCID(unsigned char*)
 .text._ZN15LightSet64with4D0Ev
                0x0000000008009234        0xc build_gd32/firmware/main.o
                0x0000000008009234                LightSet64with4::~LightSet64with4()
 .text._ZN20ArtNetTriggerHandlerD0Ev
                0x0000000008009240        0xc build_gd32/firmware/main.o
                0x0000000008009240                ArtNetTriggerHandler::~ArtNetTriggerHandler()
 .text._ZN17PixelDmxStartStopD0Ev
                0x000000000800924c        0xc build_gd32/firmware/main.o
                0x000000000800924c                PixelDmxStartStop::~PixelDmxStartStop()
 .text._ZN12RDMNetDevice20LLRPHandleRdmCommandEPKh
                0x0000000008009258       0x1c build_gd32/firmware/main.o
                0x0000000008009258                RDMNetDevice::LLRPHandleRdmCommand(unsigned char const*)
                0x000000000800926c                non-virtual thunk to RDMNetDevice::LLRPHandleRdmCommand(unsigned char const*)
 .text._ZN10LLRPDeviceD2Ev
                0x0000000008009274       0x24 build_gd32/firmware/main.o
                0x0000000008009274                LLRPDevice::~LLRPDevice()
                0x0000000008009274                LLRPDevice::~LLRPDevice()
 .text._ZN10LLRPDeviceD0Ev
                0x0000000008009298       0x12 build_gd32/firmware/main.o
                0x0000000008009298                LLRPDevice::~LLRPDevice()
 .text._ZN7Display12SetCursorPosEjj.isra.0
                0x00000000080092aa        0xa build_gd32/firmware/main.o
 .text._ZN7Display7PutCharEi.isra.0
                0x00000000080092b4        0xa build_gd32/firmware/main.o
 *fill*         0x00000000080092be        0x2 
 .text._ZN12RDMNetDeviceD2Ev
                0x00000000080092c0       0x3c build_gd32/firmware/main.o
                0x00000000080092c0                RDMNetDevice::~RDMNetDevice()
                0x00000000080092c0                RDMNetDevice::~RDMNetDevice()
                0x00000000080092f4                non-virtual thunk to RDMNetDevice::~RDMNetDevice()
 .text._ZN12RDMNetDeviceD0Ev
                0x00000000080092fc       0x18 build_gd32/firmware/main.o
                0x00000000080092fc                RDMNetDevice::~RDMNetDevice()
                0x000000000800930e                non-virtual thunk to RDMNetDevice::~RDMNetDevice()
 .text._ZN7Display9ClearLineEj
                0x0000000008009314        0xc build_gd32/firmware/main.o
                0x0000000008009314                Display::ClearLine(unsigned int)
 .text._ZN7Display6PrintfEjPKcz
                0x0000000008009320       0x38 build_gd32/firmware/main.o
                0x0000000008009320                Display::Printf(unsigned int, char const*, ...)
 .text._ZN7Display10TextStatusEPKc
                0x0000000008009358       0x66 build_gd32/firmware/main.o
                0x0000000008009358                Display::TextStatus(char const*)
 .text._ZN7Display10TextStatusEPKc22Display7SegmentMessagej
                0x00000000080093be       0x50 build_gd32/firmware/main.o
                0x00000000080093be                Display::TextStatus(char const*, Display7SegmentMessage, unsigned int)
 *fill*         0x000000000800940e        0x2 
 .text._ZN7Display8SetSleepEb
                0x0000000008009410       0x20 build_gd32/firmware/main.o
                0x0000000008009410                Display::SetSleep(bool)
 .text._ZN8hardware8ledblink7displayEj
                0x0000000008009430       0x40 build_gd32/firmware/main.o
                0x0000000008009430                hardware::ledblink::display(unsigned int)
 .text._ZN7display7timeout9gpio_initEv
                0x0000000008009470       0x20 build_gd32/firmware/main.o
                0x0000000008009470                display::timeout::gpio_init()
 .text._ZN7display7timeout10gpio_renewEv
                0x0000000008009490       0x14 build_gd32/firmware/main.o
                0x0000000008009490                display::timeout::gpio_renew()
 .text._ZN16PixelTestPattern10SetPatternEN13pixelpatterns7PatternE
                0x00000000080094a4      0x104 build_gd32/firmware/main.o
                0x00000000080094a4                PixelTestPattern::SetPattern(pixelpatterns::Pattern)
 .text._ZN20ArtNetTriggerHandler7HandlerEPK14TArtNetTrigger
                0x00000000080095a8       0x80 build_gd32/firmware/main.o
                0x00000000080095a8                ArtNetTriggerHandler::Handler(TArtNetTrigger const*)
 .text._ZN17PixelDmxStartStopC2Ev
                0x0000000008009628       0x40 build_gd32/firmware/main.o
                0x0000000008009628                PixelDmxStartStop::PixelDmxStartStop()
                0x0000000008009628                PixelDmxStartStop::PixelDmxStartStop()
 .text._ZN8Hardware13RebootHandlerEv
                0x0000000008009668       0x2c build_gd32/firmware/main.o
                0x0000000008009668                Hardware::RebootHandler()
 .text.startup.main
                0x0000000008009694      0x814 build_gd32/firmware/main.o
                0x0000000008009694                main
 .text._ZN12StoreNetwork8SaveDhcpEb
                0x0000000008009ea8       0x30 build_gd32/lib/factorydefaults.o
                0x0000000008009ea8                StoreNetwork::SaveDhcp(bool)
                0x0000000008009ed0                non-virtual thunk to StoreNetwork::SaveDhcp(bool)
 .text._ZN3rdm6device9responder15factorydefaultsEv
                0x0000000008009ed8       0x30 build_gd32/lib/factorydefaults.o
                0x0000000008009ed8                rdm::device::responder::factorydefaults()
 .text._ZN18RDMSoftwareVersion10GetVersionEv
                0x0000000008009f08        0x8 build_gd32/lib/rdmsoftwareversion.o
                0x0000000008009f08                RDMSoftwareVersion::GetVersion()
 .text._ZN18RDMSoftwareVersion16GetVersionLengthEv
                0x0000000008009f10        0x4 build_gd32/lib/rdmsoftwareversion.o
                0x0000000008009f10                RDMSoftwareVersion::GetVersionLength()
 .text._ZN18RDMSoftwareVersion12GetVersionIdEv
                0x0000000008009f14        0x8 build_gd32/lib/rdmsoftwareversion.o
                0x0000000008009f14                RDMSoftwareVersion::GetVersionId()
 .text._itostr  0x0000000008009f1c       0x74 ../lib-c/lib_gd32/libc.a(printf.o)
 .text._xputch  0x0000000008009f90       0x30 ../lib-c/lib_gd32/libc.a(printf.o)
 .text._format_int
                0x0000000008009fc0       0xd4 ../lib-c/lib_gd32/libc.a(printf.o)
 .text._format_hex
                0x000000000800a094       0xba ../lib-c/lib_gd32/libc.a(printf.o)
 *fill*         0x000000000800a14e        0x2 
 .text._vprintf
                0x000000000800a150      0x3b8 ../lib-c/lib_gd32/libc.a(printf.o)
 .text.printf   0x000000000800a508       0x1e ../lib-c/lib_gd32/libc.a(printf.o)
                0x000000000800a508                printf
 *fill*         0x000000000800a526        0x2 
 .text.sprintf  0x000000000800a528       0x30 ../lib-c/lib_gd32/libc.a(printf.o)
                0x000000000800a528                sprintf
 .text.snprintf
                0x000000000800a558       0x30 ../lib-c/lib_gd32/libc.a(printf.o)
                0x000000000800a558                snprintf
 .text.vsnprintf
                0x000000000800a588       0x20 ../lib-c/lib_gd32/libc.a(printf.o)
                0x000000000800a588                vsnprintf
 .text.puts     0x000000000800a5a8       0x10 ../lib-c/lib_gd32/libc.a(puts.o)
                0x000000000800a5a8                puts
 .text.__udivmoddi4
                0x000000000800a5b8      0x2c8 /Users/arjanvanvught/Library/xPacks/@xpack-dev-tools/arm-none-eabi-gcc/11.3.1-1.1.2/.content/bin/../lib/gcc/arm-none-eabi/11.3.1/thumb/v7e-m+fp/hard/libgcc.a(_udivmoddi4.o)
                0x000000000800a5b8                __udivmoddi4
 .text._ZN12RemoteConfig10HandleListEv
                0x000000000800a880       0xd0 ../lib-remoteconfig/lib_gd32/libremoteconfig.a(remoteconfig.o)
                0x000000000800a880                RemoteConfig::HandleList()
 .text._ZN12RemoteConfig16HandleDisplayGetEv
                0x000000000800a950       0x54 ../lib-remoteconfig/lib_gd32/libremoteconfig.a(remoteconfig.o)
                0x000000000800a950                RemoteConfig::HandleDisplayGet()
 .text._ZN12RemoteConfig13HandleTftpGetEv
                0x000000000800a9a4       0x50 ../lib-remoteconfig/lib_gd32/libremoteconfig.a(remoteconfig.o)
                0x000000000800a9a4                RemoteConfig::HandleTftpGet()
 .text._ZN12RemoteConfig13HandleVersionEv
                0x000000000800a9f4       0x40 ../lib-remoteconfig/lib_gd32/libremoteconfig.a(remoteconfig.o)
                0x000000000800a9f4                RemoteConfig::HandleVersion()
 .text._ZN12RemoteConfig12HandleUptimeEv
                0x000000000800aa34       0x4c ../lib-remoteconfig/lib_gd32/libremoteconfig.a(remoteconfig.o)
                0x000000000800aa34                RemoteConfig::HandleUptime()
 .text._ZN7Display6StatusE22Display7SegmentMessage
                0x000000000800aa80       0x36 ../lib-remoteconfig/lib_gd32/libremoteconfig.a(remoteconfig.o)
                0x000000000800aa80                Display::Status(Display7SegmentMessage)
 *fill*         0x000000000800aab6        0x2 
 .text._ZN12RemoteConfig16HandleDisplaySetEv
                0x000000000800aab8       0x28 ../lib-remoteconfig/lib_gd32/libremoteconfig.a(remoteconfig.o)
                0x000000000800aab8                RemoteConfig::HandleDisplaySet()
 .text._ZN12RemoteConfig13HandleTftpSetEv
                0x000000000800aae0       0x68 ../lib-remoteconfig/lib_gd32/libremoteconfig.a(remoteconfig.o)
                0x000000000800aae0                RemoteConfig::HandleTftpSet()
 .text._ZN12RemoteConfigC2EN12remoteconfig4NodeENS0_6OutputEj
                0x000000000800ab48       0x60 ../lib-remoteconfig/lib_gd32/libremoteconfig.a(remoteconfig.o)
                0x000000000800ab48                RemoteConfig::RemoteConfig(remoteconfig::Node, remoteconfig::Output, unsigned int)
                0x000000000800ab48                RemoteConfig::RemoteConfig(remoteconfig::Node, remoteconfig::Output, unsigned int)
 .text._ZNK12RemoteConfig13GetStringNodeEv
                0x000000000800aba8       0x18 ../lib-remoteconfig/lib_gd32/libremoteconfig.a(remoteconfig.o)
                0x000000000800aba8                RemoteConfig::GetStringNode() const
 .text._ZNK12RemoteConfig15GetStringOutputEv
                0x000000000800abc0       0x18 ../lib-remoteconfig/lib_gd32/libremoteconfig.a(remoteconfig.o)
                0x000000000800abc0                RemoteConfig::GetStringOutput() const
 .text._ZN12RemoteConfig10SetDisableEb
                0x000000000800abd8       0x32 ../lib-remoteconfig/lib_gd32/libremoteconfig.a(remoteconfig.o)
                0x000000000800abd8                RemoteConfig::SetDisable(bool)
 *fill*         0x000000000800ac0a        0x2 
 .text._ZN12RemoteConfig14SetDisplayNameEPKc
                0x000000000800ac0c       0x30 ../lib-remoteconfig/lib_gd32/libremoteconfig.a(remoteconfig.o)
                0x000000000800ac0c                RemoteConfig::SetDisplayName(char const*)
 .text._ZN12RemoteConfig9HandleGetEPvj
                0x000000000800ac3c       0xb8 ../lib-remoteconfig/lib_gd32/libremoteconfig.a(remoteconfig.o)
                0x000000000800ac3c                RemoteConfig::HandleGet(void*, unsigned int)
 .text._ZN12RemoteConfig17HandleGetNoParamsEv
                0x000000000800acf4        0x8 ../lib-remoteconfig/lib_gd32/libremoteconfig.a(remoteconfig.o)
                0x000000000800acf4                RemoteConfig::HandleGetNoParams()
 .text._ZN12RemoteConfig19HandleGetRconfigTxtERj
                0x000000000800acfc       0x30 ../lib-remoteconfig/lib_gd32/libremoteconfig.a(remoteconfig.o)
                0x000000000800acfc                RemoteConfig::HandleGetRconfigTxt(unsigned int&)
 .text._ZN12RemoteConfig19HandleGetNetworkTxtERj
                0x000000000800ad2c       0x30 ../lib-remoteconfig/lib_gd32/libremoteconfig.a(remoteconfig.o)
                0x000000000800ad2c                RemoteConfig::HandleGetNetworkTxt(unsigned int&)
 .text._ZN12RemoteConfig18HandleGetArtnetTxtERj
                0x000000000800ad5c       0x30 ../lib-remoteconfig/lib_gd32/libremoteconfig.a(remoteconfig.o)
                0x000000000800ad5c                RemoteConfig::HandleGetArtnetTxt(unsigned int&)
 .text._ZN12RemoteConfig16HandleGetE131TxtERj
                0x000000000800ad8c       0x30 ../lib-remoteconfig/lib_gd32/libremoteconfig.a(remoteconfig.o)
                0x000000000800ad8c                RemoteConfig::HandleGetE131Txt(unsigned int&)
 .text._ZN12RemoteConfig18HandleGetParamsTxtERj
                0x000000000800adbc       0x2c ../lib-remoteconfig/lib_gd32/libremoteconfig.a(remoteconfig.o)
                0x000000000800adbc                RemoteConfig::HandleGetParamsTxt(unsigned int&)
 .text._ZN12RemoteConfig19HandleGetDevicesTxtERj
                0x000000000800ade8       0x30 ../lib-remoteconfig/lib_gd32/libremoteconfig.a(remoteconfig.o)
                0x000000000800ade8                RemoteConfig::HandleGetDevicesTxt(unsigned int&)
 .text._ZN12RemoteConfig19HandleGetDisplayTxtERj
                0x000000000800ae18       0x30 ../lib-remoteconfig/lib_gd32/libremoteconfig.a(remoteconfig.o)
                0x000000000800ae18                RemoteConfig::HandleGetDisplayTxt(unsigned int&)
 .text._ZN12RemoteConfig9HandleSetEPvj
                0x000000000800ae48       0x84 ../lib-remoteconfig/lib_gd32/libremoteconfig.a(remoteconfig.o)
                0x000000000800ae48                RemoteConfig::HandleSet(void*, unsigned int)
 .text._ZN12RemoteConfig3RunEv
                0x000000000800aecc      0x13c ../lib-remoteconfig/lib_gd32/libremoteconfig.a(remoteconfig.o)
                0x000000000800aecc                RemoteConfig::Run()
 .text._ZN12RemoteConfig16HandleSetRconfigEv
                0x000000000800b008       0x30 ../lib-remoteconfig/lib_gd32/libremoteconfig.a(remoteconfig.o)
                0x000000000800b008                RemoteConfig::HandleSetRconfig()
 .text._ZN12RemoteConfig19HandleSetNetworkTxtEv
                0x000000000800b038       0x28 ../lib-remoteconfig/lib_gd32/libremoteconfig.a(remoteconfig.o)
                0x000000000800b038                RemoteConfig::HandleSetNetworkTxt()
 .text._ZN12RemoteConfig18HandleSetArtnetTxtEv
                0x000000000800b060       0x28 ../lib-remoteconfig/lib_gd32/libremoteconfig.a(remoteconfig.o)
                0x000000000800b060                RemoteConfig::HandleSetArtnetTxt()
 .text._ZN12RemoteConfig16HandleSetE131TxtEv
                0x000000000800b088       0x28 ../lib-remoteconfig/lib_gd32/libremoteconfig.a(remoteconfig.o)
                0x000000000800b088                RemoteConfig::HandleSetE131Txt()
 .text._ZN12RemoteConfig18HandleSetParamsTxtEv
                0x000000000800b0b0       0x28 ../lib-remoteconfig/lib_gd32/libremoteconfig.a(remoteconfig.o)
                0x000000000800b0b0                RemoteConfig::HandleSetParamsTxt()
 .text._ZN12RemoteConfig19HandleSetDevicesTxtEv
                0x000000000800b0d8       0x28 ../lib-remoteconfig/lib_gd32/libremoteconfig.a(remoteconfig.o)
                0x000000000800b0d8                RemoteConfig::HandleSetDevicesTxt()
 .text._ZN12RemoteConfig19HandleSetDisplayTxtEv
                0x000000000800b100       0x28 ../lib-remoteconfig/lib_gd32/libremoteconfig.a(remoteconfig.o)
                0x000000000800b100                RemoteConfig::HandleSetDisplayTxt()
 .text._ZN12RemoteConfig13HandleFactoryEv
                0x000000000800b128       0x1c ../lib-remoteconfig/lib_gd32/libremoteconfig.a(remoteconfigfactory.o)
                0x000000000800b128                RemoteConfig::HandleFactory()
 .text._ZN17PropertiesBuilder3AddEPKcb.isra.0
                0x000000000800b144       0x50 ../lib-remoteconfig/lib_gd32/libremoteconfig.a(remoteconfigparams.o)
 .text._ZN18RemoteConfigParamsC2EP23RemoteConfigParamsStore
                0x000000000800b194       0x14 ../lib-remoteconfig/lib_gd32/libremoteconfig.a(remoteconfigparams.o)
                0x000000000800b194                RemoteConfigParams::RemoteConfigParams(RemoteConfigParamsStore*)
                0x000000000800b194                RemoteConfigParams::RemoteConfigParams(RemoteConfigParamsStore*)
 .text._ZN18RemoteConfigParams4LoadEv
                0x000000000800b1a8       0x18 ../lib-remoteconfig/lib_gd32/libremoteconfig.a(remoteconfigparams.o)
                0x000000000800b1a8                RemoteConfigParams::Load()
 .text._ZN18RemoteConfigParams4LoadEPKcj
                0x000000000800b1c0       0x3c ../lib-remoteconfig/lib_gd32/libremoteconfig.a(remoteconfigparams.o)
                0x000000000800b1c0                RemoteConfigParams::Load(char const*, unsigned int)
 .text._ZN18RemoteConfigParams7SetBoolEhj
                0x000000000800b1fc       0x10 ../lib-remoteconfig/lib_gd32/libremoteconfig.a(remoteconfigparams.o)
                0x000000000800b1fc                RemoteConfigParams::SetBool(unsigned char, unsigned int)
 .text._ZN18RemoteConfigParams16callbackFunctionEPKc
                0x000000000800b20c       0xac ../lib-remoteconfig/lib_gd32/libremoteconfig.a(remoteconfigparams.o)
                0x000000000800b20c                RemoteConfigParams::callbackFunction(char const*)
 .text._ZN18RemoteConfigParams22staticCallbackFunctionEPvPKc
                0x000000000800b2b8        0x4 ../lib-remoteconfig/lib_gd32/libremoteconfig.a(remoteconfigparams.o)
                0x000000000800b2b8                RemoteConfigParams::staticCallbackFunction(void*, char const*)
 .text._ZN18RemoteConfigParams7BuilderEPK19TRemoteConfigParamsPcjRj
                0x000000000800b2bc      0x120 ../lib-remoteconfig/lib_gd32/libremoteconfig.a(remoteconfigparams.o)
                0x000000000800b2bc                RemoteConfigParams::Builder(TRemoteConfigParams const*, char*, unsigned int, unsigned int&)
 .text._ZN18RemoteConfigParams4SaveEPcjRj
                0x000000000800b3dc       0x1a ../lib-remoteconfig/lib_gd32/libremoteconfig.a(remoteconfigparams.o)
                0x000000000800b3dc                RemoteConfigParams::Save(char*, unsigned int, unsigned int&)
 .text._ZN18RemoteConfigParams3SetEP12RemoteConfig
                0x000000000800b3f6       0x40 ../lib-remoteconfig/lib_gd32/libremoteconfig.a(remoteconfigparams.o)
                0x000000000800b3f6                RemoteConfigParams::Set(RemoteConfig*)
 .text._ZN18RemoteConfigParams4DumpEv
                0x000000000800b436        0x2 ../lib-remoteconfig/lib_gd32/libremoteconfig.a(remoteconfigparamsdump.o)
                0x000000000800b436                RemoteConfigParams::Dump()
 .text._ZN12RemoteConfig12HandleRebootEv
                0x000000000800b438       0x94 ../lib-remoteconfig/lib_gd32/libremoteconfig.a(remoteconfigreboot.o)
                0x000000000800b438                RemoteConfig::HandleReboot()
 .text._ZN12RemoteConfig8GetIndexEPKvRj
                0x000000000800b4cc       0x54 ../lib-remoteconfig/lib_gd32/libremoteconfig.a(remoteconfigstatic.o)
                0x000000000800b4cc                RemoteConfig::GetIndex(void const*, unsigned int&)
 .text._ZN12RemoteConfig21PlatformHandleTftpSetEv
                0x000000000800b520       0x10 ../lib-remoteconfig/lib_gd32/libremoteconfig.a(remoteconfig.o)
                0x000000000800b520                RemoteConfig::PlatformHandleTftpSet()
 .text._ZN12RemoteConfig21PlatformHandleTftpGetEv
                0x000000000800b530       0x1a ../lib-remoteconfig/lib_gd32/libremoteconfig.a(remoteconfig.o)
                0x000000000800b530                RemoteConfig::PlatformHandleTftpGet()
 .text.strcmp   0x000000000800b54a       0x1a ../lib-remoteconfig/lib_gd32/libremoteconfig.a(httd.o)
 .text.strcasecmp
                0x000000000800b564       0x34 ../lib-remoteconfig/lib_gd32/libremoteconfig.a(httd.o)
 .text._ZN16PropertiesConfig10EnableJSONEb
                0x000000000800b598       0x18 ../lib-remoteconfig/lib_gd32/libremoteconfig.a(httd.o)
                0x000000000800b598                PropertiesConfig::EnableJSON(bool)
 .text._ZN10HttpDaemonC2Ev
                0x000000000800b5b0       0x38 ../lib-remoteconfig/lib_gd32/libremoteconfig.a(httd.o)
                0x000000000800b5b0                HttpDaemon::HttpDaemon()
                0x000000000800b5b0                HttpDaemon::HttpDaemon()
 .text._ZN10HttpDaemon11ParseMethodEPc
                0x000000000800b5e8       0x8c ../lib-remoteconfig/lib_gd32/libremoteconfig.a(httd.o)
                0x000000000800b5e8                HttpDaemon::ParseMethod(char*)
 .text._ZN10HttpDaemon16ParseHeaderFieldEPc
                0x000000000800b674       0x94 ../lib-remoteconfig/lib_gd32/libremoteconfig.a(httd.o)
                0x000000000800b674                HttpDaemon::ParseHeaderField(char*)
 .text._ZN10HttpDaemon12ParseRequestEv
                0x000000000800b708       0x6e ../lib-remoteconfig/lib_gd32/libremoteconfig.a(httd.o)
                0x000000000800b708                HttpDaemon::ParseRequest()
 *fill*         0x000000000800b776        0x2 
 .text._ZN10HttpDaemon12HandleGetTxtEv
                0x000000000800b778       0x88 ../lib-remoteconfig/lib_gd32/libremoteconfig.a(httd.o)
                0x000000000800b778                HttpDaemon::HandleGetTxt()
 .text._ZN10HttpDaemon9HandleGetEv
                0x000000000800b800      0x14c ../lib-remoteconfig/lib_gd32/libremoteconfig.a(httd.o)
                0x000000000800b800                HttpDaemon::HandleGet()
 .text._ZN10HttpDaemon10HandlePostEb
                0x000000000800b94c      0x15c ../lib-remoteconfig/lib_gd32/libremoteconfig.a(httd.o)
                0x000000000800b94c                HttpDaemon::HandlePost(bool)
 .text._ZN10HttpDaemon3RunEv
                0x000000000800baa8      0x154 ../lib-remoteconfig/lib_gd32/libremoteconfig.a(httd.o)
                0x000000000800baa8                HttpDaemon::Run()
 .text._ZN12remoteconfig13json_get_listEPct
                0x000000000800bbfc       0x60 ../lib-remoteconfig/lib_gd32/libremoteconfig.a(remoteconfigjson.o)
                0x000000000800bbfc                remoteconfig::json_get_list(char*, unsigned short)
 .text._ZN12remoteconfig16json_get_versionEPct
                0x000000000800bc5c       0x38 ../lib-remoteconfig/lib_gd32/libremoteconfig.a(remoteconfigjson.o)
                0x000000000800bc5c                remoteconfig::json_get_version(char*, unsigned short)
 .text._ZN12remoteconfig15json_get_uptimeEPct
                0x000000000800bc94       0x20 ../lib-remoteconfig/lib_gd32/libremoteconfig.a(remoteconfigjson.o)
                0x000000000800bc94                remoteconfig::json_get_uptime(char*, unsigned short)
 .text._ZN12remoteconfig16json_get_displayEPct
                0x000000000800bcb4       0x20 ../lib-remoteconfig/lib_gd32/libremoteconfig.a(remoteconfigjson.o)
                0x000000000800bcb4                remoteconfig::json_get_display(char*, unsigned short)
 .text._ZN12remoteconfig18json_get_directoryEPct
                0x000000000800bcd4       0x10 ../lib-remoteconfig/lib_gd32/libremoteconfig.a(remoteconfigjson.o)
                0x000000000800bcd4                remoteconfig::json_get_directory(char*, unsigned short)
 .text._Z16get_file_contentPKcPc
                0x000000000800bce4       0x4c ../lib-remoteconfig/lib_gd32/libremoteconfig.a(get_file_content.o)
                0x000000000800bce4                get_file_content(char const*, char*)
 .text._ZN11ArtNet4Node15IsStatusChangedEv
                0x000000000800bd30       0x12 ../lib-artnet4/lib_gd32/libartnet4.a(artnet4node.o)
                0x000000000800bd30                ArtNet4Node::IsStatusChanged()
 .text._ZN11ArtNet4Node7SetPortEjN8lightset7PortDirE
                0x000000000800bd42       0x5e ../lib-artnet4/lib_gd32/libartnet4.a(artnet4node.o)
                0x000000000800bd42                ArtNet4Node::SetPort(unsigned int, lightset::PortDir)
 .text._ZN11ArtNet4NodeD2Ev
                0x000000000800bda0       0x20 ../lib-artnet4/lib_gd32/libartnet4.a(artnet4node.o)
                0x000000000800bda0                ArtNet4Node::~ArtNet4Node()
                0x000000000800bda0                ArtNet4Node::~ArtNet4Node()
 .text._ZN11ArtNet4NodeD0Ev
                0x000000000800bdc0       0x12 ../lib-artnet4/lib_gd32/libartnet4.a(artnet4node.o)
                0x000000000800bdc0                ArtNet4Node::~ArtNet4Node()
 .text._ZN11ArtNet4Node9GetStatusEj
                0x000000000800bdd2       0x3a ../lib-artnet4/lib_gd32/libartnet4.a(artnet4node.o)
                0x000000000800bdd2                ArtNet4Node::GetStatus(unsigned int)
 .text._ZN11ArtNet4Node15SetLedBlinkModeEN8hardware8ledblink4ModeE
                0x000000000800be0c       0x3c ../lib-artnet4/lib_gd32/libartnet4.a(artnet4node.o)
                0x000000000800be0c                ArtNet4Node::SetLedBlinkMode(hardware::ledblink::Mode)
 .text._ZN11ArtNet4Node13HandleAddressEh
                0x000000000800be48      0x13c ../lib-artnet4/lib_gd32/libartnet4.a(artnet4node.o)
                0x000000000800be48                ArtNet4Node::HandleAddress(unsigned char)
 .text._ZN11ArtNet4NodeC2Ev
                0x000000000800bf84       0x28 ../lib-artnet4/lib_gd32/libartnet4.a(artnet4node.o)
                0x000000000800bf84                ArtNet4Node::ArtNet4Node()
                0x000000000800bf84                ArtNet4Node::ArtNet4Node()
 .text._ZN11ArtNet4Node5StartEv
                0x000000000800bfac       0x6e ../lib-artnet4/lib_gd32/libartnet4.a(artnet4node.o)
                0x000000000800bfac                ArtNet4Node::Start()
 .text._ZN11ArtNet4Node3RunEv
                0x000000000800c01a       0x24 ../lib-artnet4/lib_gd32/libartnet4.a(artnet4node.o)
                0x000000000800c01a                ArtNet4Node::Run()
 *fill*         0x000000000800c03e        0x2 
 .text._ZN11ArtNet4Node5PrintEv
                0x000000000800c040       0x30 ../lib-artnet4/lib_gd32/libartnet4.a(artnet4node.o)
                0x000000000800c040                ArtNet4Node::Print()
 .text.strncpy.isra.0
                0x000000000800c070       0x1e ../lib-artnet/lib_gd32/libartnet.a(artnetnode.o)
 .text._ZN10ArtNetNodeD2Ev
                0x000000000800c08e        0x2 ../lib-artnet/lib_gd32/libartnet.a(artnetnode.o)
                0x000000000800c08e                ArtNetNode::~ArtNetNode()
                0x000000000800c08e                ArtNetNode::~ArtNetNode()
 .text._ZN10ArtNetNode5StartEv
                0x000000000800c090       0x5c ../lib-artnet/lib_gd32/libartnet.a(artnetnode.o)
                0x000000000800c090                ArtNetNode::Start()
 .text._ZN10ArtNetNode4StopEv
                0x000000000800c0ec       0x80 ../lib-artnet/lib_gd32/libartnet.a(artnetnode.o)
                0x000000000800c0ec                ArtNetNode::Stop()
 .text._ZN10ArtNetNode19GetShortNameDefaultEPc
                0x000000000800c16c       0x34 ../lib-artnet/lib_gd32/libartnet.a(artnetnode.o)
                0x000000000800c16c                ArtNetNode::GetShortNameDefault(char*)
 .text._ZN10ArtNetNode12SetShortNameEPKc
                0x000000000800c1a0       0x60 ../lib-artnet/lib_gd32/libartnet.a(artnetnode.o)
                0x000000000800c1a0                ArtNetNode::SetShortName(char const*)
 .text._ZN10ArtNetNode18GetLongNameDefaultEPc
                0x000000000800c200       0x30 ../lib-artnet/lib_gd32/libartnet.a(artnetnode.o)
                0x000000000800c200                ArtNetNode::GetLongNameDefault(char*)
 .text._ZN10ArtNetNode11SetLongNameEPKc
                0x000000000800c230       0x60 ../lib-artnet/lib_gd32/libartnet.a(artnetnode.o)
                0x000000000800c230                ArtNetNode::SetLongName(char const*)
 .text._ZN10ArtNetNodeC2Ev
                0x000000000800c290       0xec ../lib-artnet/lib_gd32/libartnet.a(artnetnode.o)
                0x000000000800c290                ArtNetNode::ArtNetNode()
                0x000000000800c290                ArtNetNode::ArtNetNode()
 .text._ZN10ArtNetNode27SetNetworkDataLossConditionEv
                0x000000000800c37c       0x8c ../lib-artnet/lib_gd32/libartnet.a(artnetnode.o)
                0x000000000800c37c                ArtNetNode::SetNetworkDataLossCondition()
 .text._ZN10ArtNetNode7GetTypeEv
                0x000000000800c408       0x54 ../lib-artnet/lib_gd32/libartnet.a(artnetnode.o)
                0x000000000800c408                ArtNetNode::GetType()
 .text._ZN10ArtNetNode3RunEv
                0x000000000800c45c      0x138 ../lib-artnet/lib_gd32/libartnet.a(artnetnode.o)
                0x000000000800c45c                ArtNetNode::Run()
 .text._ZNK10ArtNetNode14GetPortAddressEjRtN8lightset7PortDirE
                0x000000000800c594       0x2a ../lib-artnet/lib_gd32/libartnet.a(artnetnodegetportaddress.o)
                0x000000000800c594                ArtNetNode::GetPortAddress(unsigned int, unsigned short&, lightset::PortDir) const
 .text._ZN10ArtNetNode15MakePortAddressEtj
                0x000000000800c5be       0x1e ../lib-artnet/lib_gd32/libartnet.a(artnetnodehandleaddress.o)
                0x000000000800c5be                ArtNetNode::MakePortAddress(unsigned short, unsigned int)
 .text._ZN10ArtNetNode17SetUniverseSwitchEjN8lightset7PortDirEh
                0x000000000800c5dc      0x126 ../lib-artnet/lib_gd32/libartnet.a(artnetnodehandleaddress.o)
                0x000000000800c5dc                ArtNetNode::SetUniverseSwitch(unsigned int, lightset::PortDir, unsigned char)
 .text._ZN10ArtNetNode11SetUniverseEjN8lightset7PortDirEt
                0x000000000800c702       0x1e ../lib-artnet/lib_gd32/libartnet.a(artnetnodehandleaddress.o)
                0x000000000800c702                ArtNetNode::SetUniverse(unsigned int, lightset::PortDir, unsigned short)
 .text._ZN10ArtNetNode15SetSubnetSwitchEhj
                0x000000000800c720       0x64 ../lib-artnet/lib_gd32/libartnet.a(artnetnodehandleaddress.o)
                0x000000000800c720                ArtNetNode::SetSubnetSwitch(unsigned char, unsigned int)
 .text._ZN10ArtNetNode12SetNetSwitchEhj
                0x000000000800c784       0x62 ../lib-artnet/lib_gd32/libartnet.a(artnetnodehandleaddress.o)
                0x000000000800c784                ArtNetNode::SetNetSwitch(unsigned char, unsigned int)
 .text._ZN10ArtNetNode15SetPortProtocolEjN6artnet12PortProtocolE
                0x000000000800c7e6       0x52 ../lib-artnet/lib_gd32/libartnet.a(artnetnodehandleaddress.o)
                0x000000000800c7e6                ArtNetNode::SetPortProtocol(unsigned int, artnet::PortProtocol)
 .text._ZN10ArtNetNode12SetMergeModeEjN8lightset9MergeModeE
                0x000000000800c838       0x4e ../lib-artnet/lib_gd32/libartnet.a(artnetnodehandleaddress.o)
                0x000000000800c838                ArtNetNode::SetMergeMode(unsigned int, lightset::MergeMode)
 .text._ZN10ArtNetNode11SetFailSafeEN10artnetnode8FailSafeE
                0x000000000800c886       0x58 ../lib-artnet/lib_gd32/libartnet.a(artnetnodehandleaddress.o)
                0x000000000800c886                ArtNetNode::SetFailSafe(artnetnode::FailSafe)
 .text._ZN10ArtNetNode17GetPortIndexInputEjjRj
                0x000000000800c8de       0x24 ../lib-artnet/lib_gd32/libartnet.a(artnetnodehandleaddress.o)
                0x000000000800c8de                ArtNetNode::GetPortIndexInput(unsigned int, unsigned int, unsigned int&)
 .text._ZN10ArtNetNode18GetPortIndexOutputEjjRj
                0x000000000800c902       0x24 ../lib-artnet/lib_gd32/libartnet.a(artnetnodehandleaddress.o)
                0x000000000800c902                ArtNetNode::GetPortIndexOutput(unsigned int, unsigned int, unsigned int&)
 *fill*         0x000000000800c926        0x2 
 .text._ZN10ArtNetNode13HandleAddressEv
                0x000000000800c928      0x278 ../lib-artnet/lib_gd32/libartnet.a(artnetnodehandleaddress.o)
                0x000000000800c928                ArtNetNode::HandleAddress()
 .text._ZN8lightset4Data13IMergeSourceAEjPKhjNS_9MergeModeE.part.0
                0x000000000800cba0       0x28 ../lib-artnet/lib_gd32/libartnet.a(artnetnodehandledmx.o)
 .text.memcpy.isra.0
                0x000000000800cbc8       0x14 ../lib-artnet/lib_gd32/libartnet.a(artnetnodehandledmx.o)
 .text._ZN8lightset4Data3GetEv
                0x000000000800cbdc       0x18 ../lib-artnet/lib_gd32/libartnet.a(artnetnodehandledmx.o)
                0x000000000800cbdc                lightset::Data::Get()
 .text._ZN8lightset4Data10SetSourceAEjPKhj
                0x000000000800cbf4       0x3c ../lib-artnet/lib_gd32/libartnet.a(artnetnodehandledmx.o)
                0x000000000800cbf4                lightset::Data::SetSourceA(unsigned int, unsigned char const*, unsigned int)
 .text._ZN8lightset4Data12MergeSourceAEjPKhjNS_9MergeModeE
                0x000000000800cc30       0x52 ../lib-artnet/lib_gd32/libartnet.a(artnetnodehandledmx.o)
                0x000000000800cc30                lightset::Data::MergeSourceA(unsigned int, unsigned char const*, unsigned int, lightset::MergeMode)
 .text._ZN8lightset4Data12MergeSourceBEjPKhjNS_9MergeModeE
                0x000000000800cc82       0x54 ../lib-artnet/lib_gd32/libartnet.a(artnetnodehandledmx.o)
                0x000000000800cc82                lightset::Data::MergeSourceB(unsigned int, unsigned char const*, unsigned int, lightset::MergeMode)
 .text._ZN10ArtNetNode17UpdateMergeStatusEj
                0x000000000800ccd6       0x20 ../lib-artnet/lib_gd32/libartnet.a(artnetnodehandledmx.o)
                0x000000000800ccd6                ArtNetNode::UpdateMergeStatus(unsigned int)
 .text._ZN10ArtNetNode18CheckMergeTimeoutsEj
                0x000000000800ccf6       0x78 ../lib-artnet/lib_gd32/libartnet.a(artnetnodehandledmx.o)
                0x000000000800ccf6                ArtNetNode::CheckMergeTimeouts(unsigned int)
 .text._ZN10ArtNetNode9HandleDmxEv
                0x000000000800cd6e      0x1c8 ../lib-artnet/lib_gd32/libartnet.a(artnetnodehandledmx.o)
                0x000000000800cd6e                ArtNetNode::HandleDmx()
 *fill*         0x000000000800cf36        0x2 
 .text.memcmp.constprop.0
                0x000000000800cf38       0x24 ../lib-artnet/lib_gd32/libartnet.a(artnetnodehandleipprog.o)
 .text.memcpy.constprop.0.isra.0
                0x000000000800cf5c       0x14 ../lib-artnet/lib_gd32/libartnet.a(artnetnodehandleipprog.o)
 .text._ZN10ArtNetNode12HandleIpProgEv
                0x000000000800cf70      0x180 ../lib-artnet/lib_gd32/libartnet.a(artnetnodehandleipprog.o)
                0x000000000800cf70                ArtNetNode::HandleIpProg()
 .text.memcpy.isra.0
                0x000000000800d0f0       0x14 ../lib-artnet/lib_gd32/libartnet.a(artnetnodehandlepoll.o)
 .text._ZN10ArtNetNode13FillPollReplyEv
                0x000000000800d104       0xec ../lib-artnet/lib_gd32/libartnet.a(artnetnodehandlepoll.o)
                0x000000000800d104                ArtNetNode::FillPollReply()
 .text._ZN10ArtNetNode17ProcessPollRelplyEjRjS0_
                0x000000000800d1f0       0x8a ../lib-artnet/lib_gd32/libartnet.a(artnetnodehandlepoll.o)
                0x000000000800d1f0                ArtNetNode::ProcessPollRelply(unsigned int, unsigned int&, unsigned int&)
 *fill*         0x000000000800d27a        0x2 
 .text._ZN10ArtNetNode14SendPollRelplyEb
                0x000000000800d27c      0x104 ../lib-artnet/lib_gd32/libartnet.a(artnetnodehandlepoll.o)
                0x000000000800d27c                ArtNetNode::SendPollRelply(bool)
 .text._ZN10ArtNetNode10HandlePollEv
                0x000000000800d380       0x86 ../lib-artnet/lib_gd32/libartnet.a(artnetnodehandlepoll.o)
                0x000000000800d380                ArtNetNode::HandlePoll()
 .text.memcpy.isra.0
                0x000000000800d406       0x14 ../lib-artnet/lib_gd32/libartnet.a(artnetnodehandlerdm.o)
 .text._ZN10ArtNetNode9SetRdmUIDEPKhb
                0x000000000800d41a       0x24 ../lib-artnet/lib_gd32/libartnet.a(artnetnodehandlerdm.o)
                0x000000000800d41a                ArtNetNode::SetRdmUID(unsigned char const*, bool)
 *fill*         0x000000000800d43e        0x2 
 .text._ZN10ArtNetNode10HandleSyncEv
                0x000000000800d440       0x90 ../lib-artnet/lib_gd32/libartnet.a(artnetnodehandlesync.o)
                0x000000000800d440                ArtNetNode::HandleSync()
 .text._ZN10ArtNetNode14HandleTimeSyncEv
                0x000000000800d4d0       0x44 ../lib-artnet/lib_gd32/libartnet.a(artnetnodehandletimesync.o)
                0x000000000800d4d0                ArtNetNode::HandleTimeSync()
 .text._ZN10ArtNetNode5PrintEv
                0x000000000800d514       0xe8 ../lib-artnet/lib_gd32/libartnet.a(artnetnodeprint.o)
                0x000000000800d514                ArtNetNode::Print()
 .text.memcmp   0x000000000800d5fc       0x28 ../lib-artnet/lib_gd32/libartnet.a(artnetparams.o)
 .text._ZN17PropertiesBuilder3AddIhEEbPKcT_bj.isra.0
                0x000000000800d624       0x50 ../lib-artnet/lib_gd32/libartnet.a(artnetparams.o)
 .text._ZN17PropertiesBuilder3AddIPKcEEbS2_T_bj.isra.0
                0x000000000800d674       0x50 ../lib-artnet/lib_gd32/libartnet.a(artnetparams.o)
 .text._ZN17PropertiesBuilder3AddEPKcb.isra.0
                0x000000000800d6c4       0x50 ../lib-artnet/lib_gd32/libartnet.a(artnetparams.o)
 .text._ZN12ArtNetParamsC2EP17ArtNetParamsStore
                0x000000000800d714       0x54 ../lib-artnet/lib_gd32/libartnet.a(artnetparams.o)
                0x000000000800d714                ArtNetParams::ArtNetParams(ArtNetParamsStore*)
                0x000000000800d714                ArtNetParams::ArtNetParams(ArtNetParamsStore*)
 .text._ZN12ArtNetParams4LoadEv
                0x000000000800d768       0x1c ../lib-artnet/lib_gd32/libartnet.a(artnetparams.o)
                0x000000000800d768                ArtNetParams::Load()
 .text._ZN12ArtNetParams4LoadEPKcj
                0x000000000800d784       0x44 ../lib-artnet/lib_gd32/libartnet.a(artnetparams.o)
                0x000000000800d784                ArtNetParams::Load(char const*, unsigned int)
 .text._ZN12ArtNetParams7SetBoolEhj
                0x000000000800d7c8       0x10 ../lib-artnet/lib_gd32/libartnet.a(artnetparams.o)
                0x000000000800d7c8                ArtNetParams::SetBool(unsigned char, unsigned int)
 .text._ZN12ArtNetParams16callbackFunctionEPKc
                0x000000000800d7d8      0x398 ../lib-artnet/lib_gd32/libartnet.a(artnetparams.o)
                0x000000000800d7d8                ArtNetParams::callbackFunction(char const*)
 .text._ZN12ArtNetParams22staticCallbackFunctionEPvPKc
                0x000000000800db70        0x4 ../lib-artnet/lib_gd32/libartnet.a(artnetparams.o)
                0x000000000800db70                ArtNetParams::staticCallbackFunction(void*, char const*)
 .text._ZN12ArtNetParams7BuilderEPKN12artnetparams6ParamsEPcjRj
                0x000000000800db74      0x23c ../lib-artnet/lib_gd32/libartnet.a(artnetparams.o)
                0x000000000800db74                ArtNetParams::Builder(artnetparams::Params const*, char*, unsigned int, unsigned int&)
 .text._ZN12ArtNetParams4SaveEPcjRj
                0x000000000800ddb0       0x1a ../lib-artnet/lib_gd32/libartnet.a(artnetparams.o)
                0x000000000800ddb0                ArtNetParams::Save(char*, unsigned int, unsigned int&)
 *fill*         0x000000000800ddca        0x2 
 .text._ZN12ArtNetParams3SetEj
                0x000000000800ddcc       0xe4 ../lib-artnet/lib_gd32/libartnet.a(artnetparams.o)
                0x000000000800ddcc                ArtNetParams::Set(unsigned int)
 .text._ZN12ArtNetParams4DumpEv
                0x000000000800deb0        0x2 ../lib-artnet/lib_gd32/libartnet.a(artnetparamsdump.o)
                0x000000000800deb0                ArtNetParams::Dump()
 *fill*         0x000000000800deb2        0x2 
 .text._ZN10ArtNetNode13HandleTriggerEv
                0x000000000800deb4       0x3c ../lib-artnet/lib_gd32/libartnet.a(artnettrigger.o)
                0x000000000800deb4                ArtNetNode::HandleTrigger()
 .text.memset.constprop.0.isra.0
                0x000000000800def0       0x10 ../lib-e131/lib_gd32/libe131.a(e131bridge.o)
 .text.memcpy.isra.0
                0x000000000800df00       0x14 ../lib-e131/lib_gd32/libe131.a(e131bridge.o)
 .text._ZN10E131BridgeC2Ev
                0x000000000800df14       0xd0 ../lib-e131/lib_gd32/libe131.a(e131bridge.o)
                0x000000000800df14                E131Bridge::E131Bridge()
                0x000000000800df14                E131Bridge::E131Bridge()
 .text._ZN10E131BridgeD2Ev
                0x000000000800dfe4        0x2 ../lib-e131/lib_gd32/libe131.a(e131bridge.o)
                0x000000000800dfe4                E131Bridge::~E131Bridge()
                0x000000000800dfe4                E131Bridge::~E131Bridge()
 *fill*         0x000000000800dfe6        0x2 
 .text._ZN10E131Bridge5StartEv
                0x000000000800dfe8       0x10 ../lib-e131/lib_gd32/libe131.a(e131bridge.o)
                0x000000000800dfe8                E131Bridge::Start()
 .text._ZN10E131Bridge13LeaveUniverseEjt
                0x000000000800dff8       0x3a ../lib-e131/lib_gd32/libe131.a(e131bridge.o)
                0x000000000800dff8                E131Bridge::LeaveUniverse(unsigned int, unsigned short)
 .text._ZN10E131Bridge25SetSynchronizationAddressEbbt
                0x000000000800e032       0x44 ../lib-e131/lib_gd32/libe131.a(e131bridge.o)
                0x000000000800e032                E131Bridge::SetSynchronizationAddress(bool, bool, unsigned short)
 .text._ZN10E131Bridge11SetUniverseEjN8lightset7PortDirEt
                0x000000000800e076       0xf8 ../lib-e131/lib_gd32/libe131.a(e131bridge.o)
                0x000000000800e076                E131Bridge::SetUniverse(unsigned int, lightset::PortDir, unsigned short)
 .text._ZNK10E131Bridge11GetUniverseEjRtN8lightset7PortDirE
                0x000000000800e16e       0x32 ../lib-e131/lib_gd32/libe131.a(e131bridge.o)
                0x000000000800e16e                E131Bridge::GetUniverse(unsigned int, unsigned short&, lightset::PortDir) const
 .text._ZN10E131Bridge17UpdateMergeStatusEj
                0x000000000800e1a0       0x1e ../lib-e131/lib_gd32/libe131.a(e131bridge.o)
                0x000000000800e1a0                E131Bridge::UpdateMergeStatus(unsigned int)
 .text._ZN10E131Bridge18CheckMergeTimeoutsEj
                0x000000000800e1be       0x84 ../lib-e131/lib_gd32/libe131.a(e131bridge.o)
                0x000000000800e1be                E131Bridge::CheckMergeTimeouts(unsigned int)
 .text._ZNK10E131Bridge17IsPriorityTimeOutEj
                0x000000000800e242       0x4a ../lib-e131/lib_gd32/libe131.a(e131bridge.o)
                0x000000000800e242                E131Bridge::IsPriorityTimeOut(unsigned int) const
 .text._ZNK10E131Bridge12isIpCidMatchEPKN10e131bridge6SourceE
                0x000000000800e28c       0x2a ../lib-e131/lib_gd32/libe131.a(e131bridge.o)
                0x000000000800e28c                E131Bridge::isIpCidMatch(e131bridge::Source const*) const
 *fill*         0x000000000800e2b6        0x2 
 .text._ZN10E131Bridge27SetNetworkDataLossConditionEbb
                0x000000000800e2b8      0x12c ../lib-e131/lib_gd32/libe131.a(e131bridge.o)
                0x000000000800e2b8                E131Bridge::SetNetworkDataLossCondition(bool, bool)
 .text._ZN10E131Bridge9HandleDmxEv
                0x000000000800e3e4      0x300 ../lib-e131/lib_gd32/libe131.a(e131bridge.o)
                0x000000000800e3e4                E131Bridge::HandleDmx()
 .text._ZN10E131Bridge11IsValidRootEv
                0x000000000800e6e4       0x3c ../lib-e131/lib_gd32/libe131.a(e131bridge.o)
                0x000000000800e6e4                E131Bridge::IsValidRoot()
 .text._ZN10E131Bridge17IsValidDataPacketEv
                0x000000000800e720       0x28 ../lib-e131/lib_gd32/libe131.a(e131bridge.o)
                0x000000000800e720                E131Bridge::IsValidDataPacket()
 .text._ZN10E131Bridge3RunEv
                0x000000000800e748      0x100 ../lib-e131/lib_gd32/libe131.a(e131bridge.o)
                0x000000000800e748                E131Bridge::Run()
 .text._ZN10E131Bridge21HandleSynchronizationEv
                0x000000000800e848       0xbc ../lib-e131/lib_gd32/libe131.a(e131bridgehandlesynchronization.o)
                0x000000000800e848                E131Bridge::HandleSynchronization()
 .text._ZN10E131Bridge5PrintEv
                0x000000000800e904       0xb0 ../lib-e131/lib_gd32/libe131.a(e131bridgeprint.o)
                0x000000000800e904                E131Bridge::Print()
 .text.memcmp   0x000000000800e9b4       0x28 ../lib-e131/lib_gd32/libe131.a(e131params.o)
 .text._ZN17PropertiesBuilder3AddIPKcEEbS2_T_bj.isra.0
                0x000000000800e9dc       0x50 ../lib-e131/lib_gd32/libe131.a(e131params.o)
 .text._ZN10E131ParamsC2EP15E131ParamsStore
                0x000000000800ea2c       0x3c ../lib-e131/lib_gd32/libe131.a(e131params.o)
                0x000000000800ea2c                E131Params::E131Params(E131ParamsStore*)
                0x000000000800ea2c                E131Params::E131Params(E131ParamsStore*)
 .text._ZN10E131Params4LoadEPKcj
                0x000000000800ea68       0x40 ../lib-e131/lib_gd32/libe131.a(e131params.o)
                0x000000000800ea68                E131Params::Load(char const*, unsigned int)
 .text._ZN10E131Params16callbackFunctionEPKc
                0x000000000800eaa8      0x174 ../lib-e131/lib_gd32/libe131.a(e131params.o)
                0x000000000800eaa8                E131Params::callbackFunction(char const*)
 .text._ZN10E131Params22staticCallbackFunctionEPvPKc
                0x000000000800ec1c        0x4 ../lib-e131/lib_gd32/libe131.a(e131params.o)
                0x000000000800ec1c                E131Params::staticCallbackFunction(void*, char const*)
 .text._ZN10E131Params7BuilderEPKN10e131params6ParamsEPcjRj
                0x000000000800ec20      0x1d8 ../lib-e131/lib_gd32/libe131.a(e131params.o)
                0x000000000800ec20                E131Params::Builder(e131params::Params const*, char*, unsigned int, unsigned int&)
 .text._ZN10E131Params4SaveEPcjRj
                0x000000000800edf8       0x1a ../lib-e131/lib_gd32/libe131.a(e131params.o)
                0x000000000800edf8                E131Params::Save(char*, unsigned int, unsigned int&)
 .text.memcpy.isra.0
                0x000000000800ee12       0x14 ../lib-rdmnet/lib_gd32/librdmnet.a(llrpdevice.o)
 *fill*         0x000000000800ee26        0x2 
 .text._ZN10LLRPDevice20HandleRequestMessageEv
                0x000000000800ee28       0xb0 ../lib-rdmnet/lib_gd32/librdmnet.a(llrpdevice.o)
                0x000000000800ee28                LLRPDevice::HandleRequestMessage()
 .text._ZN10LLRPDevice16HandleRdmCommandEv
                0x000000000800eed8       0x9c ../lib-rdmnet/lib_gd32/librdmnet.a(llrpdevice.o)
                0x000000000800eed8                LLRPDevice::HandleRdmCommand()
 .text._ZN10LLRPDevice3RunEv
                0x000000000800ef74       0x4c ../lib-rdmnet/lib_gd32/librdmnet.a(llrpdevice.o)
                0x000000000800ef74                LLRPDevice::Run()
 .text._ZN10LLRPDevice5PrintEv
                0x000000000800efc0       0x48 ../lib-rdmnet/lib_gd32/librdmnet.a(llrpdevice.o)
                0x000000000800efc0                LLRPDevice::Print()
 .text._ZN12RDMNetDevice5PrintEv
                0x000000000800f008       0x40 ../lib-rdmnet/lib_gd32/librdmnet.a(rdmnetdevice.o)
                0x000000000800f008                RDMNetDevice::Print()
 .text._ZN10RDMSensorsC2Ev
                0x000000000800f048       0x10 ../lib-rdmsensor/lib_gd32/librdmsensor.a(rdmsensors.o)
                0x000000000800f048                RDMSensors::RDMSensors()
                0x000000000800f048                RDMSensors::RDMSensors()
 .text._ZN10RDMSensorsD2Ev
                0x000000000800f058       0x30 ../lib-rdmsensor/lib_gd32/librdmsensor.a(rdmsensors.o)
                0x000000000800f058                RDMSensors::~RDMSensors()
                0x000000000800f058                RDMSensors::~RDMSensors()
 .text._ZN13RDMSubDevicesC2Ev
                0x000000000800f088       0x10 ../lib-rdmsubdevice/lib_gd32/librdmsubdevice.a(rdmsubdevices.o)
                0x000000000800f088                RDMSubDevices::RDMSubDevices()
                0x000000000800f088                RDMSubDevices::RDMSubDevices()
 .text._ZN13RDMSubDevicesD2Ev
                0x000000000800f098       0x30 ../lib-rdmsubdevice/lib_gd32/librdmsubdevice.a(rdmsubdevices.o)
                0x000000000800f098                RDMSubDevices::~RDMSubDevices()
                0x000000000800f098                RDMSubDevices::~RDMSubDevices()
 .text._ZN13RDMSubDevices7GetInfoEt
                0x000000000800f0c8       0x10 ../lib-rdmsubdevice/lib_gd32/librdmsubdevice.a(rdmsubdevices.o)
                0x000000000800f0c8                RDMSubDevices::GetInfo(unsigned short)
 .text._ZN13RDMSubDevices8GetLabelEtP18TRDMDeviceInfoData
                0x000000000800f0d8       0x12 ../lib-rdmsubdevice/lib_gd32/librdmsubdevice.a(rdmsubdevices.o)
                0x000000000800f0d8                RDMSubDevices::GetLabel(unsigned short, TRDMDeviceInfoData*)
 .text._ZN13RDMSubDevices8SetLabelEtPKch
                0x000000000800f0ea       0x1c ../lib-rdmsubdevice/lib_gd32/librdmsubdevice.a(rdmsubdevices.o)
                0x000000000800f0ea                RDMSubDevices::SetLabel(unsigned short, char const*, unsigned char)
 .text._ZN13RDMSubDevices18GetFactoryDefaultsEv
                0x000000000800f106       0x26 ../lib-rdmsubdevice/lib_gd32/librdmsubdevice.a(rdmsubdevices.o)
                0x000000000800f106                RDMSubDevices::GetFactoryDefaults()
 .text._ZN13RDMSubDevices18SetFactoryDefaultsEv
                0x000000000800f12c       0x1e ../lib-rdmsubdevice/lib_gd32/librdmsubdevice.a(rdmsubdevices.o)
                0x000000000800f12c                RDMSubDevices::SetFactoryDefaults()
 .text._ZN12RDMSubDevice8GetLabelEP18TRDMDeviceInfoData
                0x000000000800f14a        0xe ../lib-rdmsubdevice/lib_gd32/librdmsubdevice.a(rdmsubdevice.o)
                0x000000000800f14a                RDMSubDevice::GetLabel(TRDMDeviceInfoData*)
 .text._ZN12RDMSubDevice8SetLabelEPKc
                0x000000000800f158       0x1c ../lib-rdmsubdevice/lib_gd32/librdmsubdevice.a(rdmsubdevice.o)
                0x000000000800f158                RDMSubDevice::SetLabel(char const*)
 .text._ZN12RDMSubDevice8SetLabelEPKch
                0x000000000800f174       0x1e ../lib-rdmsubdevice/lib_gd32/librdmsubdevice.a(rdmsubdevice.o)
                0x000000000800f174                RDMSubDevice::SetLabel(char const*, unsigned char)
 .text._ZN12RDMSubDevice18SetFactoryDefaultsEv
                0x000000000800f192       0x1c ../lib-rdmsubdevice/lib_gd32/librdmsubdevice.a(rdmsubdevice.o)
                0x000000000800f192                RDMSubDevice::SetFactoryDefaults()
 .text._ZN12RDMSubDevice17CalculateChecksumEv
                0x000000000800f1ae       0x30 ../lib-rdmsubdevice/lib_gd32/librdmsubdevice.a(rdmsubdevice.o)
                0x000000000800f1ae                RDMSubDevice::CalculateChecksum()
 .text._ZN12RDMSubDevice18GetFactoryDefaultsEv
                0x000000000800f1de       0x1a ../lib-rdmsubdevice/lib_gd32/librdmsubdevice.a(rdmsubdevice.o)
                0x000000000800f1de                RDMSubDevice::GetFactoryDefaults()
 .text.memcpy.isra.0
                0x000000000800f1f8        0x4 ../lib-rdm/lib_gd32/librdm.a(rdmdeviceparams.o)
 .text._ZN15RDMDeviceParamsC2EP20RDMDeviceParamsStore
                0x000000000800f1fc       0x24 ../lib-rdm/lib_gd32/librdm.a(rdmdeviceparams.o)
                0x000000000800f1fc                RDMDeviceParams::RDMDeviceParams(RDMDeviceParamsStore*)
                0x000000000800f1fc                RDMDeviceParams::RDMDeviceParams(RDMDeviceParamsStore*)
 .text._ZN15RDMDeviceParams4LoadEv
                0x000000000800f220       0x16 ../lib-rdm/lib_gd32/librdm.a(rdmdeviceparams.o)
                0x000000000800f220                RDMDeviceParams::Load()
 .text._ZN15RDMDeviceParams3SetEP9RDMDevice
                0x000000000800f236       0x6e ../lib-rdm/lib_gd32/librdm.a(rdmdeviceparams.o)
                0x000000000800f236                RDMDeviceParams::Set(RDMDevice*)
 .text._ZN15RDMDeviceParams4DumpEv
                0x000000000800f2a4        0x2 ../lib-rdm/lib_gd32/librdm.a(rdmdeviceparams.o)
                0x000000000800f2a4                RDMDeviceParams::Dump()
 .text._ZN18RDMDeviceResponder17PersonalityUpdateEP8LightSet
                0x000000000800f2a6        0x2 ../lib-rdm/lib_gd32/librdm.a(rdmdeviceresponder.o)
                0x000000000800f2a6                RDMDeviceResponder::PersonalityUpdate(LightSet*)
 .text._ZN18RDMDeviceResponder21DmxStartAddressUpdateEv
                0x000000000800f2a8        0x2 ../lib-rdm/lib_gd32/librdm.a(rdmdeviceresponder.o)
                0x000000000800f2a8                RDMDeviceResponder::DmxStartAddressUpdate()
 *fill*         0x000000000800f2aa        0x2 
 .text._ZN18RDMDeviceResponderD2Ev
                0x000000000800f2ac       0x20 ../lib-rdm/lib_gd32/librdm.a(rdmdeviceresponder.o)
                0x000000000800f2ac                RDMDeviceResponder::~RDMDeviceResponder()
                0x000000000800f2ac                RDMDeviceResponder::~RDMDeviceResponder()
 .text._ZN18RDMDeviceResponderD0Ev
                0x000000000800f2cc       0x12 ../lib-rdm/lib_gd32/librdm.a(rdmdeviceresponder.o)
                0x000000000800f2cc                RDMDeviceResponder::~RDMDeviceResponder()
 *fill*         0x000000000800f2de        0x2 
 .text._ZN18RDMDeviceResponderC2EPP14RDMPersonalityj
                0x000000000800f2e0       0x9c ../lib-rdm/lib_gd32/librdm.a(rdmdeviceresponder.o)
                0x000000000800f2e0                RDMDeviceResponder::RDMDeviceResponder(RDMPersonality**, unsigned int)
                0x000000000800f2e0                RDMDeviceResponder::RDMDeviceResponder(RDMPersonality**, unsigned int)
 .text._ZN18RDMDeviceResponder4InitEv
                0x000000000800f37c      0x128 ../lib-rdm/lib_gd32/librdm.a(rdmdeviceresponder.o)
                0x000000000800f37c                RDMDeviceResponder::Init()
 .text._ZN18RDMDeviceResponder5PrintEv
                0x000000000800f4a4       0x9c ../lib-rdm/lib_gd32/librdm.a(rdmdeviceresponder.o)
                0x000000000800f4a4                RDMDeviceResponder::Print()
 .text.memcmp   0x000000000800f540       0x20 ../lib-rdm/lib_gd32/librdm.a(rdmhandler.o)
 .text.memcpy.isra.0
                0x000000000800f560       0x14 ../lib-rdm/lib_gd32/librdm.a(rdmhandler.o)
 .text._ZN9RDMDevice8SetLabelEPK18TRDMDeviceInfoData
                0x000000000800f574       0x44 ../lib-rdm/lib_gd32/librdm.a(rdmhandler.o)
                0x000000000800f574                RDMDevice::SetLabel(TRDMDeviceInfoData const*)
 .text._ZN18RDMDeviceResponder18SetFactoryDefaultsEv
                0x000000000800f5b8      0x100 ../lib-rdm/lib_gd32/librdm.a(rdmhandler.o)
                0x000000000800f5b8                RDMDeviceResponder::SetFactoryDefaults()
 .text._ZN10RDMHandlerC2Eb
                0x000000000800f6b8        0xc ../lib-rdm/lib_gd32/librdm.a(rdmhandler.o)
                0x000000000800f6b8                RDMHandler::RDMHandler(bool)
                0x000000000800f6b8                RDMHandler::RDMHandler(bool)
 .text._ZN10RDMHandler12HandleStringEPKcj
                0x000000000800f6c4       0x18 ../lib-rdm/lib_gd32/librdm.a(rdmhandler.o)
                0x000000000800f6c4                RDMHandler::HandleString(char const*, unsigned int)
 .text._ZN10RDMHandler20CreateRespondMessageEht
                0x000000000800f6dc       0x98 ../lib-rdm/lib_gd32/librdm.a(rdmhandler.o)
                0x000000000800f6dc                RDMHandler::CreateRespondMessage(unsigned char, unsigned short)
 .text._ZN10RDMHandler17RespondMessageAckEv
                0x000000000800f774       0x12 ../lib-rdm/lib_gd32/librdm.a(rdmhandler.o)
                0x000000000800f774                RDMHandler::RespondMessageAck()
 *fill*         0x000000000800f786        0x2 
 .text._ZN10RDMHandler13GetDeviceInfoEt
                0x000000000800f788       0x68 ../lib-rdm/lib_gd32/librdm.a(rdmhandler.o)
                0x000000000800f788                RDMHandler::GetDeviceInfo(unsigned short)
 .text._ZN10RDMHandler18GetFactoryDefaultsEt
                0x000000000800f7f0       0x80 ../lib-rdm/lib_gd32/librdm.a(rdmhandler.o)
                0x000000000800f7f0                RDMHandler::GetFactoryDefaults(unsigned short)
 .text._ZN10RDMHandler25GetDeviceModelDescriptionEt
                0x000000000800f870       0x1c ../lib-rdm/lib_gd32/librdm.a(rdmhandler.o)
                0x000000000800f870                RDMHandler::GetDeviceModelDescription(unsigned short)
 .text._ZN10RDMHandler20GetManufacturerLabelEt
                0x000000000800f88c       0x20 ../lib-rdm/lib_gd32/librdm.a(rdmhandler.o)
                0x000000000800f88c                RDMHandler::GetManufacturerLabel(unsigned short)
 .text._ZN10RDMHandler14GetDeviceLabelEt
                0x000000000800f8ac       0x3c ../lib-rdm/lib_gd32/librdm.a(rdmhandler.o)
                0x000000000800f8ac                RDMHandler::GetDeviceLabel(unsigned short)
 .text._ZN10RDMHandler17GetIdentifyDeviceEt
                0x000000000800f8e8       0x14 ../lib-rdm/lib_gd32/librdm.a(rdmhandler.o)
                0x000000000800f8e8                RDMHandler::GetIdentifyDevice(unsigned short)
 .text._ZN10RDMHandler18RespondMessageNackEt
                0x000000000800f8fc        0x8 ../lib-rdm/lib_gd32/librdm.a(rdmhandler.o)
                0x000000000800f8fc                RDMHandler::RespondMessageNack(unsigned short)
 .text._ZN10RDMHandler14SetResetDeviceEbt
                0x000000000800f904       0x48 ../lib-rdm/lib_gd32/librdm.a(rdmhandler.o)
                0x000000000800f904                RDMHandler::SetResetDevice(bool, unsigned short)
 .text._ZN10RDMHandler17SetIdentifyDeviceEbt
                0x000000000800f94c       0x7c ../lib-rdm/lib_gd32/librdm.a(rdmhandler.o)
                0x000000000800f94c                RDMHandler::SetIdentifyDevice(bool, unsigned short)
 .text._ZN10RDMHandler18SetFactoryDefaultsEbt
                0x000000000800f9c8       0x34 ../lib-rdm/lib_gd32/librdm.a(rdmhandler.o)
                0x000000000800f9c8                RDMHandler::SetFactoryDefaults(bool, unsigned short)
 .text._ZN10RDMHandler14SetDeviceLabelEbt
                0x000000000800f9fc       0x58 ../lib-rdm/lib_gd32/librdm.a(rdmhandler.o)
                0x000000000800f9fc                RDMHandler::SetDeviceLabel(bool, unsigned short)
 .text._ZN10RDMHandler8HandlersEbhtht
                0x000000000800fa54       0xe0 ../lib-rdm/lib_gd32/librdm.a(rdmhandler.o)
                0x000000000800fa54                RDMHandler::Handlers(bool, unsigned char, unsigned short, unsigned char, unsigned short)
 .text._ZN10RDMHandler10HandleDataEPKhPh
                0x000000000800fb34      0x19c ../lib-rdm/lib_gd32/librdm.a(rdmhandler.o)
                0x000000000800fb34                RDMHandler::HandleData(unsigned char const*, unsigned char*)
 .text._ZN11RDMIdentifyC2Ev
                0x000000000800fcd0        0xc ../lib-rdm/lib_gd32/librdm.a(rdmidentify.o)
                0x000000000800fcd0                RDMIdentify::RDMIdentify()
                0x000000000800fcd0                RDMIdentify::RDMIdentify()
 .text._ZN11RDMIdentify2OnEN3rdm8identify4ModeE
                0x000000000800fcdc        0x2 ../lib-rdm/lib_gd32/librdm.a(rdmidentify.o)
                0x000000000800fcdc                RDMIdentify::On(rdm::identify::Mode)
 .text._ZN11RDMIdentify3OffEN3rdm8identify4ModeE
                0x000000000800fcde        0x2 ../lib-rdm/lib_gd32/librdm.a(rdmidentify.o)
                0x000000000800fcde                RDMIdentify::Off(rdm::identify::Mode)
 .text.memcpy.constprop.0.isra.0
                0x000000000800fce0       0x14 ../lib-rdm/lib_gd32/librdm.a(rdmhandlere1372.o)
 .text._ZN10RDMHandler16GetInterfaceListEt
                0x000000000800fcf4       0x28 ../lib-rdm/lib_gd32/librdm.a(rdmhandlere1372.o)
                0x000000000800fcf4                RDMHandler::GetInterfaceList(unsigned short)
 .text._ZN10RDMHandler16GetInterfaceNameEt
                0x000000000800fd1c       0x4c ../lib-rdm/lib_gd32/librdm.a(rdmhandlere1372.o)
                0x000000000800fd1c                RDMHandler::GetInterfaceName(unsigned short)
 .text._ZN10RDMHandler18GetHardwareAddressEt
                0x000000000800fd68       0x40 ../lib-rdm/lib_gd32/librdm.a(rdmhandlere1372.o)
                0x000000000800fd68                RDMHandler::GetHardwareAddress(unsigned short)
 .text._ZN10RDMHandler11GetDHCPModeEt
                0x000000000800fda8       0x2c ../lib-rdm/lib_gd32/librdm.a(rdmhandlere1372.o)
                0x000000000800fda8                RDMHandler::GetDHCPMode(unsigned short)
 .text._ZN10RDMHandler11SetDHCPModeEbt
                0x000000000800fdd4       0x48 ../lib-rdm/lib_gd32/librdm.a(rdmhandlere1372.o)
                0x000000000800fdd4                RDMHandler::SetDHCPMode(bool, unsigned short)
 .text._ZN10RDMHandler14GetNameServersEt
                0x000000000800fe1c       0x22 ../lib-rdm/lib_gd32/librdm.a(rdmhandlere1372.o)
                0x000000000800fe1c                RDMHandler::GetNameServers(unsigned short)
 *fill*         0x000000000800fe3e        0x2 
 .text._ZN10RDMHandler11GetZeroconfEt
                0x000000000800fe40       0x30 ../lib-rdm/lib_gd32/librdm.a(rdmhandlere1372.o)
                0x000000000800fe40                RDMHandler::GetZeroconf(unsigned short)
 .text._ZN10RDMHandler11SetZeroconfEbt
                0x000000000800fe70       0x48 ../lib-rdm/lib_gd32/librdm.a(rdmhandlere1372.o)
                0x000000000800fe70                RDMHandler::SetZeroconf(bool, unsigned short)
 .text._ZN10RDMHandler9RenewDhcpEbt
                0x000000000800feb8       0x2c ../lib-rdm/lib_gd32/librdm.a(rdmhandlere1372.o)
                0x000000000800feb8                RDMHandler::RenewDhcp(bool, unsigned short)
 .text._ZN10RDMHandler17GetAddressNetmaskEt
                0x000000000800fee4       0x48 ../lib-rdm/lib_gd32/librdm.a(rdmhandlere1372.o)
                0x000000000800fee4                RDMHandler::GetAddressNetmask(unsigned short)
 .text._ZN10RDMHandler16GetStaticAddressEt
                0x000000000800ff2c       0x44 ../lib-rdm/lib_gd32/librdm.a(rdmhandlere1372.o)
                0x000000000800ff2c                RDMHandler::GetStaticAddress(unsigned short)
 .text._ZN10RDMHandler16SetStaticAddressEbt
                0x000000000800ff70       0x4c ../lib-rdm/lib_gd32/librdm.a(rdmhandlere1372.o)
                0x000000000800ff70                RDMHandler::SetStaticAddress(bool, unsigned short)
 .text._ZN10RDMHandler18ApplyConfigurationEbt
                0x000000000800ffbc       0x28 ../lib-rdm/lib_gd32/librdm.a(rdmhandlere1372.o)
                0x000000000800ffbc                RDMHandler::ApplyConfiguration(bool, unsigned short)
 .text._ZN10RDMHandler15GetDefaultRouteEt
                0x000000000800ffe4       0x38 ../lib-rdm/lib_gd32/librdm.a(rdmhandlere1372.o)
                0x000000000800ffe4                RDMHandler::GetDefaultRoute(unsigned short)
 .text._ZN10RDMHandler15SetDefaultRouteEbt
                0x000000000801001c        0x6 ../lib-rdm/lib_gd32/librdm.a(rdmhandlere1372.o)
                0x000000000801001c                RDMHandler::SetDefaultRoute(bool, unsigned short)
 *fill*         0x0000000008010022        0x2 
 .text._ZN10RDMHandler11GetHostNameEt
                0x0000000008010024       0x30 ../lib-rdm/lib_gd32/librdm.a(rdmhandlere1372.o)
                0x0000000008010024                RDMHandler::GetHostName(unsigned short)
 .text._ZN10RDMHandler11SetHostNameEbt
                0x0000000008010054       0x34 ../lib-rdm/lib_gd32/librdm.a(rdmhandlere1372.o)
                0x0000000008010054                RDMHandler::SetHostName(bool, unsigned short)
 .text._ZN10RDMHandler13GetDomainNameEt
                0x0000000008010088       0x30 ../lib-rdm/lib_gd32/librdm.a(rdmhandlere1372.o)
                0x0000000008010088                RDMHandler::GetDomainName(unsigned short)
 .text._ZN10RDMHandler13SetDomainNameEbt
                0x00000000080100b8        0x6 ../lib-rdm/lib_gd32/librdm.a(rdmhandlere1372.o)
                0x00000000080100b8                RDMHandler::SetDomainName(bool, unsigned short)
 *fill*         0x00000000080100be        0x2 
 .text._ZN9RDMDeviceC2Ev
                0x00000000080100c0       0xe8 ../lib-rdm/lib_gd32/librdm.a(rdmdevice.o)
                0x00000000080100c0                RDMDevice::RDMDevice()
                0x00000000080100c0                RDMDevice::RDMDevice()
 .text._ZN9RDMDevice5PrintEv
                0x00000000080101a8       0x84 ../lib-rdm/lib_gd32/librdm.a(rdmdevice.o)
                0x00000000080101a8                RDMDevice::Print()
 .text.uuid_unparse_x
                0x000000000801022c       0x86 ../lib-uuid/lib_gd32/libuuid.a(uuid_unparse.o)
 *fill*         0x00000000080102b2        0x2 
 .text.uuid_unparse
                0x00000000080102b4        0xc ../lib-uuid/lib_gd32/libuuid.a(uuid_unparse.o)
                0x00000000080102b4                uuid_unparse
 .text._ZN7DmxSendD2Ev
                0x00000000080102c0        0x2 ../lib-dmxsend/lib_gd32/libdmxsend.a(dmxsend.o)
                0x00000000080102c0                DmxSend::~DmxSend()
                0x00000000080102c0                DmxSend::~DmxSend()
 *fill*         0x00000000080102c2        0x2 
 .text._ZN7DmxSend5StartEj
                0x00000000080102c4       0x30 ../lib-dmxsend/lib_gd32/libdmxsend.a(dmxsend.o)
                0x00000000080102c4                DmxSend::Start(unsigned int)
 .text._ZN7DmxSend4StopEj
                0x00000000080102f4       0x38 ../lib-dmxsend/lib_gd32/libdmxsend.a(dmxsend.o)
                0x00000000080102f4                DmxSend::Stop(unsigned int)
 .text._ZN7DmxSend7SetDataEjPKhj
                0x000000000801032c       0x10 ../lib-dmxsend/lib_gd32/libdmxsend.a(dmxsend.o)
                0x000000000801032c                DmxSend::SetData(unsigned int, unsigned char const*, unsigned int)
 .text._ZN7DmxSend8BlackoutEb
                0x000000000801033c        0xc ../lib-dmxsend/lib_gd32/libdmxsend.a(dmxsend.o)
                0x000000000801033c                DmxSend::Blackout(bool)
 .text._ZN7DmxSend6FullOnEv
                0x0000000008010348        0xc ../lib-dmxsend/lib_gd32/libdmxsend.a(dmxsend.o)
                0x0000000008010348                DmxSend::FullOn()
 .text._ZN7DmxSend5PrintEv
                0x0000000008010354       0x58 ../lib-dmxsend/lib_gd32/libdmxsend.a(dmxsend.o)
                0x0000000008010354                DmxSend::Print()
 .text._ZN7DmxSendD0Ev
                0x00000000080103ac        0xc ../lib-dmxsend/lib_gd32/libdmxsend.a(dmxsend.o)
                0x00000000080103ac                DmxSend::~DmxSend()
 .text._ZN17PropertiesBuilder3AddItEEbPKcT_bj.isra.0
                0x00000000080103b8       0x50 ../lib-dmx/lib_gd32/libdmx.a(dmxparams.o)
 .text._ZN9DmxParamsC2EP14DmxParamsStore
                0x0000000008010408       0x18 ../lib-dmx/lib_gd32/libdmx.a(dmxparams.o)
                0x0000000008010408                DmxParams::DmxParams(DmxParamsStore*)
                0x0000000008010408                DmxParams::DmxParams(DmxParamsStore*)
 .text._ZN9DmxParams4LoadEv
                0x0000000008010420       0x18 ../lib-dmx/lib_gd32/libdmx.a(dmxparams.o)
                0x0000000008010420                DmxParams::Load()
 .text._ZN9DmxParams4LoadEPKcj
                0x0000000008010438       0x40 ../lib-dmx/lib_gd32/libdmx.a(dmxparams.o)
                0x0000000008010438                DmxParams::Load(char const*, unsigned int)
 .text._ZN9DmxParams16callbackFunctionEPKc
                0x0000000008010478       0xcc ../lib-dmx/lib_gd32/libdmx.a(dmxparams.o)
                0x0000000008010478                DmxParams::callbackFunction(char const*)
 .text._ZN9DmxParams22staticCallbackFunctionEPvPKc
                0x0000000008010544        0x4 ../lib-dmx/lib_gd32/libdmx.a(dmxparams.o)
                0x0000000008010544                DmxParams::staticCallbackFunction(void*, char const*)
 .text._ZN9DmxParams7BuilderEPK10TDmxParamsPcjRj
                0x0000000008010548      0x104 ../lib-dmx/lib_gd32/libdmx.a(dmxparams.o)
                0x0000000008010548                DmxParams::Builder(TDmxParams const*, char*, unsigned int, unsigned int&)
 .text._ZN9DmxParams4SaveEPcjRj
                0x000000000801064c       0x1a ../lib-dmx/lib_gd32/libdmx.a(dmxparams.o)
                0x000000000801064c                DmxParams::Save(char*, unsigned int, unsigned int&)
 *fill*         0x0000000008010666        0x2 
 .text._ZN9DmxParams3SetEP3Dmx
                0x0000000008010668       0x5c ../lib-dmx/lib_gd32/libdmx.a(dmxparams.o)
                0x0000000008010668                DmxParams::Set(Dmx*)
 .text._ZN9DmxParams4DumpEv
                0x00000000080106c4        0x2 ../lib-dmx/lib_gd32/libdmx.a(dmxparams.o)
                0x00000000080106c4                DmxParams::Dump()
 .text._ZL17_gpio_mode_outputjj
                0x00000000080106c6       0x20 ../lib-dmx/lib_gd32/libdmx.a(dmx.o)
 *fill*         0x00000000080106e6        0x2 
 .text._ZL13_port_to_uartj
                0x00000000080106e8       0x18 ../lib-dmx/lib_gd32/libdmx.a(dmx.o)
 .text.TIMER1_IRQHandler
                0x0000000008010700      0x148 ../lib-dmx/lib_gd32/libdmx.a(dmx.o)
                0x0000000008010700                TIMER1_IRQHandler
 .text._ZN3Dmx9ClearDataEj
                0x0000000008010848       0x30 ../lib-dmx/lib_gd32/libdmx.a(dmx.o)
                0x0000000008010848                Dmx::ClearData(unsigned int)
 .text._ZN3Dmx9StartDataEjj
                0x0000000008010878      0x138 ../lib-dmx/lib_gd32/libdmx.a(dmx.o)
                0x0000000008010878                Dmx::StartData(unsigned int, unsigned int)
 .text._ZN3Dmx8StopDataEjj
                0x00000000080109b0       0x8c ../lib-dmx/lib_gd32/libdmx.a(dmx.o)
                0x00000000080109b0                Dmx::StopData(unsigned int, unsigned int)
 .text._ZN3Dmx16SetPortDirectionEjN3dmx13PortDirectionEb
                0x0000000008010a3c       0x78 ../lib-dmx/lib_gd32/libdmx.a(dmx.o)
                0x0000000008010a3c                Dmx::SetPortDirection(unsigned int, dmx::PortDirection, bool)
 .text._ZN3DmxC2Ev
                0x0000000008010ab4      0x168 ../lib-dmx/lib_gd32/libdmx.a(dmx.o)
                0x0000000008010ab4                Dmx::Dmx()
                0x0000000008010ab4                Dmx::Dmx()
 .text._ZN3Dmx16SetDmxPeriodTimeEj
                0x0000000008010c1c       0x50 ../lib-dmx/lib_gd32/libdmx.a(dmx.o)
                0x0000000008010c1c                Dmx::SetDmxPeriodTime(unsigned int)
 .text._ZN3Dmx15SetDmxBreakTimeEj
                0x0000000008010c6c       0x14 ../lib-dmx/lib_gd32/libdmx.a(dmx.o)
                0x0000000008010c6c                Dmx::SetDmxBreakTime(unsigned int)
 .text._ZN3Dmx13SetDmxMabTimeEj
                0x0000000008010c80       0x14 ../lib-dmx/lib_gd32/libdmx.a(dmx.o)
                0x0000000008010c80                Dmx::SetDmxMabTime(unsigned int)
 .text._ZN3Dmx11SetDmxSlotsEt
                0x0000000008010c94       0x2a ../lib-dmx/lib_gd32/libdmx.a(dmx.o)
                0x0000000008010c94                Dmx::SetDmxSlots(unsigned short)
 *fill*         0x0000000008010cbe        0x2 
 .text._ZN3Dmx24SetPortSendDataWithoutSCEjPKhj
                0x0000000008010cc0       0x4c ../lib-dmx/lib_gd32/libdmx.a(dmx.o)
                0x0000000008010cc0                Dmx::SetPortSendDataWithoutSC(unsigned int, unsigned char const*, unsigned int)
 .text._ZN3Dmx8BlackoutEv
                0x0000000008010d0c       0x88 ../lib-dmx/lib_gd32/libdmx.a(dmx.o)
                0x0000000008010d0c                Dmx::Blackout()
 .text._ZN3Dmx6FullOnEv
                0x0000000008010d94       0x88 ../lib-dmx/lib_gd32/libdmx.a(dmx.o)
                0x0000000008010d94                Dmx::FullOn()
 .text._ZN14WS28xxDmxMulti18SetDmxStartAddressEt
                0x0000000008010e1c        0x4 ../lib-ws28xxdmx/lib_gd32/libws28xxdmx.a(ws28xxdmxmulti.o)
                0x0000000008010e1c                WS28xxDmxMulti::SetDmxStartAddress(unsigned short)
 .text._ZN14WS28xxDmxMulti18GetDmxStartAddressEv
                0x0000000008010e20        0x6 ../lib-ws28xxdmx/lib_gd32/libws28xxdmx.a(ws28xxdmxmulti.o)
                0x0000000008010e20                WS28xxDmxMulti::GetDmxStartAddress()
 .text._ZN14WS28xxDmxMulti15GetDmxFootprintEv
                0x0000000008010e26        0x4 ../lib-ws28xxdmx/lib_gd32/libws28xxdmx.a(ws28xxdmxmulti.o)
                0x0000000008010e26                WS28xxDmxMulti::GetDmxFootprint()
 .text._ZN14WS28xxDmxMulti5StartEj
                0x0000000008010e2a       0x22 ../lib-ws28xxdmx/lib_gd32/libws28xxdmx.a(ws28xxdmxmulti.o)
                0x0000000008010e2a                WS28xxDmxMulti::Start(unsigned int)
 .text._ZN14WS28xxDmxMultiD2Ev
                0x0000000008010e4c       0x20 ../lib-ws28xxdmx/lib_gd32/libws28xxdmx.a(ws28xxdmxmulti.o)
                0x0000000008010e4c                WS28xxDmxMulti::~WS28xxDmxMulti()
                0x0000000008010e4c                WS28xxDmxMulti::~WS28xxDmxMulti()
 .text._ZN14WS28xxDmxMultiD0Ev
                0x0000000008010e6c       0x12 ../lib-ws28xxdmx/lib_gd32/libws28xxdmx.a(ws28xxdmxmulti.o)
                0x0000000008010e6c                WS28xxDmxMulti::~WS28xxDmxMulti()
 .text._ZN14WS28xxDmxMulti8BlackoutEb
                0x0000000008010e7e       0x28 ../lib-ws28xxdmx/lib_gd32/libws28xxdmx.a(ws28xxdmxmulti.o)
                0x0000000008010e7e                WS28xxDmxMulti::Blackout(bool)
 .text._ZN14WS28xxDmxMulti7SetDataEjPKhj
                0x0000000008010ea6      0x11a ../lib-ws28xxdmx/lib_gd32/libws28xxdmx.a(ws28xxdmxmulti.o)
                0x0000000008010ea6                WS28xxDmxMulti::SetData(unsigned int, unsigned char const*, unsigned int)
 .text._ZN14WS28xxDmxMulti6FullOnEv
                0x0000000008010fc0       0x18 ../lib-ws28xxdmx/lib_gd32/libws28xxdmx.a(ws28xxdmxmulti.o)
                0x0000000008010fc0                WS28xxDmxMulti::FullOn()
 .text._ZN14WS28xxDmxMulti5PrintEv
                0x0000000008010fd8        0x6 ../lib-ws28xxdmx/lib_gd32/libws28xxdmx.a(ws28xxdmxmulti.o)
                0x0000000008010fd8                WS28xxDmxMulti::Print()
 .text._ZN14WS28xxDmxMulti4StopEj
                0x0000000008010fde       0x22 ../lib-ws28xxdmx/lib_gd32/libws28xxdmx.a(ws28xxdmxmulti.o)
                0x0000000008010fde                WS28xxDmxMulti::Stop(unsigned int)
 .text._ZN14WS28xxDmxMultiC2ER21PixelDmxConfiguration
                0x0000000008011000       0x5c ../lib-ws28xxdmx/lib_gd32/libws28xxdmx.a(ws28xxdmxmulti.o)
                0x0000000008011000                WS28xxDmxMulti::WS28xxDmxMulti(PixelDmxConfiguration&)
                0x0000000008011000                WS28xxDmxMulti::WS28xxDmxMulti(PixelDmxConfiguration&)
 .text._ZN17PropertiesBuilder3AddIhEEbPKcT_bj.isra.0